09-22 03:12:07.764 W/ContextImpl( 3697): Failed to ensure directory: /storage/usb0/Android/data/com.taobao.taobao/files
09-22 03:12:07.765 E/Vold    ( 1734): Failed to find mounted volume for /storage/usb1/Android/data/com.taobao.taobao/files/
09-22 03:12:07.765 W/ContextImpl( 3697): Failed to ensure directory: /storage/usb1/Android/data/com.taobao.taobao/files
09-22 03:12:07.766 E/Vold    ( 1734): Failed to find mounted volume for /storage/usb2/Android/data/com.taobao.taobao/files/
09-22 03:12:07.766 W/ContextImpl( 3697): Failed to ensure directory: /storage/usb2/Android/data/com.taobao.taobao/files
09-22 03:12:07.767 E/Vold    ( 1734): Failed to find mounted volume for /storage/usb3/Android/data/com.taobao.taobao/files/
09-22 03:12:07.767 W/ContextImpl( 3697): Failed to ensure directory: /storage/usb3/Android/data/com.taobao.taobao/files
09-22 03:12:07.768 E/Vold    ( 1734): Failed to find mounted volume for /storage/sdcard1/Android/data/com.taobao.taobao/files/
09-22 03:12:07.768 W/ContextImpl( 3697): Failed to ensure directory: /storage/sdcard1/Android/data/com.taobao.taobao/files
09-22 03:12:07.784 E/Vold    ( 1734): Failed to find mounted volume for /storage/usb0/Android/data/com.taobao.taobao/files/
09-22 03:12:07.784 W/ContextImpl( 3697): Failed to ensure directory: /storage/usb0/Android/data/com.taobao.taobao/files
09-22 03:12:07.785 E/Vold    ( 1734): Failed to find mounted volume for /storage/usb1/Android/data/com.taobao.taobao/files/
09-22 03:12:07.785 W/ContextImpl( 3697): Failed to ensure directory: /storage/usb1/Android/data/com.taobao.taobao/files
09-22 03:12:07.786 E/Vold    ( 1734): Failed to find mounted volume for /storage/usb2/Android/data/com.taobao.taobao/files/
09-22 03:12:07.786 W/ContextImpl( 3697): Failed to ensure directory: /storage/usb2/Android/data/com.taobao.taobao/files
09-22 03:12:07.787 E/Vold    ( 1734): Failed to find mounted volume for /storage/usb3/Android/data/com.taobao.taobao/files/
09-22 03:12:07.787 W/ContextImpl( 3697): Failed to ensure directory: /storage/usb3/Android/data/com.taobao.taobao/files
09-22 03:12:07.788 E/Vold    ( 1734): Failed to find mounted volume for /storage/sdcard1/Android/data/com.taobao.taobao/files/
09-22 03:12:07.788 W/ContextImpl( 3697): Failed to ensure directory: /storage/sdcard1/Android/data/com.taobao.taobao/files
09-22 03:12:07.795 E/Vold    ( 1734): Failed to find mounted volume for /storage/usb0/Android/data/com.taobao.taobao/files/
09-22 03:12:07.795 W/ContextImpl( 3697): Failed to ensure directory: /storage/usb0/Android/data/com.taobao.taobao/files
09-22 03:12:07.796 E/Vold    ( 1734): Failed to find mounted volume for /storage/usb1/Android/data/com.taobao.taobao/files/
09-22 03:12:07.796 W/ContextImpl( 3697): Failed to ensure directory: /storage/usb1/Android/data/com.taobao.taobao/files
09-22 03:12:07.797 E/Vold    ( 1734): Failed to find mounted volume for /storage/usb2/Android/data/com.taobao.taobao/files/
09-22 03:12:07.797 W/ContextImpl( 3697): Failed to ensure directory: /storage/usb2/Android/data/com.taobao.taobao/files
09-22 03:12:07.798 E/Vold    ( 1734): Failed to find mounted volume for /storage/usb3/Android/data/com.taobao.taobao/files/
09-22 03:12:07.798 W/ContextImpl( 3697): Failed to ensure directory: /storage/usb3/Android/data/com.taobao.taobao/files
09-22 03:12:07.799 E/Vold    ( 1734): Failed to find mounted volume for /storage/sdcard1/Android/data/com.taobao.taobao/files/
09-22 03:12:07.799 W/ContextImpl( 3697): Failed to ensure directory: /storage/sdcard1/Android/data/com.taobao.taobao/files
09-22 03:12:07.800 E/Vold    ( 1734): Failed to find mounted volume for /storage/usb0/Android/data/com.taobao.taobao/files/
09-22 03:12:07.800 W/ContextImpl( 3697): Failed to ensure directory: /storage/usb0/Android/data/com.taobao.taobao/files
09-22 03:12:07.801 E/Vold    ( 1734): Failed to find mounted volume for /storage/usb1/Android/data/com.taobao.taobao/files/
09-22 03:12:07.801 W/ContextImpl( 3697): Failed to ensure directory: /storage/usb1/Android/data/com.taobao.taobao/files
09-22 03:12:07.802 E/Vold    ( 1734): Failed to find mounted volume for /storage/usb2/Android/data/com.taobao.taobao/files/
09-22 03:12:07.802 W/ContextImpl( 3697): Failed to ensure directory: /storage/usb2/Android/data/com.taobao.taobao/files
09-22 03:12:07.803 E/Vold    ( 1734): Failed to find mounted volume for /storage/usb3/Android/data/com.taobao.taobao/files/
09-22 03:12:07.804 W/ContextImpl( 3697): Failed to ensure directory: /storage/usb3/Android/data/com.taobao.taobao/files
09-22 03:12:07.804 E/Vold    ( 1734): Failed to find mounted volume for /storage/sdcard1/Android/data/com.taobao.taobao/files/
09-22 03:12:07.805 W/ContextImpl( 3697): Failed to ensure directory: /storage/sdcard1/Android/data/com.taobao.taobao/files
09-22 03:12:07.806 E/Vold    ( 1734): Failed to find mounted volume for /storage/usb0/Android/data/com.taobao.taobao/files/
09-22 03:12:07.806 W/ContextImpl( 3697): Failed to ensure directory: /storage/usb0/Android/data/com.taobao.taobao/files
09-22 03:12:07.807 E/Vold    ( 1734): Failed to find mounted volume for /storage/usb1/Android/data/com.taobao.taobao/files/
09-22 03:12:07.808 W/ContextImpl( 3697): Failed to ensure directory: /storage/usb1/Android/data/com.taobao.taobao/files
09-22 03:12:07.808 E/Vold    ( 1734): Failed to find mounted volume for /storage/usb2/Android/data/com.taobao.taobao/files/
09-22 03:12:07.809 W/ContextImpl( 3697): Failed to ensure directory: /storage/usb2/Android/data/com.taobao.taobao/files
09-22 03:12:07.810 E/Vold    ( 1734): Failed to find mounted volume for /storage/usb3/Android/data/com.taobao.taobao/files/
09-22 03:12:07.810 W/ContextImpl( 3697): Failed to ensure directory: /storage/usb3/Android/data/com.taobao.taobao/files
09-22 03:12:07.811 E/Vold    ( 1734): Failed to find mounted volume for /storage/sdcard1/Android/data/com.taobao.taobao/files/
09-22 03:12:07.811 W/ContextImpl( 3697): Failed to ensure directory: /storage/sdcard1/Android/data/com.taobao.taobao/files
09-22 03:12:07.819 I/ActivityManager( 2035): START u0 {flg=0x10000000 cmp=com.seafile.seadroid2/.ui.activity.BrowserActivity} from uid 1000 on display 0
09-22 03:12:07.819 W/ActivityManager( 2035): getRunningAppProcesses: caller 10078 does not hold REAL_GET_TASKS; limiting output
09-22 03:12:07.823 E/Vold    ( 1734): Failed to find mounted volume for /storage/usb0/Android/data/com.taobao.taobao/files/
09-22 03:12:07.823 W/ContextImpl( 3697): Failed to ensure directory: /storage/usb0/Android/data/com.taobao.taobao/files
09-22 03:12:07.824 E/Vold    ( 1734): Failed to find mounted volume for /storage/usb1/Android/data/com.taobao.taobao/files/
09-22 03:12:07.825 V/WindowManager( 2035): ++++xiej, 04-13,7:26, getOrientationFromAppTokensLocked
09-22 03:12:07.825 W/ContextImpl( 3697): Failed to ensure directory: /storage/usb1/Android/data/com.taobao.taobao/files
09-22 03:12:07.827 E/Vold    ( 1734): Failed to find mounted volume for /storage/usb2/Android/data/com.taobao.taobao/files/
09-22 03:12:07.827 W/ContextImpl( 3697): Failed to ensure directory: /storage/usb2/Android/data/com.taobao.taobao/files
09-22 03:12:07.828 E/Vold    ( 1734): Failed to find mounted volume for /storage/usb3/Android/data/com.taobao.taobao/files/
09-22 03:12:07.829 W/ContextImpl( 3697): Failed to ensure directory: /storage/usb3/Android/data/com.taobao.taobao/files
09-22 03:12:07.830 E/Vold    ( 1734): Failed to find mounted volume for /storage/sdcard1/Android/data/com.taobao.taobao/files/
09-22 03:12:07.830 W/ContextImpl( 3697): Failed to ensure directory: /storage/sdcard1/Android/data/com.taobao.taobao/files
09-22 03:12:07.831 V/WindowManager( 2035): ++++xiej, 04-13,7:26, getOrientationFromAppTokensLocked
09-22 03:12:07.833 W/WindowManager( 2035): Attempted to add existing app token: Token{250ec21b ActivityRecord{6fc042a u0 com.android.documentsui/.StartupMenuActivity t47}}
09-22 03:12:07.838 V/WindowManager( 2035): addAppToken: AppWindowToken{30015912 token=Token{3c5509d ActivityRecord{11c59374 u0 com.seafile.seadroid2/.ui.activity.BrowserActivity t48}}} to stack=3 task=48 at 0
09-22 03:12:07.841 E/Vold    ( 1734): Failed to find mounted volume for /storage/usb0/Android/data/com.taobao.taobao/files/
09-22 03:12:07.841 W/ContextImpl( 3697): Failed to ensure directory: /storage/usb0/Android/data/com.taobao.taobao/files
09-22 03:12:07.842 E/Vold    ( 1734): Failed to find mounted volume for /storage/usb1/Android/data/com.taobao.taobao/files/
09-22 03:12:07.843 W/ContextImpl( 3697): Failed to ensure directory: /storage/usb1/Android/data/com.taobao.taobao/files
09-22 03:12:07.844 V/WindowManager( 2035): Adding window Window{354ef655 u0 Starting com.seafile.seadroid2} at 3 of 7 (after Window{2708df8a u0 com.android.documentsui/com.android.documentsui.StartupMenuActivity})
09-22 03:12:07.846 E/Vold    ( 1734): Failed to find mounted volume for /storage/usb2/Android/data/com.taobao.taobao/files/
09-22 03:12:07.846 W/ContextImpl( 3697): Failed to ensure directory: /storage/usb2/Android/data/com.taobao.taobao/files
09-22 03:12:07.848 E/Vold    ( 1734): Failed to find mounted volume for /storage/usb3/Android/data/com.taobao.taobao/files/
09-22 03:12:07.849 W/ContextImpl( 3697): Failed to ensure directory: /storage/usb3/Android/data/com.taobao.taobao/files
09-22 03:12:07.853 E/Vold    ( 1734): Failed to find mounted volume for /storage/sdcard1/Android/data/com.taobao.taobao/files/
09-22 03:12:07.853 V/WindowManager( 2035): ++++xiej, 04-13,7:26, getOrientationFromAppTokensLocked
09-22 03:12:07.854 W/ContextImpl( 3697): Failed to ensure directory: /storage/sdcard1/Android/data/com.taobao.taobao/files
09-22 03:12:07.872 I/ActivityManager( 2035): Start proc 3908:com.seafile.seadroid2/u0a63 for activity com.seafile.seadroid2/.ui.activity.BrowserActivity
09-22 03:12:07.874 E/InputEventReceiver( 3398): Exception dispatching input event.
09-22 03:12:07.874 E/MessageQueue-JNI( 3398): Exception in MessageQueue callback: handleReceiveCallback
09-22 03:12:07.886 I/PackageManager( 2035): Running dexopt on: /data/app/com.seafile.seadroid2/com.seafile.seadroid2.apk pkg=com.seafile.seadroid2 isa=x86_64 vmSafeMode=false
09-22 03:12:07.892 E/Vold    ( 1734): Failed to find mounted volume for /storage/usb0/Android/data/com.taobao.taobao/files/
09-22 03:12:07.893 W/ContextImpl( 3697): Failed to ensure directory: /storage/usb0/Android/data/com.taobao.taobao/files
09-22 03:12:07.893 E/Vold    ( 1734): Failed to find mounted volume for /storage/usb1/Android/data/com.taobao.taobao/files/
09-22 03:12:07.894 W/ContextImpl( 3697): Failed to ensure directory: /storage/usb1/Android/data/com.taobao.taobao/files
09-22 03:12:07.894 E/Vold    ( 1734): Failed to find mounted volume for /storage/usb2/Android/data/com.taobao.taobao/files/
09-22 03:12:07.894 W/ContextImpl( 3697): Failed to ensure directory: /storage/usb2/Android/data/com.taobao.taobao/files
09-22 03:12:07.895 E/Vold    ( 1734): Failed to find mounted volume for /storage/usb3/Android/data/com.taobao.taobao/files/
09-22 03:12:07.895 W/ContextImpl( 3697): Failed to ensure directory: /storage/usb3/Android/data/com.taobao.taobao/files
09-22 03:12:07.896 E/Vold    ( 1734): Failed to find mounted volume for /storage/sdcard1/Android/data/com.taobao.taobao/files/
09-22 03:12:07.896 W/ContextImpl( 3697): Failed to ensure directory: /storage/sdcard1/Android/data/com.taobao.taobao/files
09-22 03:12:07.897 E/Vold    ( 1734): Failed to find mounted volume for /storage/usb0/Android/data/com.taobao.taobao/files/
09-22 03:12:07.897 W/ContextImpl( 3697): Failed to ensure directory: /storage/usb0/Android/data/com.taobao.taobao/files
09-22 03:12:07.897 E/Vold    ( 1734): Failed to find mounted volume for /storage/usb1/Android/data/com.taobao.taobao/files/
09-22 03:12:07.897 W/ContextImpl( 3697): Failed to ensure directory: /storage/usb1/Android/data/com.taobao.taobao/files
09-22 03:12:07.898 E/Vold    ( 1734): Failed to find mounted volume for /storage/usb2/Android/data/com.taobao.taobao/files/
09-22 03:12:07.898 W/ContextImpl( 3697): Failed to ensure directory: /storage/usb2/Android/data/com.taobao.taobao/files
09-22 03:12:07.899 E/Vold    ( 1734): Failed to find mounted volume for /storage/usb3/Android/data/com.taobao.taobao/files/
09-22 03:12:07.899 W/ContextImpl( 3697): Failed to ensure directory: /storage/usb3/Android/data/com.taobao.taobao/files
09-22 03:12:07.900 E/Vold    ( 1734): Failed to find mounted volume for /storage/sdcard1/Android/data/com.taobao.taobao/files/
09-22 03:12:07.901 W/ContextImpl( 3697): Failed to ensure directory: /storage/sdcard1/Android/data/com.taobao.taobao/files
09-22 03:12:07.902 E/Vold    ( 1734): Failed to find mounted volume for /storage/usb0/Android/data/com.taobao.taobao/files/
09-22 03:12:07.903 W/ContextImpl( 3697): Failed to ensure directory: /storage/usb0/Android/data/com.taobao.taobao/files
09-22 03:12:07.903 E/Vold    ( 1734): Failed to find mounted volume for /storage/usb1/Android/data/com.taobao.taobao/files/
09-22 03:12:07.904 W/ContextImpl( 3697): Failed to ensure directory: /storage/usb1/Android/data/com.taobao.taobao/files
09-22 03:12:07.904 E/Vold    ( 1734): Failed to find mounted volume for /storage/usb2/Android/data/com.taobao.taobao/files/
09-22 03:12:07.904 W/ContextImpl( 3697): Failed to ensure directory: /storage/usb2/Android/data/com.taobao.taobao/files
09-22 03:12:07.905 E/Vold    ( 1734): Failed to find mounted volume for /storage/usb3/Android/data/com.taobao.taobao/files/
09-22 03:12:07.905 W/ContextImpl( 3697): Failed to ensure directory: /storage/usb3/Android/data/com.taobao.taobao/files
09-22 03:12:07.906 E/Vold    ( 1734): Failed to find mounted volume for /storage/sdcard1/Android/data/com.taobao.taobao/files/
09-22 03:12:07.906 W/ContextImpl( 3697): Failed to ensure directory: /storage/sdcard1/Android/data/com.taobao.taobao/files
09-22 03:12:07.906 E/Vold    ( 1734): Failed to find mounted volume for /storage/usb0/Android/data/com.taobao.taobao/files/
09-22 03:12:07.906 W/ContextImpl( 3697): Failed to ensure directory: /storage/usb0/Android/data/com.taobao.taobao/files
09-22 03:12:07.907 E/Vold    ( 1734): Failed to find mounted volume for /storage/usb1/Android/data/com.taobao.taobao/files/
09-22 03:12:07.907 W/ContextImpl( 3697): Failed to ensure directory: /storage/usb1/Android/data/com.taobao.taobao/files
09-22 03:12:07.907 E/Vold    ( 1734): Failed to find mounted volume for /storage/usb2/Android/data/com.taobao.taobao/files/
09-22 03:12:07.907 W/ContextImpl( 3697): Failed to ensure directory: /storage/usb2/Android/data/com.taobao.taobao/files
09-22 03:12:07.907 E/Vold    ( 1734): Failed to find mounted volume for /storage/usb3/Android/data/com.taobao.taobao/files/
09-22 03:12:07.908 W/ContextImpl( 3697): Failed to ensure directory: /storage/usb3/Android/data/com.taobao.taobao/files
09-22 03:12:07.908 E/Vold    ( 1734): Failed to find mounted volume for /storage/sdcard1/Android/data/com.taobao.taobao/files/
09-22 03:12:07.908 W/ContextImpl( 3697): Failed to ensure directory: /storage/sdcard1/Android/data/com.taobao.taobao/files
09-22 03:12:07.908 E/Vold    ( 1734): Failed to find mounted volume for /storage/usb0/Android/data/com.taobao.taobao/files/
09-22 03:12:07.908 W/ContextImpl( 3697): Failed to ensure directory: /storage/usb0/Android/data/com.taobao.taobao/files
09-22 03:12:07.909 E/Vold    ( 1734): Failed to find mounted volume for /storage/usb1/Android/data/com.taobao.taobao/files/
09-22 03:12:07.909 W/ContextImpl( 3697): Failed to ensure directory: /storage/usb1/Android/data/com.taobao.taobao/files
09-22 03:12:07.909 E/Vold    ( 1734): Failed to find mounted volume for /storage/usb2/Android/data/com.taobao.taobao/files/
09-22 03:12:07.909 W/ContextImpl( 3697): Failed to ensure directory: /storage/usb2/Android/data/com.taobao.taobao/files
09-22 03:12:07.909 E/Vold    ( 1734): Failed to find mounted volume for /storage/usb3/Android/data/com.taobao.taobao/files/
09-22 03:12:07.910 W/ContextImpl( 3697): Failed to ensure directory: /storage/usb3/Android/data/com.taobao.taobao/files
09-22 03:12:07.910 E/Vold    ( 1734): Failed to find mounted volume for /storage/sdcard1/Android/data/com.taobao.taobao/files/
09-22 03:12:07.910 W/ContextImpl( 3697): Failed to ensure directory: /storage/sdcard1/Android/data/com.taobao.taobao/files
09-22 03:12:07.926 V/WindowManager( 2035): ++++xiej, 04-13,7:26, getOrientationFromAppTokensLocked
09-22 03:12:08.000 V/ProxyFactroy( 3835): getInstance[base] successfully
09-22 03:12:08.034 V/Agoo    ( 3835): agoo_logger_path[/storage/emulated/0/_agoo_log_bin_]
09-22 03:12:08.035 D/ControlService( 3835): onHandleIntent [com.taobao.apad][android.net.conn.CONNECTIVITY_CHANGE]
09-22 03:12:08.036 D/ControlService( 3835): handleError:ERROR_APPKEY_NULL
09-22 03:12:08.036 W/BaseIntentService( 3835): callError[ERROR_APPKEY_NULL]
09-22 03:12:08.070 W/linker  ( 3928): [vdso]: unused DT entry: type 0x6ffffef5 arg 0x160
09-22 03:12:08.071 E/Vold    ( 1734): Failed to find mounted volume for /storage/usb0/Android/data/com.taobao.taobao/files/
09-22 03:12:08.071 W/ContextImpl( 3697): Failed to ensure directory: /storage/usb0/Android/data/com.taobao.taobao/files
09-22 03:12:08.072 E/Vold    ( 1734): Failed to find mounted volume for /storage/usb1/Android/data/com.taobao.taobao/files/
09-22 03:12:08.072 W/ContextImpl( 3697): Failed to ensure directory: /storage/usb1/Android/data/com.taobao.taobao/files
09-22 03:12:08.073 E/Vold    ( 1734): Failed to find mounted volume for /storage/usb2/Android/data/com.taobao.taobao/files/
09-22 03:12:08.074 W/ContextImpl( 3697): Failed to ensure directory: /storage/usb2/Android/data/com.taobao.taobao/files
09-22 03:12:08.074 E/Vold    ( 1734): Failed to find mounted volume for /storage/usb3/Android/data/com.taobao.taobao/files/
09-22 03:12:08.075 W/ContextImpl( 3697): Failed to ensure directory: /storage/usb3/Android/data/com.taobao.taobao/files
09-22 03:12:08.075 E/Vold    ( 1734): Failed to find mounted volume for /storage/sdcard1/Android/data/com.taobao.taobao/files/
09-22 03:12:08.076 W/ContextImpl( 3697): Failed to ensure directory: /storage/sdcard1/Android/data/com.taobao.taobao/files
09-22 03:12:08.077 E/Vold    ( 1734): Failed to find mounted volume for /storage/usb0/Android/data/com.taobao.taobao/files/
09-22 03:12:08.077 W/ContextImpl( 3697): Failed to ensure directory: /storage/usb0/Android/data/com.taobao.taobao/files
09-22 03:12:08.078 E/Vold    ( 1734): Failed to find mounted volume for /storage/usb1/Android/data/com.taobao.taobao/files/
09-22 03:12:08.078 E/SQLiteOpenHelper( 3697): oldversion =4newVersion =4
09-22 03:12:08.078 W/ContextImpl( 3697): Failed to ensure directory: /storage/usb1/Android/data/com.taobao.taobao/files
09-22 03:12:08.079 E/Vold    ( 1734): Failed to find mounted volume for /storage/usb2/Android/data/com.taobao.taobao/files/
09-22 03:12:08.079 W/ContextImpl( 3697): Failed to ensure directory: /storage/usb2/Android/data/com.taobao.taobao/files
09-22 03:12:08.080 E/Vold    ( 1734): Failed to find mounted volume for /storage/usb3/Android/data/com.taobao.taobao/files/
09-22 03:12:08.080 W/ContextImpl( 3697): Failed to ensure directory: /storage/usb3/Android/data/com.taobao.taobao/files
09-22 03:12:08.081 E/Vold    ( 1734): Failed to find mounted volume for /storage/sdcard1/Android/data/com.taobao.taobao/files/
09-22 03:12:08.081 W/ContextImpl( 3697): Failed to ensure directory: /storage/sdcard1/Android/data/com.taobao.taobao/files
09-22 03:12:08.094 E/MessageQueue-JNI( 3398): android.database.CursorIndexOutOfBoundsException: Index 0 requested, with a size of 0
09-22 03:12:08.094 E/MessageQueue-JNI( 3398): 	at android.database.AbstractCursor.checkPosition(AbstractCursor.java:426)
09-22 03:12:08.094 E/MessageQueue-JNI( 3398): 	at android.database.AbstractWindowedCursor.checkPosition(AbstractWindowedCursor.java:136)
09-22 03:12:08.094 E/MessageQueue-JNI( 3398): 	at android.database.AbstractWindowedCursor.getInt(AbstractWindowedCursor.java:68)
09-22 03:12:08.094 E/MessageQueue-JNI( 3398): 	at com.android.documentsui.StartupMenuAdapter$1.onGenericMotion(StartupMenuAdapter.java:102)
09-22 03:12:08.094 E/MessageQueue-JNI( 3398): 	at android.view.View.dispatchGenericMotionEventInternal(View.java:8582)
09-22 03:12:08.094 E/MessageQueue-JNI( 3398): 	at android.view.View.dispatchGenericMotionEvent(View.java:8569)
09-22 03:12:08.094 E/MessageQueue-JNI( 3398): 	at android.view.ViewGroup.dispatchTransformedGenericPointerEvent(ViewGroup.java:1925)
09-22 03:12:08.094 E/MessageQueue-JNI( 3398): 	at android.view.ViewGroup.dispatchHoverEvent(ViewGroup.java:1664)
09-22 03:12:08.094 E/MessageQueue-JNI( 3398): 	at android.view.View.dispatchGenericMotionEvent(View.java:8559)
09-22 03:12:08.094 E/MessageQueue-JNI( 3398): 	at android.view.ViewGroup.dispatchTransformedGenericPointerEvent(ViewGroup.java:1925)
09-22 03:12:08.094 E/MessageQueue-JNI( 3398): 	at android.view.ViewGroup.dispatchHoverEvent(ViewGroup.java:1664)
09-22 03:12:08.094 E/MessageQueue-JNI( 3398): 	at android.view.View.dispatchGenericMotionEvent(View.java:8559)
09-22 03:12:08.094 E/MessageQueue-JNI( 3398): 	at android.view.ViewGroup.dispatchTransformedGenericPointerEvent(ViewGroup.java:1925)
09-22 03:12:08.094 E/MessageQueue-JNI( 3398): 	at android.view.ViewGroup.dispatchHoverEvent(ViewGroup.java:1664)
09-22 03:12:08.094 E/MessageQueue-JNI( 3398): 	at android.view.View.dispatchGenericMotionEvent(View.java:8559)
09-22 03:12:08.094 E/MessageQueue-JNI( 3398): 	at android.view.ViewGroup.dispatchTransformedGenericPointerEvent(ViewGroup.java:1925)
09-22 03:12:08.094 E/MessageQueue-JNI( 3398): 	at android.view.ViewGroup.dispatchHoverEvent(ViewGroup.java:1664)
09-22 03:12:08.094 E/MessageQueue-JNI( 3398): 	at android.view.View.dispatchGenericMotionEvent(View.java:8559)
09-22 03:12:08.094 E/MessageQueue-JNI( 3398): 	at android.view.ViewGroup.dispatchTransformedGenericPointerEvent(ViewGroup.java:1925)
09-22 03:12:08.094 E/MessageQueue-JNI( 3398): 	at android.view.ViewGroup.dispatchHoverEvent(ViewGroup.java:1664)
09-22 03:12:08.094 E/MessageQueue-JNI( 3398): 	at android.view.View.dispatchGenericMotionEvent(View.java:8559)
09-22 03:12:08.094 E/MessageQueue-JNI( 3398): 	at android.view.ViewGroup.dispatchTransformedGenericPointerEvent(ViewGroup.java:1925)
09-22 03:12:08.094 E/MessageQueue-JNI( 3398): 	at android.view.ViewGroup.dispatchHoverEvent(ViewGroup.java:1664)
09-22 03:12:08.094 E/MessageQueue-JNI( 3398): 	at android.view.View.dispatchGenericMotionEvent(View.java:8559)
09-22 03:12:08.094 E/MessageQueue-JNI( 3398): 	at android.view.ViewGroup.dispatchTransformedGenericPointerEvent(ViewGroup.java:1925)
09-22 03:12:08.094 E/MessageQueue-JNI( 3398): 	at android.view.ViewGroup.dispatchHoverEvent(ViewGroup.java:1664)
09-22 03:12:08.094 E/MessageQueue-JNI( 3398): 	at android.view.View.dispatchGenericMotionEvent(View.java:8559)
09-22 03:12:08.094 E/MessageQueue-JNI( 3398): 	at com.android.internal.policy.impl.PhoneWindow$DecorView.superDispatchGenericMotionEvent(PhoneWindow.java:2550)
09-22 03:12:08.094 E/MessageQueue-JNI( 3398): 	at com.android.internal.policy.impl.PhoneWindow.superDispatchGenericMotionEvent(PhoneWindow.java:1809)
09-22 03:12:08.094 E/MessageQueue-JNI( 3398): 	at android.app.Activity.dispatchGenericMotionEvent(Activity.java:2781)
09-22 03:12:08.094 E/MessageQueue-JNI( 3398): 	at com.android.internal.policy.impl.PhoneWindow$DecorView.dispatchGenericMotionEvent(PhoneWindow.java:2517)
09-22 03:12:08.094 E/MessageQueue-JNI( 3398): 	at android.view.View.dispatchPointerEvent(View.java:8675)
09-22 03:12:08.094 E/MessageQueue-JNI( 3398): 	at android.view.ViewRootImpl$ViewPostImeInputStage.processPointerEvent(ViewRootImpl.java:4131)
09-22 03:12:08.094 E/MessageQueue-JNI( 3398): 	at android.view.ViewRootImpl$ViewPostImeInputStage.onProcess(ViewRootImpl.java:3997)
09-22 03:12:08.094 E/MessageQueue-JNI( 3398): 	at android.view.ViewRootImpl$InputStage.deliver(ViewRootImpl.java:3552)
09-22 03:12:08.094 E/MessageQueue-JNI( 3398): 	at android.view.ViewRootImpl$InputStage.onDeliverToNext(ViewRootImpl.java:3605)
09-22 03:12:08.094 E/MessageQueue-JNI( 3398): 	at android.view.ViewRootImpl$InputStage.forward(ViewRootImpl.java:3571)
09-22 03:12:08.094 E/MessageQueue-JNI( 3398): 	at android.view.ViewRootImpl$AsyncInputStage.forward(ViewRootImpl.java:3688)
09-22 03:12:08.094 E/MessageQueue-JNI( 3398): 	at android.view.ViewRootImpl$InputStage.apply(ViewRootImpl.java:3579)
09-22 03:12:08.094 E/MessageQueue-JNI( 3398): 	at android.view.ViewRootImpl$AsyncInputStage.apply(ViewRootImpl.java:3745)
09-22 03:12:08.094 E/MessageQueue-JNI( 3398): 	at android.view.ViewRootImpl$InputStage.deliver(ViewRootImpl.java:3552)
09-22 03:12:08.094 E/MessageQueue-JNI( 3398): 	at android.view.ViewRootImpl$InputStage.onDeliverToNext(ViewRootImpl.java:3605)
09-22 03:12:08.094 E/MessageQueue-JNI( 3398): 	at android.view.ViewRootImpl$InputStage.forward(ViewRootImpl.java:3571)
09-22 03:12:08.094 E/MessageQueue-JNI( 3398): 	at android.view.ViewRootImpl$InputStage.apply(ViewRootImpl.java:3579)
09-22 03:12:08.094 E/MessageQueue-JNI( 3398): 	at android.view.ViewRootImpl$InputStage.deliver(ViewRootImpl.java:3552)
09-22 03:12:08.094 E/MessageQueue-JNI( 3398): 	at android.view.ViewRootImpl.deliverInputEvent(ViewRootImpl.java:5830)
09-22 03:12:08.094 E/MessageQueue-JNI( 3398): 	at android.view.ViewRootImpl.doProcessInputEvents(ViewRootImpl.java:5804)
09-22 03:12:08.094 E/MessageQueue-JNI( 3398): 	at android.view.ViewRootImpl.enqueueInputEvent(ViewRootImpl.java:5775)
09-22 03:12:08.094 E/MessageQueue-JNI( 3398): 	at android.view.ViewRootImpl$WindowInputEventReceiver.onInputEvent(ViewRootImpl.java:5920)
09-22 03:12:08.094 E/MessageQueue-JNI( 3398): 	at android.view.InputEventReceiver.dispatchInputEvent(InputEventReceiver.java:185)
09-22 03:12:08.094 E/MessageQueue-JNI( 3398): 	at android.os.MessageQueue.nativePollOnce(Native Method)
09-22 03:12:08.094 E/MessageQueue-JNI( 3398): 	at android.os.MessageQueue.next(MessageQ
09-22 03:12:08.095 D/AndroidRuntime( 3398): Shutting down VM
--------- beginning of crash
09-22 03:12:08.095 E/AndroidRuntime( 3398): FATAL EXCEPTION: main
09-22 03:12:08.095 E/AndroidRuntime( 3398): Process: com.android.documentsui, PID: 3398
09-22 03:12:08.095 E/AndroidRuntime( 3398): android.database.CursorIndexOutOfBoundsException: Index 0 requested, with a size of 0
09-22 03:12:08.095 E/AndroidRuntime( 3398): 	at android.database.AbstractCursor.checkPosition(AbstractCursor.java:426)
09-22 03:12:08.095 E/AndroidRuntime( 3398): 	at android.database.AbstractWindowedCursor.checkPosition(AbstractWindowedCursor.java:136)
09-22 03:12:08.095 E/AndroidRuntime( 3398): 	at android.database.AbstractWindowedCursor.getInt(AbstractWindowedCursor.java:68)
09-22 03:12:08.095 E/AndroidRuntime( 3398): 	at com.android.documentsui.StartupMenuAdapter$1.onGenericMotion(StartupMenuAdapter.java:102)
09-22 03:12:08.095 E/AndroidRuntime( 3398): 	at android.view.View.dispatchGenericMotionEventInternal(View.java:8582)
09-22 03:12:08.095 E/AndroidRuntime( 3398): 	at android.view.View.dispatchGenericMotionEvent(View.java:8569)
09-22 03:12:08.095 E/AndroidRuntime( 3398): 	at android.view.ViewGroup.dispatchTransformedGenericPointerEvent(ViewGroup.java:1925)
09-22 03:12:08.095 E/AndroidRuntime( 3398): 	at android.view.ViewGroup.dispatchHoverEvent(ViewGroup.java:1664)
09-22 03:12:08.095 E/AndroidRuntime( 3398): 	at android.view.View.dispatchGenericMotionEvent(View.java:8559)
09-22 03:12:08.095 E/AndroidRuntime( 3398): 	at android.view.ViewGroup.dispatchTransformedGenericPointerEvent(ViewGroup.java:1925)
09-22 03:12:08.095 E/AndroidRuntime( 3398): 	at android.view.ViewGroup.dispatchHoverEvent(ViewGroup.java:1664)
09-22 03:12:08.095 E/AndroidRuntime( 3398): 	at android.view.View.dispatchGenericMotionEvent(View.java:8559)
09-22 03:12:08.095 E/AndroidRuntime( 3398): 	at android.view.ViewGroup.dispatchTransformedGenericPointerEvent(ViewGroup.java:1925)
09-22 03:12:08.095 E/AndroidRuntime( 3398): 	at android.view.ViewGroup.dispatchHoverEvent(ViewGroup.java:1664)
09-22 03:12:08.095 E/AndroidRuntime( 3398): 	at android.view.View.dispatchGenericMotionEvent(View.java:8559)
09-22 03:12:08.095 E/AndroidRuntime( 3398): 	at android.view.ViewGroup.dispatchTransformedGenericPointerEvent(ViewGroup.java:1925)
09-22 03:12:08.095 E/AndroidRuntime( 3398): 	at android.view.ViewGroup.dispatchHoverEvent(ViewGroup.java:1664)
09-22 03:12:08.095 E/AndroidRuntime( 3398): 	at android.view.View.dispatchGenericMotionEvent(View.java:8559)
09-22 03:12:08.095 E/AndroidRuntime( 3398): 	at android.view.ViewGroup.dispatchTransformedGenericPointerEvent(ViewGroup.java:1925)
09-22 03:12:08.095 E/AndroidRuntime( 3398): 	at android.view.ViewGroup.dispatchHoverEvent(ViewGroup.java:1664)
09-22 03:12:08.095 E/AndroidRuntime( 3398): 	at android.view.View.dispatchGenericMotionEvent(View.java:8559)
09-22 03:12:08.095 E/AndroidRuntime( 3398): 	at android.view.ViewGroup.dispatchTransformedGenericPointerEvent(ViewGroup.java:1925)
09-22 03:12:08.095 E/AndroidRuntime( 3398): 	at android.view.ViewGroup.dispatchHoverEvent(ViewGroup.java:1664)
09-22 03:12:08.095 E/AndroidRuntime( 3398): 	at android.view.View.dispatchGenericMotionEvent(View.java:8559)
09-22 03:12:08.095 E/AndroidRuntime( 3398): 	at android.view.ViewGroup.dispatchTransformedGenericPointerEvent(ViewGroup.java:1925)
09-22 03:12:08.095 E/AndroidRuntime( 3398): 	at android.view.ViewGroup.dispatchHoverEvent(ViewGroup.java:1664)
09-22 03:12:08.095 E/AndroidRuntime( 3398): 	at android.view.View.dispatchGenericMotionEvent(View.java:8559)
09-22 03:12:08.095 E/AndroidRuntime( 3398): 	at com.android.internal.policy.impl.PhoneWindow$DecorView.superDispatchGenericMotionEvent(PhoneWindow.java:2550)
09-22 03:12:08.095 E/AndroidRuntime( 3398): 	at com.android.internal.policy.impl.PhoneWindow.superDispatchGenericMotionEvent(PhoneWindow.java:1809)
09-22 03:12:08.095 E/AndroidRuntime( 3398): 	at android.app.Activity.dispatchGenericMotionEvent(Activity.java:2781)
09-22 03:12:08.095 E/AndroidRuntime( 3398): 	at com.android.internal.policy.impl.PhoneWindow$DecorView.dispatchGenericMotionEvent(PhoneWindow.java:2517)
09-22 03:12:08.095 E/AndroidRuntime( 3398): 	at android.view.View.dispatchPointerEvent(View.java:8675)
09-22 03:12:08.095 E/AndroidRuntime( 3398): 	at android.view.ViewRootImpl$ViewPostImeInputStage.processPointerEvent(ViewRootImpl.java:4131)
09-22 03:12:08.095 E/AndroidRuntime( 3398): 	at android.view.ViewRootImpl$ViewPostImeInputStage.onProcess(ViewRootImpl.java:3997)
09-22 03:12:08.095 E/AndroidRuntime( 3398): 	at android.view.ViewRootImpl$InputStage.deliver(ViewRootImpl.java:3552)
09-22 03:12:08.095 E/AndroidRuntime( 3398): 	at android.view.ViewRootImpl$InputStage.onDeliverToNext(ViewRootImpl.java:3605)
09-22 03:12:08.095 E/AndroidRuntime( 3398): 	at android.view.ViewRootImpl$InputStage.forward(ViewRootImpl.java:3571)
09-22 03:12:08.095 E/AndroidRuntime( 3398): 	at android.view.ViewRootImpl$AsyncInputStage.forward(ViewRootImpl.java:3688)
09-22 03:12:08.095 E/AndroidRuntime( 3398): 	at android.view.ViewRootImpl$InputStage.apply(ViewRootImpl.java:3579)
09-22 03:12:08.095 E/AndroidRuntime( 3398): 	at android.view.ViewRootImpl$AsyncInputStage.apply(ViewRootImpl.java:3745)
09-22 03:12:08.095 E/AndroidRuntime( 3398): 	at android.view.ViewRootImpl$InputStage.deliver(ViewRootImpl.java:3552)
09-22 03:12:08.095 E/AndroidRuntime( 3398): 	at android.view.ViewRootImpl$InputStage.onDeliverToNext(ViewRootImpl.java:3605)
09-22 03:12:08.095 E/AndroidRuntime( 3398): 	at android.view.ViewRootImpl$InputStage.forward(ViewRootImpl.java:3571)
09-22 03:12:08.095 E/AndroidRuntime( 3398): 	at android.view.ViewRootImpl$InputStage.apply(ViewRootImpl.java:3579)
09-22 03:12:08.095 E/AndroidRuntime( 3398): 	at android.view.ViewRootImpl$InputStage.deliver(ViewRootImpl.java:3552)
09-22 03:12:08.095 E/AndroidRuntime( 3398): 	at android.view.ViewRootImpl.deliverInputEvent(ViewRootImpl.java:5830)
09-22 03:12:08.095 E/AndroidRuntime( 3398): 	at android.view.ViewRootImpl.doProcessInputEvents(ViewRootImpl.java:5804)
09-22 03:12:08.095 E/AndroidRuntime( 3398): 	at android.view.ViewRootImpl.enqueueInputEvent(ViewRootImpl.java:5775)
09-22 03:12:08.095 E/AndroidRuntime( 3398): 	at android.view.ViewRootImpl$WindowInputEventReceiver.onInputEvent(ViewRootImpl.java:5920)
09-22 03:12:08.095 E/AndroidRuntime( 3398): 	at android.view.InputEventReceiver.dispatchInputEvent(InputEventReceiver.java:185)
09-22 03:12:08.095 E/AndroidRuntime( 3398): 	at android.os.MessageQueue.nativeP
09-22 03:12:08.138 E/Vold    ( 1734): Failed to find mounted volume for /storage/usb0/Android/data/com.taobao.taobao/files/
09-22 03:12:08.138 W/ContextImpl( 3697): Failed to ensure directory: /storage/usb0/Android/data/com.taobao.taobao/files
09-22 03:12:08.139 E/Vold    ( 1734): Failed to find mounted volume for /storage/usb1/Android/data/com.taobao.taobao/files/
09-22 03:12:08.139 W/ContextImpl( 3697): Failed to ensure directory: /storage/usb1/Android/data/com.taobao.taobao/files
09-22 03:12:08.140 E/Vold    ( 1734): Failed to find mounted volume for /storage/usb2/Android/data/com.taobao.taobao/files/
09-22 03:12:08.140 W/ContextImpl( 3697): Failed to ensure directory: /storage/usb2/Android/data/com.taobao.taobao/files
09-22 03:12:08.141 E/Vold    ( 1734): Failed to find mounted volume for /storage/usb3/Android/data/com.taobao.taobao/files/
09-22 03:12:08.141 W/ContextImpl( 3697): Failed to ensure directory: /storage/usb3/Android/data/com.taobao.taobao/files
09-22 03:12:08.142 E/Vold    ( 1734): Failed to find mounted volume for /storage/sdcard1/Android/data/com.taobao.taobao/files/
09-22 03:12:08.143 W/ContextImpl( 3697): Failed to ensure directory: /storage/sdcard1/Android/data/com.taobao.taobao/files
09-22 03:12:08.211 E/Vold    ( 1734): Failed to find mounted volume for /storage/usb0/Android/data/com.taobao.taobao/files/
09-22 03:12:08.211 W/ContextImpl( 3697): Failed to ensure directory: /storage/usb0/Android/data/com.taobao.taobao/files
09-22 03:12:08.212 E/Vold    ( 1734): Failed to find mounted volume for /storage/usb1/Android/data/com.taobao.taobao/files/
09-22 03:12:08.212 W/ContextImpl( 3697): Failed to ensure directory: /storage/usb1/Android/data/com.taobao.taobao/files
09-22 03:12:08.213 E/Vold    ( 1734): Failed to find mounted volume for /storage/usb2/Android/data/com.taobao.taobao/files/
09-22 03:12:08.213 W/ContextImpl( 3697): Failed to ensure directory: /storage/usb2/Android/data/com.taobao.taobao/files
09-22 03:12:08.214 E/Vold    ( 1734): Failed to find mounted volume for /storage/usb3/Android/data/com.taobao.taobao/files/
09-22 03:12:08.214 W/ContextImpl( 3697): Failed to ensure directory: /storage/usb3/Android/data/com.taobao.taobao/files
09-22 03:12:08.215 E/Vold    ( 1734): Failed to find mounted volume for /storage/sdcard1/Android/data/com.taobao.taobao/files/
09-22 03:12:08.215 W/ContextImpl( 3697): Failed to ensure directory: /storage/sdcard1/Android/data/com.taobao.taobao/files
09-22 03:12:08.249 E/Vold    ( 1734): Failed to find mounted volume for /storage/usb0/Android/data/com.taobao.taobao/files/
09-22 03:12:08.249 W/ContextImpl( 3697): Failed to ensure directory: /storage/usb0/Android/data/com.taobao.taobao/files
09-22 03:12:08.250 E/Vold    ( 1734): Failed to find mounted volume for /storage/usb1/Android/data/com.taobao.taobao/files/
09-22 03:12:08.251 W/ContextImpl( 3697): Failed to ensure directory: /storage/usb1/Android/data/com.taobao.taobao/files
09-22 03:12:08.252 E/Vold    ( 1734): Failed to find mounted volume for /storage/usb2/Android/data/com.taobao.taobao/files/
09-22 03:12:08.252 W/ContextImpl( 3697): Failed to ensure directory: /storage/usb2/Android/data/com.taobao.taobao/files
09-22 03:12:08.253 E/Vold    ( 1734): Failed to find mounted volume for /storage/usb3/Android/data/com.taobao.taobao/files/
09-22 03:12:08.254 W/ContextImpl( 3697): Failed to ensure directory: /storage/usb3/Android/data/com.taobao.taobao/files
09-22 03:12:08.255 E/Vold    ( 1734): Failed to find mounted volume for /storage/sdcard1/Android/data/com.taobao.taobao/files/
09-22 03:12:08.256 W/ContextImpl( 3697): Failed to ensure directory: /storage/sdcard1/Android/data/com.taobao.taobao/files
09-22 03:12:08.260 E/Vold    ( 1734): Failed to find mounted volume for /storage/usb0/Android/data/com.taobao.taobao/files/
09-22 03:12:08.260 W/ContextImpl( 3697): Failed to ensure directory: /storage/usb0/Android/data/com.taobao.taobao/files
09-22 03:12:08.261 E/Vold    ( 1734): Failed to find mounted volume for /storage/usb1/Android/data/com.taobao.taobao/files/
09-22 03:12:08.262 W/ContextImpl( 3697): Failed to ensure directory: /storage/usb1/Android/data/com.taobao.taobao/files
09-22 03:12:08.263 E/Vold    ( 1734): Failed to find mounted volume for /storage/usb2/Android/data/com.taobao.taobao/files/
09-22 03:12:08.263 W/ContextImpl( 3697): Failed to ensure directory: /storage/usb2/Android/data/com.taobao.taobao/files
09-22 03:12:08.264 E/Vold    ( 1734): Failed to find mounted volume for /storage/usb3/Android/data/com.taobao.taobao/files/
09-22 03:12:08.265 W/ContextImpl( 3697): Failed to ensure directory: /storage/usb3/Android/data/com.taobao.taobao/files
09-22 03:12:08.265 E/Vold    ( 1734): Failed to find mounted volume for /storage/sdcard1/Android/data/com.taobao.taobao/files/
09-22 03:12:08.266 W/ContextImpl( 3697): Failed to ensure directory: /storage/sdcard1/Android/data/com.taobao.taobao/files
09-22 03:12:08.267 E/Vold    ( 1734): Failed to find mounted volume for /storage/usb0/Android/data/com.taobao.taobao/files/
09-22 03:12:08.267 W/ContextImpl( 3697): Failed to ensure directory: /storage/usb0/Android/data/com.taobao.taobao/files
09-22 03:12:08.268 E/Vold    ( 1734): Failed to find mounted volume for /storage/usb1/Android/data/com.taobao.taobao/files/
09-22 03:12:08.269 W/ContextImpl( 3697): Failed to ensure directory: /storage/usb1/Android/data/com.taobao.taobao/files
09-22 03:12:08.269 E/Vold    ( 1734): Failed to find mounted volume for /storage/usb2/Android/data/com.taobao.taobao/files/
09-22 03:12:08.270 W/ContextImpl( 3697): Failed to ensure directory: /storage/usb2/Android/data/com.taobao.taobao/files
09-22 03:12:08.271 E/Vold    ( 1734): Failed to find mounted volume for /storage/usb3/Android/data/com.taobao.taobao/files/
09-22 03:12:08.271 W/ContextImpl( 3697): Failed to ensure directory: /storage/usb3/Android/data/com.taobao.taobao/files
09-22 03:12:08.273 E/Vold    ( 1734): Failed to find mounted volume for /storage/sdcard1/Android/data/com.taobao.taobao/files/
09-22 03:12:08.273 W/ContextImpl( 3697): Failed to ensure directory: /storage/sdcard1/Android/data/com.taobao.taobao/files
09-22 03:12:08.275 E/Vold    ( 1734): Failed to find mounted volume for /storage/usb0/Android/data/com.taobao.taobao/files/
09-22 03:12:08.275 W/ContextImpl( 3697): Failed to ensure directory: /storage/usb0/Android/data/com.taobao.taobao/files
09-22 03:12:08.276 E/Vold    ( 1734): Failed to find mounted volume for /storage/usb1/Android/data/com.taobao.taobao/files/
09-22 03:12:08.276 W/ContextImpl( 3697): Failed to ensure directory: /storage/usb1/Android/data/com.taobao.taobao/files
09-22 03:12:08.277 E/Vold    ( 1734): Failed to find mounted volume for /storage/usb2/Android/data/com.taobao.taobao/files/
09-22 03:12:08.278 W/ContextImpl( 3697): Failed to ensure directory: /storage/usb2/Android/data/com.taobao.taobao/files
09-22 03:12:08.278 E/Vold    ( 1734): Failed to find mounted volume for /storage/usb3/Android/data/com.taobao.taobao/files/
09-22 03:12:08.279 W/ContextImpl( 3697): Failed to ensure directory: /storage/usb3/Android/data/com.taobao.taobao/files
09-22 03:12:08.280 E/Vold    ( 1734): Failed to find mounted volume for /storage/sdcard1/Android/data/com.taobao.taobao/files/
09-22 03:12:08.280 W/ContextImpl( 3697): Failed to ensure directory: /storage/sdcard1/Android/data/com.taobao.taobao/files
09-22 03:12:08.295 E/Vold    ( 1734): Failed to find mounted volume for /storage/usb0/Android/data/com.taobao.taobao/files/
09-22 03:12:08.295 W/ContextImpl( 3697): Failed to ensure directory: /storage/usb0/Android/data/com.taobao.taobao/files
09-22 03:12:08.296 E/Vold    ( 1734): Failed to find mounted volume for /storage/usb1/Android/data/com.taobao.taobao/files/
09-22 03:12:08.296 W/ContextImpl( 3697): Failed to ensure directory: /storage/usb1/Android/data/com.taobao.taobao/files
09-22 03:12:08.296 E/Vold    ( 1734): Failed to find mounted volume for /storage/usb2/Android/data/com.taobao.taobao/files/
09-22 03:12:08.296 W/ContextImpl( 3697): Failed to ensure directory: /storage/usb2/Android/data/com.taobao.taobao/files
09-22 03:12:08.297 E/Vold    ( 1734): Failed to find mounted volume for /storage/usb3/Android/data/com.taobao.taobao/files/
09-22 03:12:08.297 W/ContextImpl( 3697): Failed to ensure directory: /storage/usb3/Android/data/com.taobao.taobao/files
09-22 03:12:08.297 E/Vold    ( 1734): Failed to find mounted volume for /storage/sdcard1/Android/data/com.taobao.taobao/files/
09-22 03:12:08.298 W/ContextImpl( 3697): Failed to ensure directory: /storage/sdcard1/Android/data/com.taobao.taobao/files
09-22 03:12:08.298 E/Vold    ( 1734): Failed to find mounted volume for /storage/usb0/Android/data/com.taobao.taobao/files/
09-22 03:12:08.298 W/ContextImpl( 3697): Failed to ensure directory: /storage/usb0/Android/data/com.taobao.taobao/files
09-22 03:12:08.298 E/Vold    ( 1734): Failed to find mounted volume for /storage/usb1/Android/data/com.taobao.taobao/files/
09-22 03:12:08.299 W/ContextImpl( 3697): Failed to ensure directory: /storage/usb1/Android/data/com.taobao.taobao/files
09-22 03:12:08.299 E/Vold    ( 1734): Failed to find mounted volume for /storage/usb2/Android/data/com.taobao.taobao/files/
09-22 03:12:08.299 W/ContextImpl( 3697): Failed to ensure directory: /storage/usb2/Android/data/com.taobao.taobao/files
09-22 03:12:08.299 E/Vold    ( 1734): Failed to find mounted volume for /storage/usb3/Android/data/com.taobao.taobao/files/
09-22 03:12:08.299 W/ContextImpl( 3697): Failed to ensure directory: /storage/usb3/Android/data/com.taobao.taobao/files
09-22 03:12:08.300 E/Vold    ( 1734): Failed to find mounted volume for /storage/sdcard1/Android/data/com.taobao.taobao/files/
09-22 03:12:08.300 W/ContextImpl( 3697): Failed to ensure directory: /storage/sdcard1/Android/data/com.taobao.taobao/files
09-22 03:12:08.300 E/Vold    ( 1734): Failed to find mounted volume for /storage/usb0/Android/data/com.taobao.taobao/files/
09-22 03:12:08.300 W/ContextImpl( 3697): Failed to ensure directory: /storage/usb0/Android/data/com.taobao.taobao/files
09-22 03:12:08.301 E/Vold    ( 1734): Failed to find mounted volume for /storage/usb1/Android/data/com.taobao.taobao/files/
09-22 03:12:08.301 W/ContextImpl( 3697): Failed to ensure directory: /storage/usb1/Android/data/com.taobao.taobao/files
09-22 03:12:08.301 E/Vold    ( 1734): Failed to find mounted volume for /storage/usb2/Android/data/com.taobao.taobao/files/
09-22 03:12:08.301 W/ContextImpl( 3697): Failed to ensure directory: /storage/usb2/Android/data/com.taobao.taobao/files
09-22 03:12:08.301 E/Vold    ( 1734): Failed to find mounted volume for /storage/usb3/Android/data/com.taobao.taobao/files/
09-22 03:12:08.302 W/ContextImpl( 3697): Failed to ensure directory: /storage/usb3/Android/data/com.taobao.taobao/files
09-22 03:12:08.302 E/Vold    ( 1734): Failed to find mounted volume for /storage/sdcard1/Android/data/com.taobao.taobao/files/
09-22 03:12:08.302 W/ContextImpl( 3697): Failed to ensure directory: /storage/sdcard1/Android/data/com.taobao.taobao/files
09-22 03:12:08.303 E/Vold    ( 1734): Failed to find mounted volume for /storage/usb0/Android/data/com.taobao.taobao/files/
09-22 03:12:08.303 W/ContextImpl( 3697): Failed to ensure directory: /storage/usb0/Android/data/com.taobao.taobao/files
09-22 03:12:08.303 E/Vold    ( 1734): Failed to find mounted volume for /storage/usb1/Android/data/com.taobao.taobao/files/
09-22 03:12:08.303 W/ContextImpl( 3697): Failed to ensure directory: /storage/usb1/Android/data/com.taobao.taobao/files
09-22 03:12:08.303 E/Vold    ( 1734): Failed to find mounted volume for /storage/usb2/Android/data/com.taobao.taobao/files/
09-22 03:12:08.304 W/ContextImpl( 3697): Failed to ensure directory: /storage/usb2/Android/data/com.taobao.taobao/files
09-22 03:12:08.304 E/Vold    ( 1734): Failed to find mounted volume for /storage/usb3/Android/data/com.taobao.taobao/files/
09-22 03:12:08.304 W/ContextImpl( 3697): Failed to ensure directory: /storage/usb3/Android/data/com.taobao.taobao/files
09-22 03:12:08.304 E/Vold    ( 1734): Failed to find mounted volume for /storage/sdcard1/Android/data/com.taobao.taobao/files/
09-22 03:12:08.304 W/ContextImpl( 3697): Failed to ensure directory: /storage/sdcard1/Android/data/com.taobao.taobao/files
09-22 03:12:08.317 E/Vold    ( 1734): Failed to find mounted volume for /storage/usb0/Android/data/com.taobao.taobao/files/
09-22 03:12:08.317 W/ContextImpl( 3697): Failed to ensure directory: /storage/usb0/Android/data/com.taobao.taobao/files
09-22 03:12:08.318 E/Vold    ( 1734): Failed to find mounted volume for /storage/usb1/Android/data/com.taobao.taobao/files/
09-22 03:12:08.318 W/ContextImpl( 3697): Failed to ensure directory: /storage/usb1/Android/data/com.taobao.taobao/files
09-22 03:12:08.319 E/Vold    ( 1734): Failed to find mounted volume for /storage/usb2/Android/data/com.taobao.taobao/files/
09-22 03:12:08.319 W/ContextImpl( 3697): Failed to ensure directory: /storage/usb2/Android/data/com.taobao.taobao/files
09-22 03:12:08.320 E/Vold    ( 1734): Failed to find mounted volume for /storage/usb3/Android/data/com.taobao.taobao/files/
09-22 03:12:08.320 W/ContextImpl( 3697): Failed to ensure directory: /storage/usb3/Android/data/com.taobao.taobao/files
09-22 03:12:08.321 E/Vold    ( 1734): Failed to find mounted volume for /storage/sdcard1/Android/data/com.taobao.taobao/files/
09-22 03:12:08.321 W/ContextImpl( 3697): Failed to ensure directory: /storage/sdcard1/Android/data/com.taobao.taobao/files
09-22 03:12:08.322 E/Vold    ( 1734): Failed to find mounted volume for /storage/usb0/Android/data/com.taobao.taobao/files/
09-22 03:12:08.322 W/ContextImpl( 3697): Failed to ensure directory: /storage/usb0/Android/data/com.taobao.taobao/files
09-22 03:12:08.323 E/Vold    ( 1734): Failed to find mounted volume for /storage/usb1/Android/data/com.taobao.taobao/files/
09-22 03:12:08.323 W/ContextImpl( 3697): Failed to ensure directory: /storage/usb1/Android/data/com.taobao.taobao/files
09-22 03:12:08.324 E/Vold    ( 1734): Failed to find mounted volume for /storage/usb2/Android/data/com.taobao.taobao/files/
09-22 03:12:08.324 W/ContextImpl( 3697): Failed to ensure directory: /storage/usb2/Android/data/com.taobao.taobao/files
09-22 03:12:08.324 E/Vold    ( 1734): Failed to find mounted volume for /storage/usb3/Android/data/com.taobao.taobao/files/
09-22 03:12:08.325 W/ContextImpl( 3697): Failed to ensure directory: /storage/usb3/Android/data/com.taobao.taobao/files
09-22 03:12:08.325 E/Vold    ( 1734): Failed to find mounted volume for /storage/sdcard1/Android/data/com.taobao.taobao/files/
09-22 03:12:08.326 W/ContextImpl( 3697): Failed to ensure directory: /storage/sdcard1/Android/data/com.taobao.taobao/files
09-22 03:12:08.326 E/Vold    ( 1734): Failed to find mounted volume for /storage/usb0/Android/data/com.taobao.taobao/files/
09-22 03:12:08.327 W/ContextImpl( 3697): Failed to ensure directory: /storage/usb0/Android/data/com.taobao.taobao/files
09-22 03:12:08.327 E/Vold    ( 1734): Failed to find mounted volume for /storage/usb1/Android/data/com.taobao.taobao/files/
09-22 03:12:08.328 W/ContextImpl( 3697): Failed to ensure directory: /storage/usb1/Android/data/com.taobao.taobao/files
09-22 03:12:08.328 E/Vold    ( 1734): Failed to find mounted volume for /storage/usb2/Android/data/com.taobao.taobao/files/
09-22 03:12:08.329 W/ContextImpl( 3697): Failed to ensure directory: /storage/usb2/Android/data/com.taobao.taobao/files
09-22 03:12:08.329 E/Vold    ( 1734): Failed to find mounted volume for /storage/usb3/Android/data/com.taobao.taobao/files/
09-22 03:12:08.330 W/ContextImpl( 3697): Failed to ensure directory: /storage/usb3/Android/data/com.taobao.taobao/files
09-22 03:12:08.330 E/Vold    ( 1734): Failed to find mounted volume for /storage/sdcard1/Android/data/com.taobao.taobao/files/
09-22 03:12:08.330 W/ContextImpl( 3697): Failed to ensure directory: /storage/sdcard1/Android/data/com.taobao.taobao/files
09-22 03:12:08.331 E/Vold    ( 1734): Failed to find mounted volume for /storage/usb0/Android/data/com.taobao.taobao/files/
09-22 03:12:08.332 W/ContextImpl( 3697): Failed to ensure directory: /storage/usb0/Android/data/com.taobao.taobao/files
09-22 03:12:08.332 E/Vold    ( 1734): Failed to find mounted volume for /storage/usb1/Android/data/com.taobao.taobao/files/
09-22 03:12:08.333 W/ContextImpl( 3697): Failed to ensure directory: /storage/usb1/Android/data/com.taobao.taobao/files
09-22 03:12:08.333 E/Vold    ( 1734): Failed to find mounted volume for /storage/usb2/Android/data/com.taobao.taobao/files/
09-22 03:12:08.333 W/ContextImpl( 3697): Failed to ensure directory: /storage/usb2/Android/data/com.taobao.taobao/files
09-22 03:12:08.334 E/Vold    ( 1734): Failed to find mounted volume for /storage/usb3/Android/data/com.taobao.taobao/files/
09-22 03:12:08.334 W/ContextImpl( 3697): Failed to ensure directory: /storage/usb3/Android/data/com.taobao.taobao/files
09-22 03:12:08.335 E/Vold    ( 1734): Failed to find mounted volume for /storage/sdcard1/Android/data/com.taobao.taobao/files/
09-22 03:12:08.335 W/ContextImpl( 3697): Failed to ensure directory: /storage/sdcard1/Android/data/com.taobao.taobao/files
09-22 03:12:08.336 E/Vold    ( 1734): Failed to find mounted volume for /storage/usb0/Android/data/com.taobao.taobao/files/
09-22 03:12:08.336 W/ContextImpl( 3697): Failed to ensure directory: /storage/usb0/Android/data/com.taobao.taobao/files
09-22 03:12:08.337 E/Vold    ( 1734): Failed to find mounted volume for /storage/usb1/Android/data/com.taobao.taobao/files/
