09-22 03:12:08.337 W/ContextImpl( 3697): Failed to ensure directory: /storage/usb1/Android/data/com.taobao.taobao/files
09-22 03:12:08.338 E/Vold    ( 1734): Failed to find mounted volume for /storage/usb2/Android/data/com.taobao.taobao/files/
09-22 03:12:08.338 W/ContextImpl( 3697): Failed to ensure directory: /storage/usb2/Android/data/com.taobao.taobao/files
09-22 03:12:08.338 E/Vold    ( 1734): Failed to find mounted volume for /storage/usb3/Android/data/com.taobao.taobao/files/
09-22 03:12:08.339 W/ContextImpl( 3697): Failed to ensure directory: /storage/usb3/Android/data/com.taobao.taobao/files
09-22 03:12:08.339 E/Vold    ( 1734): Failed to find mounted volume for /storage/sdcard1/Android/data/com.taobao.taobao/files/
09-22 03:12:08.340 W/ContextImpl( 3697): Failed to ensure directory: /storage/sdcard1/Android/data/com.taobao.taobao/files
09-22 03:12:08.340 E/Vold    ( 1734): Failed to find mounted volume for /storage/usb0/Android/data/com.taobao.taobao/files/
09-22 03:12:08.341 W/ContextImpl( 3697): Failed to ensure directory: /storage/usb0/Android/data/com.taobao.taobao/files
09-22 03:12:08.341 E/Vold    ( 1734): Failed to find mounted volume for /storage/usb1/Android/data/com.taobao.taobao/files/
09-22 03:12:08.341 W/ContextImpl( 3697): Failed to ensure directory: /storage/usb1/Android/data/com.taobao.taobao/files
09-22 03:12:08.342 E/Vold    ( 1734): Failed to find mounted volume for /storage/usb2/Android/data/com.taobao.taobao/files/
09-22 03:12:08.342 W/ContextImpl( 3697): Failed to ensure directory: /storage/usb2/Android/data/com.taobao.taobao/files
09-22 03:12:08.343 E/Vold    ( 1734): Failed to find mounted volume for /storage/usb3/Android/data/com.taobao.taobao/files/
09-22 03:12:08.343 W/ContextImpl( 3697): Failed to ensure directory: /storage/usb3/Android/data/com.taobao.taobao/files
09-22 03:12:08.344 E/Vold    ( 1734): Failed to find mounted volume for /storage/sdcard1/Android/data/com.taobao.taobao/files/
09-22 03:12:08.344 W/ContextImpl( 3697): Failed to ensure directory: /storage/sdcard1/Android/data/com.taobao.taobao/files
09-22 03:12:08.353 E/Vold    ( 1734): Failed to find mounted volume for /storage/usb0/Android/data/com.taobao.taobao/files/
09-22 03:12:08.353 W/ContextImpl( 3697): Failed to ensure directory: /storage/usb0/Android/data/com.taobao.taobao/files
09-22 03:12:08.354 E/Vold    ( 1734): Failed to find mounted volume for /storage/usb1/Android/data/com.taobao.taobao/files/
09-22 03:12:08.354 W/ContextImpl( 3697): Failed to ensure directory: /storage/usb1/Android/data/com.taobao.taobao/files
09-22 03:12:08.355 E/Vold    ( 1734): Failed to find mounted volume for /storage/usb2/Android/data/com.taobao.taobao/files/
09-22 03:12:08.355 W/ContextImpl( 3697): Failed to ensure directory: /storage/usb2/Android/data/com.taobao.taobao/files
09-22 03:12:08.356 E/Vold    ( 1734): Failed to find mounted volume for /storage/usb3/Android/data/com.taobao.taobao/files/
09-22 03:12:08.356 W/ContextImpl( 3697): Failed to ensure directory: /storage/usb3/Android/data/com.taobao.taobao/files
09-22 03:12:08.357 E/Vold    ( 1734): Failed to find mounted volume for /storage/sdcard1/Android/data/com.taobao.taobao/files/
09-22 03:12:08.357 W/ContextImpl( 3697): Failed to ensure directory: /storage/sdcard1/Android/data/com.taobao.taobao/files
09-22 03:12:08.373 E/Vold    ( 1734): Failed to find mounted volume for /storage/usb0/Android/data/com.taobao.taobao/files/
09-22 03:12:08.373 W/ContextImpl( 3697): Failed to ensure directory: /storage/usb0/Android/data/com.taobao.taobao/files
09-22 03:12:08.374 E/Vold    ( 1734): Failed to find mounted volume for /storage/usb1/Android/data/com.taobao.taobao/files/
09-22 03:12:08.375 W/ContextImpl( 3697): Failed to ensure directory: /storage/usb1/Android/data/com.taobao.taobao/files
09-22 03:12:08.375 E/Vold    ( 1734): Failed to find mounted volume for /storage/usb2/Android/data/com.taobao.taobao/files/
09-22 03:12:08.376 W/ContextImpl( 3697): Failed to ensure directory: /storage/usb2/Android/data/com.taobao.taobao/files
09-22 03:12:08.376 E/Vold    ( 1734): Failed to find mounted volume for /storage/usb3/Android/data/com.taobao.taobao/files/
09-22 03:12:08.377 W/ContextImpl( 3697): Failed to ensure directory: /storage/usb3/Android/data/com.taobao.taobao/files
09-22 03:12:08.377 E/Vold    ( 1734): Failed to find mounted volume for /storage/sdcard1/Android/data/com.taobao.taobao/files/
09-22 03:12:08.377 W/ContextImpl( 3697): Failed to ensure directory: /storage/sdcard1/Android/data/com.taobao.taobao/files
09-22 03:12:08.391 E/Vold    ( 1734): Failed to find mounted volume for /storage/usb0/Android/data/com.taobao.taobao/files/
09-22 03:12:08.392 W/ContextImpl( 3697): Failed to ensure directory: /storage/usb0/Android/data/com.taobao.taobao/files
09-22 03:12:08.392 E/Vold    ( 1734): Failed to find mounted volume for /storage/usb1/Android/data/com.taobao.taobao/files/
09-22 03:12:08.393 W/ContextImpl( 3697): Failed to ensure directory: /storage/usb1/Android/data/com.taobao.taobao/files
09-22 03:12:08.393 E/Vold    ( 1734): Failed to find mounted volume for /storage/usb2/Android/data/com.taobao.taobao/files/
09-22 03:12:08.394 W/ContextImpl( 3697): Failed to ensure directory: /storage/usb2/Android/data/com.taobao.taobao/files
09-22 03:12:08.394 E/Vold    ( 1734): Failed to find mounted volume for /storage/usb3/Android/data/com.taobao.taobao/files/
09-22 03:12:08.395 W/ContextImpl( 3697): Failed to ensure directory: /storage/usb3/Android/data/com.taobao.taobao/files
09-22 03:12:08.395 E/Vold    ( 1734): Failed to find mounted volume for /storage/sdcard1/Android/data/com.taobao.taobao/files/
09-22 03:12:08.396 W/ContextImpl( 3697): Failed to ensure directory: /storage/sdcard1/Android/data/com.taobao.taobao/files
09-22 03:12:08.417 E/Vold    ( 1734): Failed to find mounted volume for /storage/usb0/Android/data/com.taobao.taobao/files/
09-22 03:12:08.417 W/ContextImpl( 3697): Failed to ensure directory: /storage/usb0/Android/data/com.taobao.taobao/files
09-22 03:12:08.418 E/Vold    ( 1734): Failed to find mounted volume for /storage/usb1/Android/data/com.taobao.taobao/files/
09-22 03:12:08.418 W/ContextImpl( 3697): Failed to ensure directory: /storage/usb1/Android/data/com.taobao.taobao/files
09-22 03:12:08.419 E/Vold    ( 1734): Failed to find mounted volume for /storage/usb2/Android/data/com.taobao.taobao/files/
09-22 03:12:08.419 W/ContextImpl( 3697): Failed to ensure directory: /storage/usb2/Android/data/com.taobao.taobao/files
09-22 03:12:08.420 E/Vold    ( 1734): Failed to find mounted volume for /storage/usb3/Android/data/com.taobao.taobao/files/
09-22 03:12:08.420 W/ContextImpl( 3697): Failed to ensure directory: /storage/usb3/Android/data/com.taobao.taobao/files
09-22 03:12:08.421 E/Vold    ( 1734): Failed to find mounted volume for /storage/sdcard1/Android/data/com.taobao.taobao/files/
09-22 03:12:08.421 W/ContextImpl( 3697): Failed to ensure directory: /storage/sdcard1/Android/data/com.taobao.taobao/files
09-22 03:12:08.439 E/Vold    ( 1734): Failed to find mounted volume for /storage/usb0/Android/data/com.taobao.taobao/files/
09-22 03:12:08.440 W/ContextImpl( 3697): Failed to ensure directory: /storage/usb0/Android/data/com.taobao.taobao/files
09-22 03:12:08.440 E/Vold    ( 1734): Failed to find mounted volume for /storage/usb1/Android/data/com.taobao.taobao/files/
09-22 03:12:08.441 W/ContextImpl( 3697): Failed to ensure directory: /storage/usb1/Android/data/com.taobao.taobao/files
09-22 03:12:08.442 E/Vold    ( 1734): Failed to find mounted volume for /storage/usb2/Android/data/com.taobao.taobao/files/
09-22 03:12:08.442 W/ContextImpl( 3697): Failed to ensure directory: /storage/usb2/Android/data/com.taobao.taobao/files
09-22 03:12:08.443 E/Vold    ( 1734): Failed to find mounted volume for /storage/usb3/Android/data/com.taobao.taobao/files/
09-22 03:12:08.443 W/ContextImpl( 3697): Failed to ensure directory: /storage/usb3/Android/data/com.taobao.taobao/files
09-22 03:12:08.444 E/Vold    ( 1734): Failed to find mounted volume for /storage/sdcard1/Android/data/com.taobao.taobao/files/
09-22 03:12:08.444 W/ContextImpl( 3697): Failed to ensure directory: /storage/sdcard1/Android/data/com.taobao.taobao/files
09-22 03:12:08.445 E/Vold    ( 1734): Failed to find mounted volume for /storage/usb0/Android/data/com.taobao.taobao/files/
09-22 03:12:08.445 W/ContextImpl( 3697): Failed to ensure directory: /storage/usb0/Android/data/com.taobao.taobao/files
09-22 03:12:08.446 E/Vold    ( 1734): Failed to find mounted volume for /storage/usb1/Android/data/com.taobao.taobao/files/
09-22 03:12:08.446 W/ContextImpl( 3697): Failed to ensure directory: /storage/usb1/Android/data/com.taobao.taobao/files
09-22 03:12:08.447 E/Vold    ( 1734): Failed to find mounted volume for /storage/usb2/Android/data/com.taobao.taobao/files/
09-22 03:12:08.447 W/ContextImpl( 3697): Failed to ensure directory: /storage/usb2/Android/data/com.taobao.taobao/files
09-22 03:12:08.447 E/Vold    ( 1734): Failed to find mounted volume for /storage/usb3/Android/data/com.taobao.taobao/files/
09-22 03:12:08.448 W/ContextImpl( 3697): Failed to ensure directory: /storage/usb3/Android/data/com.taobao.taobao/files
09-22 03:12:08.448 E/Vold    ( 1734): Failed to find mounted volume for /storage/sdcard1/Android/data/com.taobao.taobao/files/
09-22 03:12:08.449 W/ContextImpl( 3697): Failed to ensure directory: /storage/sdcard1/Android/data/com.taobao.taobao/files
09-22 03:12:08.470 I/MultiDex( 3877): VM with version 2.1.0 has multidex support
09-22 03:12:08.470 I/MultiDex( 3877): install
09-22 03:12:08.470 I/MultiDex( 3877): VM has multidex support, MultiDex support library is disabled.
09-22 03:12:08.532 W/art     ( 3697): Verification of void c8.zpi.<init>() took 415.200ms
09-22 03:12:08.542 E/test    ( 3697): start async load cache data start.. .....
09-22 03:12:08.543 E/test    ( 3697): load cache data start.. .....
09-22 03:12:08.652 E/Vold    ( 1734): Failed to find mounted volume for /storage/usb0/Android/data/com.taobao.taobao/files/
09-22 03:12:08.652 W/ContextImpl( 3697): Failed to ensure directory: /storage/usb0/Android/data/com.taobao.taobao/files
09-22 03:12:08.653 E/Vold    ( 1734): Failed to find mounted volume for /storage/usb1/Android/data/com.taobao.taobao/files/
09-22 03:12:08.653 W/ContextImpl( 3697): Failed to ensure directory: /storage/usb1/Android/data/com.taobao.taobao/files
09-22 03:12:08.653 E/Vold    ( 1734): Failed to find mounted volume for /storage/usb2/Android/data/com.taobao.taobao/files/
09-22 03:12:08.653 W/ContextImpl( 3697): Failed to ensure directory: /storage/usb2/Android/data/com.taobao.taobao/files
09-22 03:12:08.653 E/Vold    ( 1734): Failed to find mounted volume for /storage/usb3/Android/data/com.taobao.taobao/files/
09-22 03:12:08.653 W/ContextImpl( 3697): Failed to ensure directory: /storage/usb3/Android/data/com.taobao.taobao/files
09-22 03:12:08.654 E/Vold    ( 1734): Failed to find mounted volume for /storage/sdcard1/Android/data/com.taobao.taobao/files/
09-22 03:12:08.654 W/ContextImpl( 3697): Failed to ensure directory: /storage/sdcard1/Android/data/com.taobao.taobao/files
09-22 03:12:08.654 E/Vold    ( 1734): Failed to find mounted volume for /storage/usb0/Android/data/com.taobao.taobao/files/
09-22 03:12:08.654 W/ContextImpl( 3697): Failed to ensure directory: /storage/usb0/Android/data/com.taobao.taobao/files
09-22 03:12:08.654 E/Vold    ( 1734): Failed to find mounted volume for /storage/usb1/Android/data/com.taobao.taobao/files/
09-22 03:12:08.654 W/ContextImpl( 3697): Failed to ensure directory: /storage/usb1/Android/data/com.taobao.taobao/files
09-22 03:12:08.655 E/Vold    ( 1734): Failed to find mounted volume for /storage/usb2/Android/data/com.taobao.taobao/files/
09-22 03:12:08.655 W/ContextImpl( 3697): Failed to ensure directory: /storage/usb2/Android/data/com.taobao.taobao/files
09-22 03:12:08.655 E/Vold    ( 1734): Failed to find mounted volume for /storage/usb3/Android/data/com.taobao.taobao/files/
09-22 03:12:08.655 W/ContextImpl( 3697): Failed to ensure directory: /storage/usb3/Android/data/com.taobao.taobao/files
09-22 03:12:08.655 E/Vold    ( 1734): Failed to find mounted volume for /storage/sdcard1/Android/data/com.taobao.taobao/files/
09-22 03:12:08.655 W/ContextImpl( 3697): Failed to ensure directory: /storage/sdcard1/Android/data/com.taobao.taobao/files
09-22 03:12:08.655 E/Vold    ( 1734): Failed to find mounted volume for /storage/usb0/Android/data/com.taobao.taobao/files/
09-22 03:12:08.656 W/ContextImpl( 3697): Failed to ensure directory: /storage/usb0/Android/data/com.taobao.taobao/files
09-22 03:12:08.656 E/Vold    ( 1734): Failed to find mounted volume for /storage/usb1/Android/data/com.taobao.taobao/files/
09-22 03:12:08.656 W/ContextImpl( 3697): Failed to ensure directory: /storage/usb1/Android/data/com.taobao.taobao/files
09-22 03:12:08.656 E/Vold    ( 1734): Failed to find mounted volume for /storage/usb2/Android/data/com.taobao.taobao/files/
09-22 03:12:08.656 W/ContextImpl( 3697): Failed to ensure directory: /storage/usb2/Android/data/com.taobao.taobao/files
09-22 03:12:08.656 E/Vold    ( 1734): Failed to find mounted volume for /storage/usb3/Android/data/com.taobao.taobao/files/
09-22 03:12:08.656 W/ContextImpl( 3697): Failed to ensure directory: /storage/usb3/Android/data/com.taobao.taobao/files
09-22 03:12:08.657 E/Vold    ( 1734): Failed to find mounted volume for /storage/sdcard1/Android/data/com.taobao.taobao/files/
09-22 03:12:08.657 W/ContextImpl( 3697): Failed to ensure directory: /storage/sdcard1/Android/data/com.taobao.taobao/files
09-22 03:12:08.657 E/Vold    ( 1734): Failed to find mounted volume for /storage/usb0/Android/data/com.taobao.taobao/files/
09-22 03:12:08.657 W/ContextImpl( 3697): Failed to ensure directory: /storage/usb0/Android/data/com.taobao.taobao/files
09-22 03:12:08.657 E/Vold    ( 1734): Failed to find mounted volume for /storage/usb1/Android/data/com.taobao.taobao/files/
09-22 03:12:08.657 W/ContextImpl( 3697): Failed to ensure directory: /storage/usb1/Android/data/com.taobao.taobao/files
09-22 03:12:08.657 E/Vold    ( 1734): Failed to find mounted volume for /storage/usb2/Android/data/com.taobao.taobao/files/
09-22 03:12:08.657 W/ContextImpl( 3697): Failed to ensure directory: /storage/usb2/Android/data/com.taobao.taobao/files
09-22 03:12:08.658 E/Vold    ( 1734): Failed to find mounted volume for /storage/usb3/Android/data/com.taobao.taobao/files/
09-22 03:12:08.658 W/ContextImpl( 3697): Failed to ensure directory: /storage/usb3/Android/data/com.taobao.taobao/files
09-22 03:12:08.658 E/Vold    ( 1734): Failed to find mounted volume for /storage/sdcard1/Android/data/com.taobao.taobao/files/
09-22 03:12:08.658 W/ContextImpl( 3697): Failed to ensure directory: /storage/sdcard1/Android/data/com.taobao.taobao/files
09-22 03:12:08.684 E/test    ( 3697): load cache data set to lastData .....
09-22 03:12:08.693 E/Vold    ( 1734): Failed to find mounted volume for /storage/usb0/Android/data/com.taobao.taobao/files/
09-22 03:12:08.693 W/ContextImpl( 3697): Failed to ensure directory: /storage/usb0/Android/data/com.taobao.taobao/files
09-22 03:12:08.693 E/Vold    ( 1734): Failed to find mounted volume for /storage/usb1/Android/data/com.taobao.taobao/files/
09-22 03:12:08.693 W/ContextImpl( 3697): Failed to ensure directory: /storage/usb1/Android/data/com.taobao.taobao/files
09-22 03:12:08.693 E/Vold    ( 1734): Failed to find mounted volume for /storage/usb2/Android/data/com.taobao.taobao/files/
09-22 03:12:08.694 W/ContextImpl( 3697): Failed to ensure directory: /storage/usb2/Android/data/com.taobao.taobao/files
09-22 03:12:08.694 E/Vold    ( 1734): Failed to find mounted volume for /storage/usb3/Android/data/com.taobao.taobao/files/
09-22 03:12:08.694 W/ContextImpl( 3697): Failed to ensure directory: /storage/usb3/Android/data/com.taobao.taobao/files
09-22 03:12:08.694 E/Vold    ( 1734): Failed to find mounted volume for /storage/sdcard1/Android/data/com.taobao.taobao/files/
09-22 03:12:08.694 W/ContextImpl( 3697): Failed to ensure directory: /storage/sdcard1/Android/data/com.taobao.taobao/files
09-22 03:12:08.694 E/Vold    ( 1734): Failed to find mounted volume for /storage/usb0/Android/data/com.taobao.taobao/files/
09-22 03:12:08.694 W/ContextImpl( 3697): Failed to ensure directory: /storage/usb0/Android/data/com.taobao.taobao/files
09-22 03:12:08.695 E/Vold    ( 1734): Failed to find mounted volume for /storage/usb1/Android/data/com.taobao.taobao/files/
09-22 03:12:08.695 W/ContextImpl( 3697): Failed to ensure directory: /storage/usb1/Android/data/com.taobao.taobao/files
09-22 03:12:08.695 E/Vold    ( 1734): Failed to find mounted volume for /storage/usb2/Android/data/com.taobao.taobao/files/
09-22 03:12:08.695 W/ContextImpl( 3697): Failed to ensure directory: /storage/usb2/Android/data/com.taobao.taobao/files
09-22 03:12:08.695 E/Vold    ( 1734): Failed to find mounted volume for /storage/usb3/Android/data/com.taobao.taobao/files/
09-22 03:12:08.695 W/ContextImpl( 3697): Failed to ensure directory: /storage/usb3/Android/data/com.taobao.taobao/files
09-22 03:12:08.695 E/Vold    ( 1734): Failed to find mounted volume for /storage/sdcard1/Android/data/com.taobao.taobao/files/
09-22 03:12:08.695 W/ContextImpl( 3697): Failed to ensure directory: /storage/sdcard1/Android/data/com.taobao.taobao/files
09-22 03:12:08.750 E/Vold    ( 1734): Failed to find mounted volume for /storage/usb0/Android/data/com.taobao.taobao/files/
09-22 03:12:08.750 W/ContextImpl( 3697): Failed to ensure directory: /storage/usb0/Android/data/com.taobao.taobao/files
09-22 03:12:08.751 E/Vold    ( 1734): Failed to find mounted volume for /storage/usb1/Android/data/com.taobao.taobao/files/
09-22 03:12:08.751 W/ContextImpl( 3697): Failed to ensure directory: /storage/usb1/Android/data/com.taobao.taobao/files
09-22 03:12:08.751 E/Vold    ( 1734): Failed to find mounted volume for /storage/usb2/Android/data/com.taobao.taobao/files/
09-22 03:12:08.751 W/ContextImpl( 3697): Failed to ensure directory: /storage/usb2/Android/data/com.taobao.taobao/files
09-22 03:12:08.751 E/Vold    ( 1734): Failed to find mounted volume for /storage/usb3/Android/data/com.taobao.taobao/files/
09-22 03:12:08.751 W/ContextImpl( 3697): Failed to ensure directory: /storage/usb3/Android/data/com.taobao.taobao/files
09-22 03:12:08.751 E/Vold    ( 1734): Failed to find mounted volume for /storage/sdcard1/Android/data/com.taobao.taobao/files/
09-22 03:12:08.751 W/ContextImpl( 3697): Failed to ensure directory: /storage/sdcard1/Android/data/com.taobao.taobao/files
09-22 03:12:08.755 E/Vold    ( 1734): Failed to find mounted volume for /storage/usb0/Android/data/com.taobao.taobao/files/
09-22 03:12:08.755 W/ContextImpl( 3697): Failed to ensure directory: /storage/usb0/Android/data/com.taobao.taobao/files
09-22 03:12:08.756 E/Vold    ( 1734): Failed to find mounted volume for /storage/usb1/Android/data/com.taobao.taobao/files/
09-22 03:12:08.756 W/ContextImpl( 3697): Failed to ensure directory: /storage/usb1/Android/data/com.taobao.taobao/files
09-22 03:12:08.756 E/Vold    ( 1734): Failed to find mounted volume for /storage/usb2/Android/data/com.taobao.taobao/files/
09-22 03:12:08.756 W/ContextImpl( 3697): Failed to ensure directory: /storage/usb2/Android/data/com.taobao.taobao/files
09-22 03:12:08.756 E/Vold    ( 1734): Failed to find mounted volume for /storage/usb3/Android/data/com.taobao.taobao/files/
09-22 03:12:08.756 W/ContextImpl( 3697): Failed to ensure directory: /storage/usb3/Android/data/com.taobao.taobao/files
09-22 03:12:08.756 E/Vold    ( 1734): Failed to find mounted volume for /storage/sdcard1/Android/data/com.taobao.taobao/files/
09-22 03:12:08.756 W/ContextImpl( 3697): Failed to ensure directory: /storage/sdcard1/Android/data/com.taobao.taobao/files
09-22 03:12:08.757 E/Vold    ( 1734): Failed to find mounted volume for /storage/usb0/Android/data/com.taobao.taobao/files/
09-22 03:12:08.757 W/ContextImpl( 3697): Failed to ensure directory: /storage/usb0/Android/data/com.taobao.taobao/files
09-22 03:12:08.757 E/Vold    ( 1734): Failed to find mounted volume for /storage/usb1/Android/data/com.taobao.taobao/files/
09-22 03:12:08.757 W/ContextImpl( 3697): Failed to ensure directory: /storage/usb1/Android/data/com.taobao.taobao/files
09-22 03:12:08.757 E/Vold    ( 1734): Failed to find mounted volume for /storage/usb2/Android/data/com.taobao.taobao/files/
09-22 03:12:08.757 W/ContextImpl( 3697): Failed to ensure directory: /storage/usb2/Android/data/com.taobao.taobao/files
09-22 03:12:08.757 E/Vold    ( 1734): Failed to find mounted volume for /storage/usb3/Android/data/com.taobao.taobao/files/
09-22 03:12:08.757 W/ContextImpl( 3697): Failed to ensure directory: /storage/usb3/Android/data/com.taobao.taobao/files
09-22 03:12:08.758 E/Vold    ( 1734): Failed to find mounted volume for /storage/sdcard1/Android/data/com.taobao.taobao/files/
09-22 03:12:08.758 W/ContextImpl( 3697): Failed to ensure directory: /storage/sdcard1/Android/data/com.taobao.taobao/files
09-22 03:12:08.758 E/Vold    ( 1734): Failed to find mounted volume for /storage/usb0/Android/data/com.taobao.taobao/files/
09-22 03:12:08.758 W/ContextImpl( 3697): Failed to ensure directory: /storage/usb0/Android/data/com.taobao.taobao/files
09-22 03:12:08.758 E/Vold    ( 1734): Failed to find mounted volume for /storage/usb1/Android/data/com.taobao.taobao/files/
09-22 03:12:08.758 W/ContextImpl( 3697): Failed to ensure directory: /storage/usb1/Android/data/com.taobao.taobao/files
09-22 03:12:08.758 E/Vold    ( 1734): Failed to find mounted volume for /storage/usb2/Android/data/com.taobao.taobao/files/
09-22 03:12:08.758 W/ContextImpl( 3697): Failed to ensure directory: /storage/usb2/Android/data/com.taobao.taobao/files
09-22 03:12:08.759 E/Vold    ( 1734): Failed to find mounted volume for /storage/usb3/Android/data/com.taobao.taobao/files/
09-22 03:12:08.759 W/ContextImpl( 3697): Failed to ensure directory: /storage/usb3/Android/data/com.taobao.taobao/files
09-22 03:12:08.759 E/Vold    ( 1734): Failed to find mounted volume for /storage/sdcard1/Android/data/com.taobao.taobao/files/
09-22 03:12:08.759 W/ContextImpl( 3697): Failed to ensure directory: /storage/sdcard1/Android/data/com.taobao.taobao/files
09-22 03:12:08.759 E/Vold    ( 1734): Failed to find mounted volume for /storage/usb0/Android/data/com.taobao.taobao/files/
09-22 03:12:08.759 W/ContextImpl( 3697): Failed to ensure directory: /storage/usb0/Android/data/com.taobao.taobao/files
09-22 03:12:08.759 E/Vold    ( 1734): Failed to find mounted volume for /storage/usb1/Android/data/com.taobao.taobao/files/
09-22 03:12:08.760 W/ContextImpl( 3697): Failed to ensure directory: /storage/usb1/Android/data/com.taobao.taobao/files
09-22 03:12:08.760 E/Vold    ( 1734): Failed to find mounted volume for /storage/usb2/Android/data/com.taobao.taobao/files/
09-22 03:12:08.760 W/ContextImpl( 3697): Failed to ensure directory: /storage/usb2/Android/data/com.taobao.taobao/files
09-22 03:12:08.760 E/Vold    ( 1734): Failed to find mounted volume for /storage/usb3/Android/data/com.taobao.taobao/files/
09-22 03:12:08.760 W/ContextImpl( 3697): Failed to ensure directory: /storage/usb3/Android/data/com.taobao.taobao/files
09-22 03:12:08.760 E/Vold    ( 1734): Failed to find mounted volume for /storage/sdcard1/Android/data/com.taobao.taobao/files/
09-22 03:12:08.760 W/ContextImpl( 3697): Failed to ensure directory: /storage/sdcard1/Android/data/com.taobao.taobao/files
09-22 03:12:08.760 E/Vold    ( 1734): Failed to find mounted volume for /storage/usb0/Android/data/com.taobao.taobao/files/
09-22 03:12:08.761 W/ContextImpl( 3697): Failed to ensure directory: /storage/usb0/Android/data/com.taobao.taobao/files
09-22 03:12:08.761 E/Vold    ( 1734): Failed to find mounted volume for /storage/usb1/Android/data/com.taobao.taobao/files/
09-22 03:12:08.761 W/ContextImpl( 3697): Failed to ensure directory: /storage/usb1/Android/data/com.taobao.taobao/files
09-22 03:12:08.761 E/Vold    ( 1734): Failed to find mounted volume for /storage/usb2/Android/data/com.taobao.taobao/files/
09-22 03:12:08.761 W/ContextImpl( 3697): Failed to ensure directory: /storage/usb2/Android/data/com.taobao.taobao/files
09-22 03:12:08.761 E/Vold    ( 1734): Failed to find mounted volume for /storage/usb3/Android/data/com.taobao.taobao/files/
09-22 03:12:08.761 W/ContextImpl( 3697): Failed to ensure directory: /storage/usb3/Android/data/com.taobao.taobao/files
09-22 03:12:08.761 E/Vold    ( 1734): Failed to find mounted volume for /storage/sdcard1/Android/data/com.taobao.taobao/files/
09-22 03:12:08.761 W/ContextImpl( 3697): Failed to ensure directory: /storage/sdcard1/Android/data/com.taobao.taobao/files
09-22 03:12:08.804 E/Vold    ( 1734): Failed to find mounted volume for /storage/usb0/Android/data/com.taobao.taobao/files/
09-22 03:12:08.805 W/ContextImpl( 3697): Failed to ensure directory: /storage/usb0/Android/data/com.taobao.taobao/files
09-22 03:12:08.805 W/linker  ( 3926): [vdso]: unused DT entry: type 0x6ffffef5 arg 0xec
09-22 03:12:08.805 E/Vold    ( 1734): Failed to find mounted volume for /storage/usb1/Android/data/com.taobao.taobao/files/
09-22 03:12:08.805 W/ContextImpl( 3697): Failed to ensure directory: /storage/usb1/Android/data/com.taobao.taobao/files
09-22 03:12:08.806 E/Vold    ( 1734): Failed to find mounted volume for /storage/usb2/Android/data/com.taobao.taobao/files/
09-22 03:12:08.806 W/ContextImpl( 3697): Failed to ensure directory: /storage/usb2/Android/data/com.taobao.taobao/files
09-22 03:12:08.806 E/Vold    ( 1734): Failed to find mounted volume for /storage/usb3/Android/data/com.taobao.taobao/files/
09-22 03:12:08.807 W/ContextImpl( 3697): Failed to ensure directory: /storage/usb3/Android/data/com.taobao.taobao/files
09-22 03:12:08.807 E/Vold    ( 1734): Failed to find mounted volume for /storage/sdcard1/Android/data/com.taobao.taobao/files/
09-22 03:12:08.807 W/ContextImpl( 3697): Failed to ensure directory: /storage/sdcard1/Android/data/com.taobao.taobao/files
09-22 03:12:08.826 E/cutils-trace( 3926): Error opening trace file: Permission denied (13)
09-22 03:12:08.826 I/dex2oat ( 3926): /system/bin/dex2oat --zip-fd=5 --zip-location=/data/app/com.seafile.seadroid2/com.seafile.seadroid2.apk --oat-fd=6 --oat-location=/data/dalvik-cache/x86_64/data@app@com.seafile.seadroid2@com.seafile.seadroid2.apk@classes.dex --instruction-set=x86_64 --instruction-set-features=default --runtime-arg -Xms64m --runtime-arg -Xmx512m --compiler-filter=interpret-only --swap-fd=7
09-22 03:12:08.835 E/Vold    ( 1734): Failed to find mounted volume for /storage/usb0/Android/data/com.taobao.taobao/files/
09-22 03:12:08.835 W/ContextImpl( 3697): Failed to ensure directory: /storage/usb0/Android/data/com.taobao.taobao/files
09-22 03:12:08.836 E/Vold    ( 1734): Failed to find mounted volume for /storage/usb1/Android/data/com.taobao.taobao/files/
09-22 03:12:08.836 W/ContextImpl( 3697): Failed to ensure directory: /storage/usb1/Android/data/com.taobao.taobao/files
09-22 03:12:08.837 E/Vold    ( 1734): Failed to find mounted volume for /storage/usb2/Android/data/com.taobao.taobao/files/
09-22 03:12:08.838 W/ContextImpl( 3697): Failed to ensure directory: /storage/usb2/Android/data/com.taobao.taobao/files
09-22 03:12:08.838 E/Vold    ( 1734): Failed to find mounted volume for /storage/usb3/Android/data/com.taobao.taobao/files/
09-22 03:12:08.839 W/ContextImpl( 3697): Failed to ensure directory: /storage/usb3/Android/data/com.taobao.taobao/files
09-22 03:12:08.840 E/Vold    ( 1734): Failed to find mounted volume for /storage/sdcard1/Android/data/com.taobao.taobao/files/
09-22 03:12:08.840 W/ContextImpl( 3697): Failed to ensure directory: /storage/sdcard1/Android/data/com.taobao.taobao/files
09-22 03:12:08.850 E/Vold    ( 1734): Failed to find mounted volume for /storage/usb0/Android/data/com.taobao.taobao/files/
09-22 03:12:08.851 W/ContextImpl( 3697): Failed to ensure directory: /storage/usb0/Android/data/com.taobao.taobao/files
09-22 03:12:08.852 E/Vold    ( 1734): Failed to find mounted volume for /storage/usb1/Android/data/com.taobao.taobao/files/
09-22 03:12:08.852 W/ContextImpl( 3697): Failed to ensure directory: /storage/usb1/Android/data/com.taobao.taobao/files
09-22 03:12:08.853 E/Vold    ( 1734): Failed to find mounted volume for /storage/usb2/Android/data/com.taobao.taobao/files/
09-22 03:12:08.853 W/ContextImpl( 3697): Failed to ensure directory: /storage/usb2/Android/data/com.taobao.taobao/files
09-22 03:12:08.854 E/Vold    ( 1734): Failed to find mounted volume for /storage/usb3/Android/data/com.taobao.taobao/files/
09-22 03:12:08.854 W/ContextImpl( 3697): Failed to ensure directory: /storage/usb3/Android/data/com.taobao.taobao/files
09-22 03:12:08.855 E/Vold    ( 1734): Failed to find mounted volume for /storage/usb0/Android/data/com.taobao.taobao/cache/
09-22 03:12:08.855 E/Vold    ( 1734): Failed to find mounted volume for /storage/sdcard1/Android/data/com.taobao.taobao/files/
09-22 03:12:08.855 W/ContextImpl( 3697): Failed to ensure directory: /storage/sdcard1/Android/data/com.taobao.taobao/files
09-22 03:12:08.855 W/ContextImpl( 3510): Failed to ensure directory: /storage/usb0/Android/data/com.taobao.taobao/cache
09-22 03:12:08.856 E/Vold    ( 1734): Failed to find mounted volume for /storage/usb1/Android/data/com.taobao.taobao/cache/
09-22 03:12:08.856 W/ContextImpl( 3510): Failed to ensure directory: /storage/usb1/Android/data/com.taobao.taobao/cache
09-22 03:12:08.857 E/Vold    ( 1734): Failed to find mounted volume for /storage/usb0/Android/data/com.taobao.taobao/files/
09-22 03:12:08.857 W/ContextImpl( 3697): Failed to ensure directory: /storage/usb0/Android/data/com.taobao.taobao/files
09-22 03:12:08.858 E/Vold    ( 1734): Failed to find mounted volume for /storage/usb2/Android/data/com.taobao.taobao/cache/
09-22 03:12:08.858 E/Vold    ( 1734): Failed to find mounted volume for /storage/usb1/Android/data/com.taobao.taobao/files/
09-22 03:12:08.858 W/ContextImpl( 3697): Failed to ensure directory: /storage/usb1/Android/data/com.taobao.taobao/files
09-22 03:12:08.858 W/ContextImpl( 3510): Failed to ensure directory: /storage/usb2/Android/data/com.taobao.taobao/cache
09-22 03:12:08.859 E/Vold    ( 1734): Failed to find mounted volume for /storage/usb2/Android/data/com.taobao.taobao/files/
09-22 03:12:08.859 E/Vold    ( 1734): Failed to find mounted volume for /storage/usb3/Android/data/com.taobao.taobao/cache/
09-22 03:12:08.859 W/ContextImpl( 3510): Failed to ensure directory: /storage/usb3/Android/data/com.taobao.taobao/cache
09-22 03:12:08.859 W/ContextImpl( 3697): Failed to ensure directory: /storage/usb2/Android/data/com.taobao.taobao/files
09-22 03:12:08.860 E/Vold    ( 1734): Failed to find mounted volume for /storage/usb3/Android/data/com.taobao.taobao/files/
09-22 03:12:08.860 E/Vold    ( 1734): Failed to find mounted volume for /storage/sdcard1/Android/data/com.taobao.taobao/cache/
09-22 03:12:08.860 W/ContextImpl( 3697): Failed to ensure directory: /storage/usb3/Android/data/com.taobao.taobao/files
09-22 03:12:08.860 W/ContextImpl( 3510): Failed to ensure directory: /storage/sdcard1/Android/data/com.taobao.taobao/cache
09-22 03:12:08.861 E/Vold    ( 1734): Failed to find mounted volume for /storage/sdcard1/Android/data/com.taobao.taobao/files/
09-22 03:12:08.861 W/ContextImpl( 3697): Failed to ensure directory: /storage/sdcard1/Android/data/com.taobao.taobao/files
09-22 03:12:08.869 E/Vold    ( 1734): Failed to find mounted volume for /storage/usb0/Android/data/com.taobao.taobao/cache/
09-22 03:12:08.869 W/ContextImpl( 3510): Failed to ensure directory: /storage/usb0/Android/data/com.taobao.taobao/cache
09-22 03:12:08.869 E/Vold    ( 1734): Failed to find mounted volume for /storage/usb1/Android/data/com.taobao.taobao/cache/
09-22 03:12:08.869 W/ContextImpl( 3510): Failed to ensure directory: /storage/usb1/Android/data/com.taobao.taobao/cache
09-22 03:12:08.870 E/Vold    ( 1734): Failed to find mounted volume for /storage/usb2/Android/data/com.taobao.taobao/cache/
09-22 03:12:08.870 W/ContextImpl( 3510): Failed to ensure directory: /storage/usb2/Android/data/com.taobao.taobao/cache
09-22 03:12:08.870 E/Vold    ( 1734): Failed to find mounted volume for /storage/usb3/Android/data/com.taobao.taobao/cache/
09-22 03:12:08.871 W/ContextImpl( 3510): Failed to ensure directory: /storage/usb3/Android/data/com.taobao.taobao/cache
09-22 03:12:08.871 E/Vold    ( 1734): Failed to find mounted volume for /storage/sdcard1/Android/data/com.taobao.taobao/cache/
09-22 03:12:08.871 W/ContextImpl( 3510): Failed to ensure directory: /storage/sdcard1/Android/data/com.taobao.taobao/cache
09-22 03:12:08.889 E/Vold    ( 1734): Failed to find mounted volume for /storage/usb0/Android/data/com.taobao.taobao/files/
09-22 03:12:08.890 W/ContextImpl( 3697): Failed to ensure directory: /storage/usb0/Android/data/com.taobao.taobao/files
09-22 03:12:08.890 E/Vold    ( 1734): Failed to find mounted volume for /storage/usb1/Android/data/com.taobao.taobao/files/
09-22 03:12:08.891 W/ContextImpl( 3697): Failed to ensure directory: /storage/usb1/Android/data/com.taobao.taobao/files
09-22 03:12:08.891 E/Vold    ( 1734): Failed to find mounted volume for /storage/usb2/Android/data/com.taobao.taobao/files/
09-22 03:12:08.891 W/ContextImpl( 3697): Failed to ensure directory: /storage/usb2/Android/data/com.taobao.taobao/files
09-22 03:12:08.892 E/Vold    ( 1734): Failed to find mounted volume for /storage/usb3/Android/data/com.taobao.taobao/files/
09-22 03:12:08.892 W/ContextImpl( 3697): Failed to ensure directory: /storage/usb3/Android/data/com.taobao.taobao/files
09-22 03:12:08.893 E/Vold    ( 1734): Failed to find mounted volume for /storage/sdcard1/Android/data/com.taobao.taobao/files/
09-22 03:12:08.893 W/ContextImpl( 3697): Failed to ensure directory: /storage/sdcard1/Android/data/com.taobao.taobao/files
09-22 03:12:08.934 E/Vold    ( 1734): Failed to find mounted volume for /storage/usb0/Android/data/com.taobao.taobao/files/
09-22 03:12:08.935 W/ContextImpl( 3697): Failed to ensure directory: /storage/usb0/Android/data/com.taobao.taobao/files
09-22 03:12:08.935 E/Vold    ( 1734): Failed to find mounted volume for /storage/usb1/Android/data/com.taobao.taobao/files/
09-22 03:12:08.935 W/ContextImpl( 3697): Failed to ensure directory: /storage/usb1/Android/data/com.taobao.taobao/files
09-22 03:12:08.936 E/Vold    ( 1734): Failed to find mounted volume for /storage/usb2/Android/data/com.taobao.taobao/files/
09-22 03:12:08.936 W/ContextImpl( 3697): Failed to ensure directory: /storage/usb2/Android/data/com.taobao.taobao/files
09-22 03:12:08.936 E/Vold    ( 1734): Failed to find mounted volume for /storage/usb3/Android/data/com.taobao.taobao/files/
09-22 03:12:08.936 W/ContextImpl( 3697): Failed to ensure directory: /storage/usb3/Android/data/com.taobao.taobao/files
09-22 03:12:08.937 E/Vold    ( 1734): Failed to find mounted volume for /storage/sdcard1/Android/data/com.taobao.taobao/files/
09-22 03:12:08.937 W/ContextImpl( 3697): Failed to ensure directory: /storage/sdcard1/Android/data/com.taobao.taobao/files
09-22 03:12:08.937 E/Vold    ( 1734): Failed to find mounted volume for /storage/usb0/Android/data/com.taobao.taobao/files/
09-22 03:12:08.938 W/ContextImpl( 3697): Failed to ensure directory: /storage/usb0/Android/data/com.taobao.taobao/files
09-22 03:12:08.938 E/Vold    ( 1734): Failed to find mounted volume for /storage/usb1/Android/data/com.taobao.taobao/files/
09-22 03:12:08.938 W/ContextImpl( 3697): Failed to ensure directory: /storage/usb1/Android/data/com.taobao.taobao/files
09-22 03:12:08.938 E/Vold    ( 1734): Failed to find mounted volume for /storage/usb2/Android/data/com.taobao.taobao/files/
09-22 03:12:08.938 W/ContextImpl( 3697): Failed to ensure directory: /storage/usb2/Android/data/com.taobao.taobao/files
09-22 03:12:08.939 E/Vold    ( 1734): Failed to find mounted volume for /storage/usb3/Android/data/com.taobao.taobao/files/
09-22 03:12:08.939 W/ContextImpl( 3697): Failed to ensure directory: /storage/usb3/Android/data/com.taobao.taobao/files
09-22 03:12:08.939 E/Vold    ( 1734): Failed to find mounted volume for /storage/sdcard1/Android/data/com.taobao.taobao/files/
09-22 03:12:08.939 W/ContextImpl( 3697): Failed to ensure directory: /storage/sdcard1/Android/data/com.taobao.taobao/files
09-22 03:12:08.940 E/Vold    ( 1734): Failed to find mounted volume for /storage/usb0/Android/data/com.taobao.taobao/files/
09-22 03:12:08.940 W/ContextImpl( 3697): Failed to ensure directory: /storage/usb0/Android/data/com.taobao.taobao/files
09-22 03:12:08.940 E/Vold    ( 1734): Failed to find mounted volume for /storage/usb1/Android/data/com.taobao.taobao/files/
09-22 03:12:08.940 W/ContextImpl( 3697): Failed to ensure directory: /storage/usb1/Android/data/com.taobao.taobao/files
09-22 03:12:08.941 E/Vold    ( 1734): Failed to find mounted volume for /storage/usb2/Android/data/com.taobao.taobao/files/
09-22 03:12:08.941 W/ContextImpl( 3697): Failed to ensure directory: /storage/usb2/Android/data/com.taobao.taobao/files
09-22 03:12:08.941 E/Vold    ( 1734): Failed to find mounted volume for /storage/usb3/Android/data/com.taobao.taobao/files/
09-22 03:12:08.941 W/ContextImpl( 3697): Failed to ensure directory: /storage/usb3/Android/data/com.taobao.taobao/files
09-22 03:12:08.945 E/Vold    ( 1734): Failed to find mounted volume for /storage/sdcard1/Android/data/com.taobao.taobao/files/
09-22 03:12:08.946 W/ContextImpl( 3697): Failed to ensure directory: /storage/sdcard1/Android/data/com.taobao.taobao/files
09-22 03:12:08.949 E/Vold    ( 1734): Failed to find mounted volume for /storage/usb0/Android/data/com.taobao.taobao/files/
09-22 03:12:08.949 W/ContextImpl( 3697): Failed to ensure directory: /storage/usb0/Android/data/com.taobao.taobao/files
09-22 03:12:08.949 E/Vold    ( 1734): Failed to find mounted volume for /storage/usb1/Android/data/com.taobao.taobao/files/
09-22 03:12:08.949 W/ContextImpl( 3697): Failed to ensure directory: /storage/usb1/Android/data/com.taobao.taobao/files
09-22 03:12:08.950 E/Vold    ( 1734): Failed to find mounted volume for /storage/usb2/Android/data/com.taobao.taobao/files/
09-22 03:12:08.950 W/ContextImpl( 3697): Failed to ensure directory: /storage/usb2/Android/data/com.taobao.taobao/files
09-22 03:12:08.950 E/Vold    ( 1734): Failed to find mounted volume for /storage/usb3/Android/data/com.taobao.taobao/files/
09-22 03:12:08.950 W/ContextImpl( 3697): Failed to ensure directory: /storage/usb3/Android/data/com.taobao.taobao/files
09-22 03:12:08.951 E/Vold    ( 1734): Failed to find mounted volume for /storage/sdcard1/Android/data/com.taobao.taobao/files/
09-22 03:12:08.951 W/ContextImpl( 3697): Failed to ensure directory: /storage/sdcard1/Android/data/com.taobao.taobao/files
09-22 03:12:08.952 E/Vold    ( 1734): Failed to find mounted volume for /storage/usb0/Android/data/com.taobao.taobao/files/
09-22 03:12:08.952 W/ContextImpl( 3697): Failed to ensure directory: /storage/usb0/Android/data/com.taobao.taobao/files
09-22 03:12:08.952 E/Vold    ( 1734): Failed to find mounted volume for /storage/usb1/Android/data/com.taobao.taobao/files/
09-22 03:12:08.952 W/ContextImpl( 3697): Failed to ensure directory: /storage/usb1/Android/data/com.taobao.taobao/files
09-22 03:12:08.952 E/Vold    ( 1734): Failed to find mounted volume for /storage/usb2/Android/data/com.taobao.taobao/files/
09-22 03:12:08.952 W/ContextImpl( 3697): Failed to ensure directory: /storage/usb2/Android/data/com.taobao.taobao/files
09-22 03:12:08.953 E/Vold    ( 1734): Failed to find mounted volume for /storage/usb3/Android/data/com.taobao.taobao/files/
09-22 03:12:08.953 W/ContextImpl( 3697): Failed to ensure directory: /storage/usb3/Android/data/com.taobao.taobao/files
09-22 03:12:08.953 E/Vold    ( 1734): Failed to find mounted volume for /storage/sdcard1/Android/data/com.taobao.taobao/files/
09-22 03:12:08.953 W/ContextImpl( 3697): Failed to ensure directory: /storage/sdcard1/Android/data/com.taobao.taobao/files
09-22 03:12:08.953 E/Vold    ( 1734): Failed to find mounted volume for /storage/usb0/Android/data/com.taobao.taobao/files/
09-22 03:12:08.953 W/ContextImpl( 3697): Failed to ensure directory: /storage/usb0/Android/data/com.taobao.taobao/files
09-22 03:12:08.954 E/Vold    ( 1734): Failed to find mounted volume for /storage/usb1/Android/data/com.taobao.taobao/files/
09-22 03:12:08.955 W/ContextImpl( 3697): Failed to ensure directory: /storage/usb1/Android/data/com.taobao.taobao/files
09-22 03:12:08.958 D/houdini ( 3877): [3877] Added shared library /data/data/com.tencent.qqlive/lib/libwtecdh.so for ClassLoader by Native Bridge.
09-22 03:12:08.959 E/Vold    ( 1734): Failed to find mounted volume for /storage/usb2/Android/data/com.taobao.taobao/files/
09-22 03:12:08.960 W/ContextImpl( 3697): Failed to ensure directory: /storage/usb2/Android/data/com.taobao.taobao/files
09-22 03:12:08.960 E/Vold    ( 1734): Failed to find mounted volume for /storage/usb3/Android/data/com.taobao.taobao/files/
09-22 03:12:08.960 W/ContextImpl( 3697): Failed to ensure directory: /storage/usb3/Android/data/com.taobao.taobao/files
09-22 03:12:08.960 E/Vold    ( 1734): Failed to find mounted volume for /storage/sdcard1/Android/data/com.taobao.taobao/files/
09-22 03:12:08.961 W/ContextImpl( 3697): Failed to ensure directory: /storage/sdcard1/Android/data/com.taobao.taobao/files
09-22 03:12:08.961 E/Vold    ( 1734): Failed to find mounted volume for /storage/usb0/Android/data/com.taobao.taobao/files/
09-22 03:12:08.961 W/ContextImpl( 3697): Failed to ensure directory: /storage/usb0/Android/data/com.taobao.taobao/files
09-22 03:12:08.961 E/Vold    ( 1734): Failed to find mounted volume for /storage/usb1/Android/data/com.taobao.taobao/files/
09-22 03:12:08.961 W/ContextImpl( 3697): Failed to ensure directory: /storage/usb1/Android/data/com.taobao.taobao/files
09-22 03:12:08.962 E/Vold    ( 1734): Failed to find mounted volume for /storage/usb2/Android/data/com.taobao.taobao/files/
09-22 03:12:08.962 W/ContextImpl( 3697): Failed to ensure directory: /storage/usb2/Android/data/com.taobao.taobao/files
09-22 03:12:08.962 E/Vold    ( 1734): Failed to find mounted volume for /storage/usb3/Android/data/com.taobao.taobao/files/
09-22 03:12:08.962 W/ContextImpl( 3697): Failed to ensure directory: /storage/usb3/Android/data/com.taobao.taobao/files
09-22 03:12:08.962 E/Vold    ( 1734): Failed to find mounted volume for /storage/sdcard1/Android/data/com.taobao.taobao/files/
09-22 03:12:08.962 W/ContextImpl( 3697): Failed to ensure directory: /storage/sdcard1/Android/data/com.taobao.taobao/files
09-22 03:12:08.963 E/Vold    ( 1734): Failed to find mounted volume for /storage/usb0/Android/data/com.taobao.taobao/files/
09-22 03:12:08.963 W/ContextImpl( 3697): Failed to ensure directory: /storage/usb0/Android/data/com.taobao.taobao/files
09-22 03:12:08.963 E/Vold    ( 1734): Failed to find mounted volume for /storage/usb1/Android/data/com.taobao.taobao/files/
09-22 03:12:08.963 W/ContextImpl( 3697): Failed to ensure directory: /storage/usb1/Android/data/com.taobao.taobao/files
09-22 03:12:08.963 E/Vold    ( 1734): Failed to find mounted volume for /storage/usb2/Android/data/com.taobao.taobao/files/
09-22 03:12:08.963 W/ContextImpl( 3697): Failed to ensure directory: /storage/usb2/Android/data/com.taobao.taobao/files
09-22 03:12:08.963 E/Vold    ( 1734): Failed to find mounted volume for /storage/usb3/Android/data/com.taobao.taobao/files/
09-22 03:12:08.963 W/ContextImpl( 3697): Failed to ensure directory: /storage/usb3/Android/data/com.taobao.taobao/files
09-22 03:12:08.964 E/Vold    ( 1734): Failed to find mounted volume for /storage/sdcard1/Android/data/com.taobao.taobao/files/
09-22 03:12:08.964 W/ContextImpl( 3697): Failed to ensure directory: /storage/sdcard1/Android/data/com.taobao.taobao/files
09-22 03:12:08.964 E/Vold    ( 1734): Failed to find mounted volume for /storage/usb0/Android/data/com.taobao.taobao/files/
09-22 03:12:08.964 W/ContextImpl( 3697): Failed to ensure directory: /storage/usb0/Android/data/com.taobao.taobao/files
09-22 03:12:08.964 E/Vold    ( 1734): Failed to find mounted volume for /storage/usb1/Android/data/com.taobao.taobao/files/
09-22 03:12:08.964 W/ContextImpl( 3697): Failed to ensure directory: /storage/usb1/Android/data/com.taobao.taobao/files
09-22 03:12:08.965 E/Vold    ( 1734): Failed to find mounted volume for /storage/usb2/Android/data/com.taobao.taobao/files/
09-22 03:12:08.965 W/ContextImpl( 3697): Failed to ensure directory: /storage/usb2/Android/data/com.taobao.taobao/files
09-22 03:12:08.965 E/Vold    ( 1734): Failed to find mounted volume for /storage/usb3/Android/data/com.taobao.taobao/files/
09-22 03:12:08.965 W/ContextImpl( 3697): Failed to ensure directory: /storage/usb3/Android/data/com.taobao.taobao/files
09-22 03:12:08.965 E/Vold    ( 1734): Failed to find mounted volume for /storage/sdcard1/Android/data/com.taobao.taobao/files/
09-22 03:12:08.965 W/ContextImpl( 3697): Failed to ensure directory: /storage/sdcard1/Android/data/com.taobao.taobao/files
09-22 03:12:08.966 E/Vold    ( 1734): Failed to find mounted volume for /storage/usb0/Android/data/com.taobao.taobao/files/
09-22 03:12:08.966 W/ContextImpl( 3697): Failed to ensure directory: /storage/usb0/Android/data/com.taobao.taobao/files
09-22 03:12:08.966 E/Vold    ( 1734): Failed to find mounted volume for /storage/usb1/Android/data/com.taobao.taobao/files/
09-22 03:12:08.966 W/ContextImpl( 3697): Failed to ensure directory: /storage/usb1/Android/data/com.taobao.taobao/files
09-22 03:12:08.966 E/Vold    ( 1734): Failed to find mounted volume for /storage/usb2/Android/data/com.taobao.taobao/files/
09-22 03:12:08.966 W/ContextImpl( 3697): Failed to ensure directory: /storage/usb2/Android/data/com.taobao.taobao/files
09-22 03:12:08.966 E/Vold    ( 1734): Failed to find mounted volume for /storage/usb3/Android/data/com.taobao.taobao/files/
09-22 03:12:08.967 W/ContextImpl( 3697): Failed to ensure directory: /storage/usb3/Android/data/com.taobao.taobao/files
09-22 03:12:08.967 E/Vold    ( 1734): Failed to find mounted volume for /storage/sdcard1/Android/data/com.taobao.taobao/files/
09-22 03:12:08.967 W/ContextImpl( 3697): Failed to ensure directory: /storage/sdcard1/Android/data/com.taobao.taobao/files
09-22 03:12:08.978 E/Vold    ( 1734): Failed to find mounted volume for /storage/usb0/Android/data/com.taobao.taobao/cache/
09-22 03:12:08.978 W/ContextImpl( 3697): Failed to ensure directory: /storage/usb0/Android/data/com.taobao.taobao/cache
09-22 03:12:08.978 E/Vold    ( 1734): Failed to find mounted volume for /storage/usb1/Android/data/com.taobao.taobao/cache/
09-22 03:12:08.978 W/ContextImpl( 3697): Failed to ensure directory: /storage/usb1/Android/data/com.taobao.taobao/cache
09-22 03:12:08.978 E/Vold    ( 1734): Failed to find mounted volume for /storage/usb2/Android/data/com.taobao.taobao/cache/
09-22 03:12:08.978 W/ContextImpl( 3697): Failed to ensure directory: /storage/usb2/Android/data/com.taobao.taobao/cache
09-22 03:12:08.979 E/Vold    ( 1734): Failed to find mounted volume for /storage/usb3/Android/data/com.taobao.taobao/cache/
09-22 03:12:08.979 W/ContextImpl( 3697): Failed to ensure directory: /storage/usb3/Android/data/com.taobao.taobao/cache
09-22 03:12:08.979 E/Vold    ( 1734): Failed to find mounted volume for /storage/sdcard1/Android/data/com.taobao.taobao/cache/
09-22 03:12:08.979 W/ContextImpl( 3697): Failed to ensure directory: /storage/sdcard1/Android/data/com.taobao.taobao/cache
09-22 03:12:08.979 E/Vold    ( 1734): Failed to find mounted volume for /storage/usb0/Android/data/com.taobao.taobao/files/
09-22 03:12:08.979 W/ContextImpl( 3697): Failed to ensure directory: /storage/usb0/Android/data/com.taobao.taobao/files
09-22 03:12:08.980 E/Vold    ( 1734): Failed to find mounted volume for /storage/usb1/Android/data/com.taobao.taobao/files/
09-22 03:12:08.980 W/ContextImpl( 3697): Failed to ensure directory: /storage/usb1/Android/data/com.taobao.taobao/files
09-22 03:12:08.980 E/Vold    ( 1734): Failed to find mounted volume for /storage/usb2/Android/data/com.taobao.taobao/files/
09-22 03:12:08.980 W/ContextImpl( 3697): Failed to ensure directory: /storage/usb2/Android/data/com.taobao.taobao/files
09-22 03:12:08.980 E/Vold    ( 1734): Failed to find mounted volume for /storage/usb3/Android/data/com.taobao.taobao/files/
09-22 03:12:08.980 W/ContextImpl( 3697): Failed to ensure directory: /storage/usb3/Android/data/com.taobao.taobao/files
09-22 03:12:08.980 E/Vold    ( 1734): Failed to find mounted volume for /storage/sdcard1/Android/data/com.taobao.taobao/files/
09-22 03:12:08.980 W/ContextImpl( 3697): Failed to ensure directory: /storage/sdcard1/Android/data/com.taobao.taobao/files
09-22 03:12:08.982 E/Vold    ( 1734): Failed to find mounted volume for /storage/usb0/Android/data/com.taobao.taobao/files/
09-22 03:12:08.982 W/ContextImpl( 3697): Failed to ensure directory: /storage/usb0/Android/data/com.taobao.taobao/files
09-22 03:12:08.982 E/Vold    ( 1734): Failed to find mounted volume for /storage/usb1/Android/data/com.taobao.taobao/files/
09-22 03:12:08.982 W/ContextImpl( 3697): Failed to ensure directory: /storage/usb1/Android/data/com.taobao.taobao/files
09-22 03:12:08.982 E/Vold    ( 1734): Failed to find mounted volume for /storage/usb2/Android/data/com.taobao.taobao/files/
09-22 03:12:08.982 W/ContextImpl( 3697): Failed to ensure directory: /storage/usb2/Android/data/com.taobao.taobao/files
09-22 03:12:08.983 E/Vold    ( 1734): Failed to find mounted volume for /storage/usb3/Android/data/com.taobao.taobao/files/
09-22 03:12:08.983 W/ContextImpl( 3697): Failed to ensure directory: /storage/usb3/Android/data/com.taobao.taobao/files
09-22 03:12:08.983 E/Vold    ( 1734): Failed to find mounted volume for /storage/sdcard1/Android/data/com.taobao.taobao/files/
09-22 03:12:08.983 W/ContextImpl( 3697): Failed to ensure directory: /storage/sdcard1/Android/data/com.taobao.taobao/files
