09-22 03:12:09.002 I/dex2oat ( 3926): Decided to run without swap.
09-22 03:12:09.055 V/xiaomi  ( 3569): [Thread:140] connected to 42.62.94.2:5222 in 5489
09-22 03:12:09.055 W/ActivityManager( 2035): getRunningAppProcesses: caller 10085 does not hold REAL_GET_TASKS; limiting output
09-22 03:12:09.058 V/xiaomi  ( 3569): [Thread:145] setChallenge hash = 4a9bf320
09-22 03:12:09.058 V/xiaomi  ( 3569): [Thread:145] update the connection status. connecting -> connected : ERROR_OK 
09-22 03:12:09.073 W/linker  ( 3948): [vdso]: unused DT entry: type 0x6ffffef5 arg 0x160
09-22 03:12:09.381 W/dex2oat ( 3926): Before Android 4.1, method int android.support.v7.widget.ListViewCompat.lookForSelectablePosition(int, boolean) would have incorrectly overridden the package-private method in android.widget.ListView
09-22 03:12:09.426 W/ActivityManager( 2035): getRunningAppProcesses: caller 10078 does not hold REAL_GET_TASKS; limiting output
09-22 03:12:09.467 E/Vold    ( 1734): Failed to find mounted volume for /storage/usb0/Android/data/com.taobao.taobao/files/
09-22 03:12:09.468 W/ContextImpl( 3697): Failed to ensure directory: /storage/usb0/Android/data/com.taobao.taobao/files
09-22 03:12:09.468 E/Vold    ( 1734): Failed to find mounted volume for /storage/usb1/Android/data/com.taobao.taobao/files/
09-22 03:12:09.469 W/ContextImpl( 3697): Failed to ensure directory: /storage/usb1/Android/data/com.taobao.taobao/files
09-22 03:12:09.470 E/Vold    ( 1734): Failed to find mounted volume for /storage/usb2/Android/data/com.taobao.taobao/files/
09-22 03:12:09.470 W/ContextImpl( 3697): Failed to ensure directory: /storage/usb2/Android/data/com.taobao.taobao/files
09-22 03:12:09.472 E/Vold    ( 1734): Failed to find mounted volume for /storage/usb3/Android/data/com.taobao.taobao/files/
09-22 03:12:09.472 W/ContextImpl( 3697): Failed to ensure directory: /storage/usb3/Android/data/com.taobao.taobao/files
09-22 03:12:09.473 E/Vold    ( 1734): Failed to find mounted volume for /storage/sdcard1/Android/data/com.taobao.taobao/files/
09-22 03:12:09.474 W/ContextImpl( 3697): Failed to ensure directory: /storage/sdcard1/Android/data/com.taobao.taobao/files
09-22 03:12:09.475 E/Vold    ( 1734): Failed to find mounted volume for /storage/usb0/Android/data/com.taobao.taobao/files/
09-22 03:12:09.475 W/ContextImpl( 3697): Failed to ensure directory: /storage/usb0/Android/data/com.taobao.taobao/files
09-22 03:12:09.476 E/Vold    ( 1734): Failed to find mounted volume for /storage/usb1/Android/data/com.taobao.taobao/files/
09-22 03:12:09.477 W/ContextImpl( 3697): Failed to ensure directory: /storage/usb1/Android/data/com.taobao.taobao/files
09-22 03:12:09.478 E/Vold    ( 1734): Failed to find mounted volume for /storage/usb2/Android/data/com.taobao.taobao/files/
09-22 03:12:09.479 W/ContextImpl( 3697): Failed to ensure directory: /storage/usb2/Android/data/com.taobao.taobao/files
09-22 03:12:09.482 E/Vold    ( 1734): Failed to find mounted volume for /storage/usb3/Android/data/com.taobao.taobao/files/
09-22 03:12:09.483 W/ContextImpl( 3697): Failed to ensure directory: /storage/usb3/Android/data/com.taobao.taobao/files
09-22 03:12:09.483 E/Vold    ( 1734): Failed to find mounted volume for /storage/sdcard1/Android/data/com.taobao.taobao/files/
09-22 03:12:09.485 W/ContextImpl( 3697): Failed to ensure directory: /storage/sdcard1/Android/data/com.taobao.taobao/files
09-22 03:12:09.487 E/Vold    ( 1734): Failed to find mounted volume for /storage/usb0/Android/data/com.taobao.taobao/files/
09-22 03:12:09.488 W/ContextImpl( 3697): Failed to ensure directory: /storage/usb0/Android/data/com.taobao.taobao/files
09-22 03:12:09.489 E/Vold    ( 1734): Failed to find mounted volume for /storage/usb1/Android/data/com.taobao.taobao/files/
09-22 03:12:09.490 W/ContextImpl( 3697): Failed to ensure directory: /storage/usb1/Android/data/com.taobao.taobao/files
09-22 03:12:09.491 E/Vold    ( 1734): Failed to find mounted volume for /storage/usb2/Android/data/com.taobao.taobao/files/
09-22 03:12:09.492 W/ContextImpl( 3697): Failed to ensure directory: /storage/usb2/Android/data/com.taobao.taobao/files
09-22 03:12:09.493 E/Vold    ( 1734): Failed to find mounted volume for /storage/usb3/Android/data/com.taobao.taobao/files/
09-22 03:12:09.494 W/ContextImpl( 3697): Failed to ensure directory: /storage/usb3/Android/data/com.taobao.taobao/files
09-22 03:12:09.495 E/Vold    ( 1734): Failed to find mounted volume for /storage/sdcard1/Android/data/com.taobao.taobao/files/
09-22 03:12:09.495 W/ContextImpl( 3697): Failed to ensure directory: /storage/sdcard1/Android/data/com.taobao.taobao/files
09-22 03:12:09.499 E/Vold    ( 1734): Failed to find mounted volume for /storage/usb0/Android/data/com.taobao.taobao/files/
09-22 03:12:09.499 W/ContextImpl( 3697): Failed to ensure directory: /storage/usb0/Android/data/com.taobao.taobao/files
09-22 03:12:09.500 E/Vold    ( 1734): Failed to find mounted volume for /storage/usb1/Android/data/com.taobao.taobao/files/
09-22 03:12:09.500 W/ContextImpl( 3697): Failed to ensure directory: /storage/usb1/Android/data/com.taobao.taobao/files
09-22 03:12:09.501 E/Vold    ( 1734): Failed to find mounted volume for /storage/usb2/Android/data/com.taobao.taobao/files/
09-22 03:12:09.502 W/ContextImpl( 3697): Failed to ensure directory: /storage/usb2/Android/data/com.taobao.taobao/files
09-22 03:12:09.502 E/Vold    ( 1734): Failed to find mounted volume for /storage/usb3/Android/data/com.taobao.taobao/files/
09-22 03:12:09.503 W/ContextImpl( 3697): Failed to ensure directory: /storage/usb3/Android/data/com.taobao.taobao/files
09-22 03:12:09.504 E/Vold    ( 1734): Failed to find mounted volume for /storage/sdcard1/Android/data/com.taobao.taobao/files/
09-22 03:12:09.504 W/ContextImpl( 3697): Failed to ensure directory: /storage/sdcard1/Android/data/com.taobao.taobao/files
09-22 03:12:09.544 E/Vold    ( 1734): Failed to find mounted volume for /storage/usb0/Android/data/com.taobao.taobao/files/
09-22 03:12:09.544 W/ContextImpl( 3697): Failed to ensure directory: /storage/usb0/Android/data/com.taobao.taobao/files
09-22 03:12:09.546 E/Vold    ( 1734): Failed to find mounted volume for /storage/usb1/Android/data/com.taobao.taobao/files/
09-22 03:12:09.546 W/ContextImpl( 3697): Failed to ensure directory: /storage/usb1/Android/data/com.taobao.taobao/files
09-22 03:12:09.547 E/Vold    ( 1734): Failed to find mounted volume for /storage/usb2/Android/data/com.taobao.taobao/files/
09-22 03:12:09.547 W/ContextImpl( 3697): Failed to ensure directory: /storage/usb2/Android/data/com.taobao.taobao/files
09-22 03:12:09.547 E/Vold    ( 1734): Failed to find mounted volume for /storage/usb3/Android/data/com.taobao.taobao/files/
09-22 03:12:09.548 W/ContextImpl( 3697): Failed to ensure directory: /storage/usb3/Android/data/com.taobao.taobao/files
09-22 03:12:09.548 E/Vold    ( 1734): Failed to find mounted volume for /storage/sdcard1/Android/data/com.taobao.taobao/files/
09-22 03:12:09.548 W/ContextImpl( 3697): Failed to ensure directory: /storage/sdcard1/Android/data/com.taobao.taobao/files
09-22 03:12:09.549 E/Vold    ( 1734): Failed to find mounted volume for /storage/usb0/Android/data/com.taobao.taobao/files/
09-22 03:12:09.550 W/ContextImpl( 3697): Failed to ensure directory: /storage/usb0/Android/data/com.taobao.taobao/files
09-22 03:12:09.550 E/Vold    ( 1734): Failed to find mounted volume for /storage/usb1/Android/data/com.taobao.taobao/files/
09-22 03:12:09.550 W/ContextImpl( 3697): Failed to ensure directory: /storage/usb1/Android/data/com.taobao.taobao/files
09-22 03:12:09.551 E/Vold    ( 1734): Failed to find mounted volume for /storage/usb2/Android/data/com.taobao.taobao/files/
09-22 03:12:09.551 W/ContextImpl( 3697): Failed to ensure directory: /storage/usb2/Android/data/com.taobao.taobao/files
09-22 03:12:09.551 E/Vold    ( 1734): Failed to find mounted volume for /storage/usb3/Android/data/com.taobao.taobao/files/
09-22 03:12:09.551 W/ContextImpl( 3697): Failed to ensure directory: /storage/usb3/Android/data/com.taobao.taobao/files
09-22 03:12:09.552 E/Vold    ( 1734): Failed to find mounted volume for /storage/sdcard1/Android/data/com.taobao.taobao/files/
09-22 03:12:09.552 W/ContextImpl( 3697): Failed to ensure directory: /storage/sdcard1/Android/data/com.taobao.taobao/files
09-22 03:12:09.553 E/Vold    ( 1734): Failed to find mounted volume for /storage/usb0/Android/data/com.taobao.taobao/files/
09-22 03:12:09.553 W/ContextImpl( 3697): Failed to ensure directory: /storage/usb0/Android/data/com.taobao.taobao/files
09-22 03:12:09.553 E/Vold    ( 1734): Failed to find mounted volume for /storage/usb1/Android/data/com.taobao.taobao/files/
09-22 03:12:09.553 W/ContextImpl( 3697): Failed to ensure directory: /storage/usb1/Android/data/com.taobao.taobao/files
09-22 03:12:09.554 E/Vold    ( 1734): Failed to find mounted volume for /storage/usb2/Android/data/com.taobao.taobao/files/
09-22 03:12:09.554 W/ContextImpl( 3697): Failed to ensure directory: /storage/usb2/Android/data/com.taobao.taobao/files
09-22 03:12:09.554 E/Vold    ( 1734): Failed to find mounted volume for /storage/usb3/Android/data/com.taobao.taobao/files/
09-22 03:12:09.555 W/ContextImpl( 3697): Failed to ensure directory: /storage/usb3/Android/data/com.taobao.taobao/files
09-22 03:12:09.555 E/Vold    ( 1734): Failed to find mounted volume for /storage/sdcard1/Android/data/com.taobao.taobao/files/
09-22 03:12:09.555 W/ContextImpl( 3697): Failed to ensure directory: /storage/sdcard1/Android/data/com.taobao.taobao/files
09-22 03:12:09.556 E/Vold    ( 1734): Failed to find mounted volume for /storage/usb0/Android/data/com.taobao.taobao/files/
09-22 03:12:09.556 W/ContextImpl( 3697): Failed to ensure directory: /storage/usb0/Android/data/com.taobao.taobao/files
09-22 03:12:09.556 E/Vold    ( 1734): Failed to find mounted volume for /storage/usb1/Android/data/com.taobao.taobao/files/
09-22 03:12:09.556 W/ContextImpl( 3697): Failed to ensure directory: /storage/usb1/Android/data/com.taobao.taobao/files
09-22 03:12:09.557 E/Vold    ( 1734): Failed to find mounted volume for /storage/usb2/Android/data/com.taobao.taobao/files/
09-22 03:12:09.557 W/ContextImpl( 3697): Failed to ensure directory: /storage/usb2/Android/data/com.taobao.taobao/files
09-22 03:12:09.557 E/Vold    ( 1734): Failed to find mounted volume for /storage/usb3/Android/data/com.taobao.taobao/files/
09-22 03:12:09.557 W/ContextImpl( 3697): Failed to ensure directory: /storage/usb3/Android/data/com.taobao.taobao/files
09-22 03:12:09.557 E/Vold    ( 1734): Failed to find mounted volume for /storage/sdcard1/Android/data/com.taobao.taobao/files/
09-22 03:12:09.557 W/ContextImpl( 3697): Failed to ensure directory: /storage/sdcard1/Android/data/com.taobao.taobao/files
09-22 03:12:09.558 E/Vold    ( 1734): Failed to find mounted volume for /storage/usb0/Android/data/com.taobao.taobao/files/
09-22 03:12:09.558 W/ContextImpl( 3697): Failed to ensure directory: /storage/usb0/Android/data/com.taobao.taobao/files
09-22 03:12:09.558 E/Vold    ( 1734): Failed to find mounted volume for /storage/usb1/Android/data/com.taobao.taobao/files/
09-22 03:12:09.558 W/ContextImpl( 3697): Failed to ensure directory: /storage/usb1/Android/data/com.taobao.taobao/files
09-22 03:12:09.558 E/Vold    ( 1734): Failed to find mounted volume for /storage/usb2/Android/data/com.taobao.taobao/files/
09-22 03:12:09.559 W/ContextImpl( 3697): Failed to ensure directory: /storage/usb2/Android/data/com.taobao.taobao/files
09-22 03:12:09.559 E/Vold    ( 1734): Failed to find mounted volume for /storage/usb3/Android/data/com.taobao.taobao/files/
09-22 03:12:09.559 W/ContextImpl( 3697): Failed to ensure directory: /storage/usb3/Android/data/com.taobao.taobao/files
09-22 03:12:09.559 E/Vold    ( 1734): Failed to find mounted volume for /storage/sdcard1/Android/data/com.taobao.taobao/files/
09-22 03:12:09.559 W/ContextImpl( 3697): Failed to ensure directory: /storage/sdcard1/Android/data/com.taobao.taobao/files
09-22 03:12:09.574 E/Vold    ( 1734): Failed to find mounted volume for /storage/usb0/Android/data/com.taobao.taobao/files/
09-22 03:12:09.576 W/ContextImpl( 3697): Failed to ensure directory: /storage/usb0/Android/data/com.taobao.taobao/files
09-22 03:12:09.579 E/Vold    ( 1734): Failed to find mounted volume for /storage/usb1/Android/data/com.taobao.taobao/files/
09-22 03:12:09.579 W/ContextImpl( 3697): Failed to ensure directory: /storage/usb1/Android/data/com.taobao.taobao/files
09-22 03:12:09.581 E/Vold    ( 1734): Failed to find mounted volume for /storage/usb2/Android/data/com.taobao.taobao/files/
09-22 03:12:09.581 W/ContextImpl( 3697): Failed to ensure directory: /storage/usb2/Android/data/com.taobao.taobao/files
09-22 03:12:09.581 E/Vold    ( 1734): Failed to find mounted volume for /storage/usb3/Android/data/com.taobao.taobao/files/
09-22 03:12:09.582 W/ContextImpl( 3697): Failed to ensure directory: /storage/usb3/Android/data/com.taobao.taobao/files
09-22 03:12:09.582 E/Vold    ( 1734): Failed to find mounted volume for /storage/sdcard1/Android/data/com.taobao.taobao/files/
09-22 03:12:09.582 W/ContextImpl( 3697): Failed to ensure directory: /storage/sdcard1/Android/data/com.taobao.taobao/files
09-22 03:12:09.721 W/ActivityManager( 2035): getRunningAppProcesses: caller 10062 does not hold REAL_GET_TASKS; limiting output
09-22 03:12:10.076 W/linker  ( 3961): [vdso]: unused DT entry: type 0x6ffffef5 arg 0x160
09-22 03:12:10.091 I/dex2oat ( 3926): dex2oat took 1.184s (threads: 4) arena alloc=0B java alloc=5MB native alloc=657KB free=7MB
09-22 03:12:10.095 V/WindowManager( 2035): ++++xiej, 04-13,7:26, getOrientationFromAppTokensLocked
09-22 03:12:10.097 I/ActivityManager( 2035): =============== gchen_tag: stackId: 3 in moveTaskToFrontLocked: moveTaskToFront
09-22 03:12:10.105 V/WindowManager( 2035): ++++xiej, 04-13,7:26, getOrientationFromAppTokensLocked
09-22 03:12:10.107 D/ElectionService( 3835): unRegisterApp[ComponentInfo{com.taobao.apad/com.taobao.agoo.ElectionReceiver}]
09-22 03:12:10.107 I/Choreographer( 2035): Skipped 130 frames!  The application may be doing too much work on its main thread.
09-22 03:12:10.108 V/ControlService( 3835): handleDisableCurrentPack-->[com.taobao.apad]
09-22 03:12:10.108 D/ServiceUtil( 3835): command --->[com.taobao.apad.service]:[stop]
09-22 03:12:10.110 I/ActivityManager( 2035): Waited long enough for: ServiceRecord{267a4a0f u0 com.kingsoft.email/com.xiaomi.push.service.XMPushService}
09-22 03:12:10.111 E/ActivityThread( 3877): Failed to find provider info for oicq.wlogin_sdk.WloginProvider
09-22 03:12:10.153 W/BackupManagerService( 2035): dataChanged but no participant pkg='com.android.providers.settings' uid=10078
09-22 03:12:10.163 W/linker  ( 3965): [vdso]: unused DT entry: type 0x6ffffef5 arg 0x160
09-22 03:12:10.172 D/OpenGLRenderer( 2035): Use EGL_SWAP_BEHAVIOR_PRESERVED: true
09-22 03:12:10.173 D/Atlas   ( 2035): Validating map...
09-22 03:12:10.176 V/WindowManager( 2035): ++++xiej, 04-13,7:26, getOrientationFromAppTokensLocked
09-22 03:12:10.178 D/ControlService( 3835): checkRegister appKey == null
09-22 03:12:10.178 D/ControlService( 3835): handleWake[com.taobao.apad]--->[appkey==null,appSecret==null,ttid==null]
09-22 03:12:10.178 V/xiaomi  ( 3569): [Thread:140] JOB: bind the client. 5, 53099593263@xiaomi.com/anw8Q6rl
09-22 03:12:10.179 V/xiaomi  ( 3569): [Thread:140] update the client 5 status. unbind->binding unknown ERROR_OK null null
09-22 03:12:10.179 D/BaseIntentService( 3835): BaseIntentService onHandleIntent begin...
09-22 03:12:10.180 V/ProxyFactroy( 3835): getInstance[base] successfully
09-22 03:12:10.180 D/ControlService( 3835): onHandleIntent [com.taobao.apad][android.net.conn.CONNECTIVITY_CHANGE]
09-22 03:12:10.180 D/ControlService( 3835): handleError:ERROR_APPKEY_NULL
09-22 03:12:10.180 W/BaseIntentService( 3835): callError[ERROR_APPKEY_NULL]
09-22 03:12:10.183 V/xiaomi  ( 3569): [Thread:140] SMACK: bind id=iCVmp-0
09-22 03:12:10.186 D/ElectionService( 3835): unRegisterApp[ComponentInfo{com.taobao.apad/com.taobao.agoo.ElectionReceiver}]
09-22 03:12:10.189 V/ControlService( 3835): handleDisableCurrentPack-->[com.taobao.apad]
09-22 03:12:10.189 D/ServiceUtil( 3835): command --->[com.taobao.apad.service]:[stop]
09-22 03:12:10.189 D/ControlService( 3835): checkRegister appKey == null
09-22 03:12:10.189 D/ControlService( 3835): handleWake[com.taobao.apad]--->[appkey==null,appSecret==null,ttid==null]
09-22 03:12:10.193 V/ProxyFactroy( 3858): getInstance[base] successfully
09-22 03:12:10.199 D/AgooService( 3858): pushService==[org.android.agoo.impl.PushService]
09-22 03:12:10.199 W/PushService( 3858): >>> agoo system is creating >>>
09-22 03:12:10.200 V/Agoo    ( 3858): agoo_logger_path[/storage/emulated/0/_agoo_log_bin_]
09-22 03:12:10.202 V/WindowManager( 2035): ++++xiej, 04-13,7:26, getOrientationFromAppTokensLocked
09-22 03:12:10.205 V/xiaomi  ( 3569): [Thread:140] update the client 5 status. binding->binded OPEN ERROR_OK null null
09-22 03:12:10.205 V/xiaomi  ( 3569): [Thread:140] SMACK: channel bind succeeded, chid=5
09-22 03:12:10.213 D/dvy     ( 3858): api level is:22
09-22 03:12:10.214 W/dvy     ( 3858): time is daytime, wakeup cpu for keeping connecntion
09-22 03:12:10.225 D/PushService( 3858): hasComeFromCock[action==null]or[action!=com.taobao.apad.intent.action.COCKROACH]
09-22 03:12:10.225 D/PushService( 3858): hasComeFromCock[action==null]or[action!=com.taobao.apad.intent.action.COCKROACH]
09-22 03:12:10.226 D/PushService( 3858): registerNotKill--->[current-thread-name:se-service][action:com.taobao.apad.intent.action.COCKROACH]
09-22 03:12:10.226 D/PushService( 3858): action [com.taobao.apad.intent.action.START]
09-22 03:12:10.226 D/PushService( 3858): registerNotKill--->[current-thread-name:se-service][action:com.taobao.apad.intent.action.COCKROACH]
09-22 03:12:10.226 D/PushService( 3858): action [com.taobao.apad.intent.action.START]
09-22 03:12:10.226 D/PushService( 3858): unregisterNotKill--->[current-thread-name:se-service]
09-22 03:12:10.227 D/PushService( 3858): PushService destroying
09-22 03:12:10.227 D/PushService( 3858): unregisterNotKill--->[current-thread-name:se-service]
09-22 03:12:10.228 I/EGL-DRI2( 2035): DRI2: found extension DRI_Core version 1
09-22 03:12:10.228 I/EGL-DRI2( 2035): DRI2: found extension DRI_DRI2 version 4
09-22 03:12:10.228 D/PushService( 3858): PushService destroyed
09-22 03:12:10.229 D/PushService( 3858): PushService hasNeedNotKill[handleDestroyService]+hasNeedNotKill=false
09-22 03:12:10.231 D/ServiceUtil( 3858): killRunningService --->[3858]
09-22 03:12:10.231 I/Process ( 3858): Sending signal. PID: 3858 SIG: 9
09-22 03:12:10.247 I/ActivityManager( 2035): Process com.taobao.apad:push (pid 3858) has died
09-22 03:12:10.249 I/EGL-DRI2( 2035): DRI2: found extension DRI_TexBuffer version 3
09-22 03:12:10.249 I/EGL-DRI2( 2035): DRI2: found extension DRI2_Flush version 4
09-22 03:12:10.249 I/EGL-DRI2( 2035): DRI2: found extension DRI_IMAGE version 11
09-22 03:12:10.249 I/OpenGLRenderer( 2035): Initialized EGL, version 1.4
09-22 03:12:10.249 W/OpenGLRenderer( 2035): Failed to choose config with EGL_SWAP_BEHAVIOR_PRESERVED, retrying without...
09-22 03:12:10.252 D/OpenGLRenderer( 2035): Enabling debug mode 0
09-22 03:12:10.333 D/AppConfig( 3877): traverseSharedPreferencesKey: start
09-22 03:12:10.398 D/AppConfig( 3877): fs length is :370
09-22 03:12:10.548 W/ActivityManager( 2035): getRunningAppProcesses: caller 10080 does not hold REAL_GET_TASKS; limiting output
09-22 03:12:10.566 E/Vold    ( 1734): Failed to find mounted volume for /storage/usb0/Android/data/com.tencent.qqlive/files/
09-22 03:12:10.567 W/ContextImpl( 3877): Failed to ensure directory: /storage/usb0/Android/data/com.tencent.qqlive/files
09-22 03:12:10.568 E/Vold    ( 1734): Failed to find mounted volume for /storage/usb1/Android/data/com.tencent.qqlive/files/
09-22 03:12:10.568 W/ContextImpl( 3877): Failed to ensure directory: /storage/usb1/Android/data/com.tencent.qqlive/files
09-22 03:12:10.568 E/Vold    ( 1734): Failed to find mounted volume for /storage/usb2/Android/data/com.tencent.qqlive/files/
09-22 03:12:10.569 W/ContextImpl( 3877): Failed to ensure directory: /storage/usb2/Android/data/com.tencent.qqlive/files
09-22 03:12:10.569 E/Vold    ( 1734): Failed to find mounted volume for /storage/usb3/Android/data/com.tencent.qqlive/files/
09-22 03:12:10.570 W/ContextImpl( 3877): Failed to ensure directory: /storage/usb3/Android/data/com.tencent.qqlive/files
09-22 03:12:10.570 E/Vold    ( 1734): Failed to find mounted volume for /storage/sdcard1/Android/data/com.tencent.qqlive/files/
09-22 03:12:10.571 W/ContextImpl( 3877): Failed to ensure directory: /storage/sdcard1/Android/data/com.tencent.qqlive/files
09-22 03:12:10.571 E/QQLivePMnt.Log( 3877): new:com.tencent.qqlive:services,services
09-22 03:12:10.583 E/QQLivePMnt.Log( 3877): init
09-22 03:12:10.615 D/BluetoothManagerService( 2035): Message: 20
09-22 03:12:10.615 D/BluetoothManagerService( 2035): Added callback: android.bluetooth.IBluetoothManagerCallback$Stub$Proxy@167a4335:true
09-22 03:12:10.733 E/QQLivePMnt.Log( 3877): file index:QQLiveLog_0.log
09-22 03:12:10.733 E/QQLivePMnt.Log( 3877): file index:QQLiveLog_services_0.log
09-22 03:12:10.734 E/QQLivePMnt.Log( 3877): getFile:/storage/emulated/0/Android/data/com.tencent.qqlive/files/log/QQLiveLog_services_0.log
09-22 03:12:10.849 E/Vold    ( 1734): Failed to find mounted volume for /storage/usb0/Android/data/com.taobao.taobao/cache/
09-22 03:12:10.849 W/ContextImpl( 3510): Failed to ensure directory: /storage/usb0/Android/data/com.taobao.taobao/cache
09-22 03:12:10.850 E/Vold    ( 1734): Failed to find mounted volume for /storage/usb1/Android/data/com.taobao.taobao/cache/
09-22 03:12:10.851 W/ContextImpl( 3510): Failed to ensure directory: /storage/usb1/Android/data/com.taobao.taobao/cache
09-22 03:12:10.851 E/Vold    ( 1734): Failed to find mounted volume for /storage/usb2/Android/data/com.taobao.taobao/cache/
09-22 03:12:10.852 W/ContextImpl( 3510): Failed to ensure directory: /storage/usb2/Android/data/com.taobao.taobao/cache
09-22 03:12:10.852 E/Vold    ( 1734): Failed to find mounted volume for /storage/usb3/Android/data/com.taobao.taobao/cache/
09-22 03:12:10.853 W/ContextImpl( 3510): Failed to ensure directory: /storage/usb3/Android/data/com.taobao.taobao/cache
09-22 03:12:10.853 E/Vold    ( 1734): Failed to find mounted volume for /storage/sdcard1/Android/data/com.taobao.taobao/cache/
09-22 03:12:10.853 W/ContextImpl( 3510): Failed to ensure directory: /storage/sdcard1/Android/data/com.taobao.taobao/cache
09-22 03:12:10.862 E/Vold    ( 1734): Failed to find mounted volume for /storage/usb0/Android/data/com.taobao.taobao/cache/
09-22 03:12:10.862 W/ContextImpl( 3510): Failed to ensure directory: /storage/usb0/Android/data/com.taobao.taobao/cache
09-22 03:12:10.863 E/Vold    ( 1734): Failed to find mounted volume for /storage/usb1/Android/data/com.taobao.taobao/cache/
09-22 03:12:10.863 W/ContextImpl( 3510): Failed to ensure directory: /storage/usb1/Android/data/com.taobao.taobao/cache
09-22 03:12:10.864 E/Vold    ( 1734): Failed to find mounted volume for /storage/usb2/Android/data/com.taobao.taobao/cache/
09-22 03:12:10.864 W/ContextImpl( 3510): Failed to ensure directory: /storage/usb2/Android/data/com.taobao.taobao/cache
09-22 03:12:10.865 E/Vold    ( 1734): Failed to find mounted volume for /storage/usb3/Android/data/com.taobao.taobao/cache/
09-22 03:12:10.865 W/ContextImpl( 3510): Failed to ensure directory: /storage/usb3/Android/data/com.taobao.taobao/cache
09-22 03:12:10.866 E/Vold    ( 1734): Failed to find mounted volume for /storage/sdcard1/Android/data/com.taobao.taobao/cache/
09-22 03:12:10.866 W/ContextImpl( 3510): Failed to ensure directory: /storage/sdcard1/Android/data/com.taobao.taobao/cache
09-22 03:12:10.939 W/Settings( 3697): Setting airplane_mode_on has moved from android.provider.Settings.System to android.provider.Settings.Global, returning read-only value.
09-22 03:12:11.079 W/linker  ( 3998): [vdso]: unused DT entry: type 0x6ffffef5 arg 0x160
09-22 03:12:11.449 W/BackupManagerService( 2035): dataChanged but no participant pkg='com.android.providers.settings' uid=10078
09-22 03:12:11.954 W/art     ( 3877): Suspending all threads took: 571.917ms
09-22 03:12:12.076 W/ActivityManager( 2035): getRunningAppProcesses: caller 10080 does not hold REAL_GET_TASKS; limiting output
09-22 03:12:12.081 W/linker  ( 4004): [vdso]: unused DT entry: type 0x6ffffef5 arg 0x160
09-22 03:12:12.319 W/ActivityManager( 2035): getRunningAppProcesses: caller 10080 does not hold REAL_GET_TASKS; limiting output
09-22 03:12:12.320 W/ActivityManager( 2035): getRunningAppProcesses: caller 10080 does not hold REAL_GET_TASKS; limiting output
