WARNING: linker: [vdso]: unused DT entry: type 0x6ffffef5 arg 0x160
WARNING: linker: [vdso]: unused DT entry: type 0x6ffffef5 arg 0x160
--------- beginning of main
09-22 03:12:03.327 D/houdini ( 3569): [3569] Added shared library /data/app/com.quvideo.xiaoying-1/lib/arm/libjpush215.so for ClassLoader by Native Bridge.
09-22 03:12:03.337 D/XiaoYing( 3569): XMPushClient:initPushService mStrAppId 2000337
09-22 03:12:03.337 D/XiaoYing( 3569): XMPushClient:initPushService mStrAppKey 900200086337
09-22 03:12:03.340 V/xiaomi  ( 3569): [Thread:134] Could not send  register message within 5s repeatly .
09-22 03:12:03.365 W/linker  ( 3625): [vdso]: unused DT entry: type 0x6ffffef5 arg 0x160
09-22 03:12:03.367 W/linker  ( 3625): [vdso]: unused DT entry: type 0x6ffffef5 arg 0x160
09-22 03:12:03.377 V/xiaomi  ( 3569): [Thread:1] the job is pended, the controller is not ready.
09-22 03:12:03.377 V/xiaomi  ( 3569): [Thread:140] executing the pending job.
09-22 03:12:03.377 V/xiaomi  ( 3569): [Thread:140] JOB: prepare the mi push account.
09-22 03:12:03.377 V/xiaomi  ( 3569): [Thread:1] network changed, [type: Ethernet[], state: CONNECTED/CONNECTED, reason: (unspecified), extra: b0:25:aa:12:a4:4b, roaming: false, failover: false, isAvailable: true, isConnectedToProvisioningNetwork: false]
09-22 03:12:03.380 V/xiaomi  ( 3569): [Thread:140] JOB: do reconnect..
09-22 03:12:03.380 V/xiaomi  ( 3569): [Thread:140] update the connection status. disconnected -> connecting : ERROR_OK 
09-22 03:12:03.381 D/EaseMob ( 3569): easemob init in process:3569
--------- beginning of system
09-22 03:12:03.381 W/ActivityManager( 2035): getRunningAppProcesses: caller 10085 does not hold REAL_GET_TASKS; limiting output
09-22 03:12:03.385 D/EaseMob ( 3569): passed userName : null
09-22 03:12:03.385 D/EaseMob ( 3569): is autoLogin : true
09-22 03:12:03.386 D/EaseMob ( 3569): lastLoginUser : 
09-22 03:12:03.388 E/Vold    ( 1734): Failed to find mounted volume for /storage/usb0/Android/data/com.quvideo.xiaoying/files/
09-22 03:12:03.389 W/ContextImpl( 3569): Failed to ensure directory: /storage/usb0/Android/data/com.quvideo.xiaoying/files
09-22 03:12:03.389 E/Vold    ( 1734): Failed to find mounted volume for /storage/usb1/Android/data/com.quvideo.xiaoying/files/
09-22 03:12:03.389 W/ContextImpl( 3569): Failed to ensure directory: /storage/usb1/Android/data/com.quvideo.xiaoying/files
09-22 03:12:03.389 E/Vold    ( 1734): Failed to find mounted volume for /storage/usb2/Android/data/com.quvideo.xiaoying/files/
09-22 03:12:03.390 W/ContextImpl( 3569): Failed to ensure directory: /storage/usb2/Android/data/com.quvideo.xiaoying/files
09-22 03:12:03.390 E/Vold    ( 1734): Failed to find mounted volume for /storage/usb3/Android/data/com.quvideo.xiaoying/files/
09-22 03:12:03.390 W/ContextImpl( 3569): Failed to ensure directory: /storage/usb3/Android/data/com.quvideo.xiaoying/files
09-22 03:12:03.390 E/Vold    ( 1734): Failed to find mounted volume for /storage/sdcard1/Android/data/com.quvideo.xiaoying/files/
09-22 03:12:03.390 W/ContextImpl( 3569): Failed to ensure directory: /storage/sdcard1/Android/data/com.quvideo.xiaoying/files
09-22 03:12:03.401 W/ActivityManager( 2035): getRunningAppProcesses: caller 10085 does not hold REAL_GET_TASKS; limiting output
09-22 03:12:03.566 V/xiaomi  ( 3569): [Thread:140] begin to connect to 42.62.94.2:5222
09-22 03:12:03.740 W/ActivityManager( 2035): getRunningAppProcesses: caller 10078 does not hold REAL_GET_TASKS; limiting output
09-22 03:12:03.865 E/Vold    ( 1734): Failed to find mounted volume for /storage/usb0/Android/data/com.taobao.taobao/files/atlas-debug/
09-22 03:12:03.866 W/ContextImpl( 3510): Failed to ensure directory: /storage/usb0/Android/data/com.taobao.taobao/files/atlas-debug
09-22 03:12:03.867 E/Vold    ( 1734): Failed to find mounted volume for /storage/usb1/Android/data/com.taobao.taobao/files/atlas-debug/
09-22 03:12:03.867 W/ContextImpl( 3510): Failed to ensure directory: /storage/usb1/Android/data/com.taobao.taobao/files/atlas-debug
09-22 03:12:03.868 E/Vold    ( 1734): Failed to find mounted volume for /storage/usb2/Android/data/com.taobao.taobao/files/atlas-debug/
09-22 03:12:03.868 W/ContextImpl( 3510): Failed to ensure directory: /storage/usb2/Android/data/com.taobao.taobao/files/atlas-debug
09-22 03:12:03.869 E/Vold    ( 1734): Failed to find mounted volume for /storage/usb3/Android/data/com.taobao.taobao/files/atlas-debug/
09-22 03:12:03.869 W/ContextImpl( 3510): Failed to ensure directory: /storage/usb3/Android/data/com.taobao.taobao/files/atlas-debug
09-22 03:12:03.870 E/Vold    ( 1734): Failed to find mounted volume for /storage/sdcard1/Android/data/com.taobao.taobao/files/atlas-debug/
09-22 03:12:03.870 W/ContextImpl( 3510): Failed to ensure directory: /storage/sdcard1/Android/data/com.taobao.taobao/files/atlas-debug
09-22 03:12:03.870 W/ActivityManager( 2035): getRunningAppProcesses: caller 10078 does not hold REAL_GET_TASKS; limiting output
09-22 03:12:04.060 W/linker  ( 3638): [vdso]: unused DT entry: type 0x6ffffef5 arg 0x160
09-22 03:12:04.208 D/AppMonitor:Native( 3510): JNI_OnLoad version: 0
09-22 03:12:04.208 W/ActivityManager( 2035): getRunningAppProcesses: caller 10078 does not hold REAL_GET_TASKS; limiting output
09-22 03:12:04.209 W/ActivityManager( 2035): getRunningAppProcesses: caller 10078 does not hold REAL_GET_TASKS; limiting output
09-22 03:12:04.226 D/PatchManager( 3510): PatchManager.init(ver=5.8.0)
09-22 03:12:04.227 W/ActivityManager( 2035): getRunningAppProcesses: caller 10078 does not hold REAL_GET_TASKS; limiting output
09-22 03:12:04.227 W/ActivityManager( 2035): getRunningAppProcesses: caller 10078 does not hold REAL_GET_TASKS; limiting output
09-22 03:12:04.227 W/ActivityManager( 2035): getRunningAppProcesses: caller 10078 does not hold REAL_GET_TASKS; limiting output
09-22 03:12:04.381 D/WifiService( 2035): New client listening to asynchronous messages
09-22 03:12:04.598 D/NetworkMonitor/NetworkAgentInfo [Ethernet () - 100]( 2035): EvaluatingState{ when=-4ms what=532486 arg1=3 target=com.android.internal.util.StateMachine$SmHandler }
09-22 03:12:04.598 D/NetworkMonitor/NetworkAgentInfo [Ethernet () - 100]( 2035): Checking http://connectivitycheck.android.com/generate_204 on b0:25:aa:12:a4:4b
09-22 03:12:04.931 I/System.out( 3398): size57
09-22 03:12:05.063 W/linker  ( 3647): [vdso]: unused DT entry: type 0x6ffffef5 arg 0x160
09-22 03:12:05.068 I/ActivityManager( 2035): Waited long enough for: ServiceRecord{65dd46f u0 com.ximalaya.ting.android/com.igexin.sdk.PushService}
09-22 03:12:05.079 I/ActivityManager( 2035): Start proc 3648:com.mt.mtxx.mtxx:pushservice/u0a76 for service com.mt.mtxx.mtxx/com.igexin.download.DownloadService
09-22 03:12:05.079 D/houdini ( 3648): [3648] Initialize library(version: 5.2.2_y.47738 RELEASE)... successfully.
09-22 03:12:05.097 W/ActivityManager( 2035): getRunningAppProcesses: caller 10078 does not hold REAL_GET_TASKS; limiting output
09-22 03:12:05.099 D/houdini ( 3648): [3648] Added shared library /data/app/com.mt.mtxx.mtxx-1/lib/arm/libandroid-image.so for ClassLoader by Native Bridge.
09-22 03:12:05.100 D/houdini ( 3648): [3648] Added shared library /data/app/com.mt.mtxx.mtxx-1/lib/arm/libmegvii_detect_81p.so for ClassLoader by Native Bridge.
09-22 03:12:05.102 W/ActivityManager( 2035): getRunningAppProcesses: caller 10078 does not hold REAL_GET_TASKS; limiting output
09-22 03:12:05.102 W/ActivityManager( 2035): getRunningAppProcesses: caller 10078 does not hold REAL_GET_TASKS; limiting output
09-22 03:12:05.103 D/houdini ( 3648): [3648] Added shared library /data/app/com.mt.mtxx.mtxx-1/lib/arm/libmtimage-jni.so for ClassLoader by Native Bridge.
09-22 03:12:05.108 E/art     ( 3510): No implementation found for void c8.Zwi.setLogLevel(int) (tried Java_c8_Zwi_setLogLevel and Java_c8_Zwi_setLogLevel__I)
09-22 03:12:05.109 E/Vold    ( 1734): Failed to find mounted volume for /storage/usb0/Android/data/com.taobao.taobao/files/
09-22 03:12:05.109 W/ContextImpl( 3510): Failed to ensure directory: /storage/usb0/Android/data/com.taobao.taobao/files
09-22 03:12:05.109 E/Vold    ( 1734): Failed to find mounted volume for /storage/usb1/Android/data/com.taobao.taobao/files/
09-22 03:12:05.109 W/ContextImpl( 3510): Failed to ensure directory: /storage/usb1/Android/data/com.taobao.taobao/files
09-22 03:12:05.110 E/Vold    ( 1734): Failed to find mounted volume for /storage/usb2/Android/data/com.taobao.taobao/files/
09-22 03:12:05.110 W/ContextImpl( 3510): Failed to ensure directory: /storage/usb2/Android/data/com.taobao.taobao/files
09-22 03:12:05.110 W/linker  ( 3675): [vdso]: unused DT entry: type 0x6ffffef5 arg 0x160
09-22 03:12:05.110 E/Vold    ( 1734): Failed to find mounted volume for /storage/usb3/Android/data/com.taobao.taobao/files/
09-22 03:12:05.110 W/ContextImpl( 3510): Failed to ensure directory: /storage/usb3/Android/data/com.taobao.taobao/files
09-22 03:12:05.110 E/Vold    ( 1734): Failed to find mounted volume for /storage/sdcard1/Android/data/com.taobao.taobao/files/
09-22 03:12:05.111 W/ContextImpl( 3510): Failed to ensure directory: /storage/sdcard1/Android/data/com.taobao.taobao/files
09-22 03:12:05.111 E/Vold    ( 1734): Failed to find mounted volume for /storage/usb0/Android/data/com.taobao.taobao/files/
09-22 03:12:05.111 W/ContextImpl( 3510): Failed to ensure directory: /storage/usb0/Android/data/com.taobao.taobao/files
09-22 03:12:05.111 E/Vold    ( 1734): Failed to find mounted volume for /storage/usb1/Android/data/com.taobao.taobao/files/
09-22 03:12:05.111 W/ContextImpl( 3510): Failed to ensure directory: /storage/usb1/Android/data/com.taobao.taobao/files
09-22 03:12:05.112 E/Vold    ( 1734): Failed to find mounted volume for /storage/usb2/Android/data/com.taobao.taobao/files/
09-22 03:12:05.112 W/ContextImpl( 3510): Failed to ensure directory: /storage/usb2/Android/data/com.taobao.taobao/files
09-22 03:12:05.112 E/Vold    ( 1734): Failed to find mounted volume for /storage/usb3/Android/data/com.taobao.taobao/files/
09-22 03:12:05.112 W/ContextImpl( 3510): Failed to ensure directory: /storage/usb3/Android/data/com.taobao.taobao/files
09-22 03:12:05.112 E/Vold    ( 1734): Failed to find mounted volume for /storage/sdcard1/Android/data/com.taobao.taobao/files/
09-22 03:12:05.112 W/ContextImpl( 3510): Failed to ensure directory: /storage/sdcard1/Android/data/com.taobao.taobao/files
09-22 03:12:05.115 I/System.out( 3398): size57
09-22 03:12:05.169 I/ActivityManager( 2035): Waited long enough for: ServiceRecord{3a5d8626 u0 com.android.music/.MediaPlaybackService}
09-22 03:12:05.228 I/WebViewFactory( 3510): Loading com.android.webview version 39 (eng.-x86_64) (code 399998)
09-22 03:12:05.231 I/LibraryLoader( 3510): Time to load native libraries: 1 ms (timestamps 1098-1099)
09-22 03:12:05.231 I/LibraryLoader( 3510): Expected native library version number "",actual native library version number ""
09-22 03:12:05.239 W/System.err( 3510): ErrorCode = 508
09-22 03:12:05.239 W/System.err( 3510): com.alibaba.wireless.security.open.SecException: 
09-22 03:12:05.348 W/art     ( 3510): Attempt to remove local handle scope entry from IRT, ignoring
09-22 03:12:05.368 W/System.err( 3510): 	at c8.GMk.doCommandNative(Native Method)
09-22 03:12:05.368 W/System.err( 3510): 	at c8.rwb.doCommandNative(Unknown Source)
09-22 03:12:05.368 W/System.err( 3510): 	at c8.Qvb.a(Unknown Source)
09-22 03:12:05.368 W/System.err( 3510): 	at c8.Qvb.getStringDDpEx(Unknown Source)
09-22 03:12:05.368 W/System.err( 3510): 	at c8.BMk.getStringDDpEx(Unknown Source)
09-22 03:12:05.368 W/System.err( 3510): 	at c8.ueg.getSecureSessionFromDisk(Taobao:417)
09-22 03:12:05.368 W/System.err( 3510): 	at c8.seg.initMemoryData(Taobao:267)
09-22 03:12:05.368 W/System.err( 3510): 	at c8.seg.access$300(Taobao:56)
09-22 03:12:05.368 W/System.err( 3510): 	at c8.veg.run(Taobao:153)
09-22 03:12:05.388 W/System.err( 3510): ErrorCode = 508
09-22 03:12:05.388 W/System.err( 3510): com.alibaba.wireless.security.open.SecException: 
09-22 03:12:05.388 W/System.err( 3510): 	at c8.GMk.doCommandNative(Native Method)
09-22 03:12:05.388 W/System.err( 3510): 	at c8.rwb.doCommandNative(Unknown Source)
09-22 03:12:05.388 W/System.err( 3510): 	at c8.Qvb.a(Unknown Source)
09-22 03:12:05.388 W/System.err( 3510): 	at c8.Qvb.removeStringDDpEx(Unknown Source)
09-22 03:12:05.388 W/System.err( 3510): 	at c8.BMk.removeStringDDpEx(Unknown Source)
09-22 03:12:05.388 W/System.err( 3510): 	at c8.ueg.removeSecureSession(Taobao:240)
09-22 03:12:05.388 W/System.err( 3510): 	at c8.seg.initMemoryData(Taobao:286)
09-22 03:12:05.388 W/System.err( 3510): 	at c8.seg.access$300(Taobao:56)
09-22 03:12:05.388 W/System.err( 3510): 	at c8.veg.run(Taobao:153)
09-22 03:12:05.396 I/ActivityManager( 2035): Start proc 3697:com.taobao.taobao/u0a78 for broadcast com.taobao.taobao/com.taobao.orange.receiver.OrangeReceiver
09-22 03:12:05.403 W/ActivityManager( 2035): getRunningAppProcesses: caller 10078 does not hold REAL_GET_TASKS; limiting output
09-22 03:12:05.406 D/houdini ( 3648): [3648] Added shared library /data/app/com.mt.mtxx.mtxx-1/lib/arm/libglfilterapi.so for ClassLoader by Native Bridge.
09-22 03:12:05.408 E/Vold    ( 1734): Failed to find mounted volume for /storage/usb0/Android/data/com.taobao.taobao/files/
09-22 03:12:05.409 W/ContextImpl( 3510): Failed to ensure directory: /storage/usb0/Android/data/com.taobao.taobao/files
09-22 03:12:05.410 E/Vold    ( 1734): Failed to find mounted volume for /storage/usb1/Android/data/com.taobao.taobao/files/
09-22 03:12:05.410 W/ContextImpl( 3510): Failed to ensure directory: /storage/usb1/Android/data/com.taobao.taobao/files
09-22 03:12:05.410 E/Vold    ( 1734): Failed to find mounted volume for /storage/usb2/Android/data/com.taobao.taobao/files/
09-22 03:12:05.410 W/ContextImpl( 3510): Failed to ensure directory: /storage/usb2/Android/data/com.taobao.taobao/files
09-22 03:12:05.411 E/Vold    ( 1734): Failed to find mounted volume for /storage/usb3/Android/data/com.taobao.taobao/files/
09-22 03:12:05.411 W/ContextImpl( 3510): Failed to ensure directory: /storage/usb3/Android/data/com.taobao.taobao/files
09-22 03:12:05.411 E/Vold    ( 1734): Failed to find mounted volume for /storage/sdcard1/Android/data/com.taobao.taobao/files/
09-22 03:12:05.411 W/ContextImpl( 3510): Failed to ensure directory: /storage/sdcard1/Android/data/com.taobao.taobao/files
09-22 03:12:05.413 I/Bridge  ( 3697): Java side of ALI_MOBILE_OBF is on, [git:554108b]
09-22 03:12:05.415 I/x86HJNI ( 3697): Native side of ALI_MOBILE_OBF is on, have a good day. [git:554108b / Mon May 30 21:24:39 2016]
09-22 03:12:05.415 I/x86HJNI ( 3697): Register function pre/post_x86Load0, Host is x86
09-22 03:12:05.432 I/System.out( 3398): size57
09-22 03:12:05.466 I/x86HJNI ( 3697): load config file /data/data/com.taobao.taobao/code_cache/hjni/reflectmap.dat, Size: 2383918
09-22 03:12:05.478 E/Library ( 3697):  No file found for library Motu in following pathes: [/data/app/com.taobao.taobao-1/lib/x86, /data/data/com.taobao.taobao/files, /system/lib, /vendor/lib]
09-22 03:12:05.478 E/MotuCrashReporter( 3697): load motu library error.
09-22 03:12:05.478 E/MotuCrashReporter( 3697): java.lang.UnsatisfiedLinkError: can't find library Motu
09-22 03:12:05.478 E/MotuCrashReporter( 3697): 	at com.ali.mobisecenhance.Library.a(Unknown Source)
09-22 03:12:05.478 E/MotuCrashReporter( 3697): 	at com.ali.mobisecenhance.Library.before_System_loadLibrary(Unknown Source)
09-22 03:12:05.478 E/MotuCrashReporter( 3697): 	at c8.Dpb._2loadLibrary(Taobao)
09-22 03:12:05.478 E/MotuCrashReporter( 3697): 	at c8.Dpb.loadMotuSo(Taobao:50)
09-22 03:12:05.478 E/MotuCrashReporter( 3697): 	at c8.Dpb.init(Taobao:83)
09-22 03:12:05.478 E/MotuCrashReporter( 3697): 	at c8.Apb.initHandler(Taobao:82)
09-22 03:12:05.478 E/MotuCrashReporter( 3697): 	at c8.Sob.enable(Taobao:117)
09-22 03:12:05.478 E/MotuCrashReporter( 3697): 	at c8.GCh.initCrashHandler(Taobao:279)
09-22 03:12:05.478 E/MotuCrashReporter( 3697): 	at c8.GCh.attachBaseContext(Taobao:88)
09-22 03:12:05.478 E/MotuCrashReporter( 3697): 	at android.app.Application.attach(Application.java:181)
09-22 03:12:05.478 E/MotuCrashReporter( 3697): 	at android.app.Instrumentation.newApplication(Instrumentation.java:996)
09-22 03:12:05.478 E/MotuCrashReporter( 3697): 	at android.app.Instrumentation.newApplication(Instrumentation.java:980)
09-22 03:12:05.478 E/MotuCrashReporter( 3697): 	at com.ali.mobisecenhance.Init.run(Unknown Source)
09-22 03:12:05.478 E/MotuCrashReporter( 3697): 	at com.ali.mobisecenhance.ld.BridgeApp2.onCreate(Unknown Source)
09-22 03:12:05.478 E/MotuCrashReporter( 3697): 	at android.app.Instrumentation.callApplicationOnCreate(Instrumentation.java:1012)
09-22 03:12:05.478 E/MotuCrashReporter( 3697): 	at android.app.ActivityThread.handleBindApplication(ActivityThread.java:4553)
09-22 03:12:05.478 E/MotuCrashReporter( 3697): 	at android.app.ActivityThread.access$1500(ActivityThread.java:151)
09-22 03:12:05.478 E/MotuCrashReporter( 3697): 	at android.app.ActivityThread$H.handleMessage(ActivityThread.java:1364)
09-22 03:12:05.478 E/MotuCrashReporter( 3697): 	at android.os.Handler.dispatchMessage(Handler.java:102)
09-22 03:12:05.478 E/MotuCrashReporter( 3697): 	at android.os.Looper.loop(Looper.java:135)
09-22 03:12:05.478 E/MotuCrashReporter( 3697): 	at android.app.ActivityThread.main(ActivityThread.java:5254)
09-22 03:12:05.478 E/MotuCrashReporter( 3697): 	at java.lang.reflect.Method.invoke(Native Method)
09-22 03:12:05.478 E/MotuCrashReporter( 3697): 	at java.lang.reflect.Method.invoke(Method.java:372)
09-22 03:12:05.478 E/MotuCrashReporter( 3697): 	at com.android.internal.os.ZygoteInit$MethodAndArgsCaller.run(ZygoteInit.java:903)
09-22 03:12:05.478 E/MotuCrashReporter( 3697): 	at com.android.internal.os.ZygoteInit.main(ZygoteInit.java:698)
09-22 03:12:05.485 W/linker  ( 3725): [vdso]: unused DT entry: type 0x6ffffef5 arg 0x160
09-22 03:12:05.585 W/ActivityManager( 2035): Unable to start service Intent { act=org.rome.android.IPP_CALL pkg=com.eg.android.AlipayGphone cmp=com.eg.android.AlipayGphone/org.rome.android.ipp.binder.IppService (has extras) } U=0: not found
09-22 03:12:05.692 W/ActivityManager( 2035): getRunningAppProcesses: caller 10078 does not hold REAL_GET_TASKS; limiting output
09-22 03:12:05.722 W/ActivityManager( 2035): getRunningAppProcesses: caller 10078 does not hold REAL_GET_TASKS; limiting output
09-22 03:12:05.723 W/ActivityManager( 2035): getRunningAppProcesses: caller 10076 does not hold REAL_GET_TASKS; limiting output
09-22 03:12:05.723 W/System.err( 3648): java.lang.RuntimeException: Illegal option: You must initialize SDK by calling AnalyticsAgent.init() in Application.onCreate()!
09-22 03:12:05.723 W/System.err( 3648): 	at com.meitu.library.analytics.b.a.b(Unknown Source)
09-22 03:12:05.723 W/System.err( 3648): 	at com.meitu.library.analytics.a.b(Unknown Source)
09-22 03:12:05.723 W/System.err( 3648): 	at com.meitu.app.MTXXApplication.onCreate(Unknown Source)
09-22 03:12:05.723 W/System.err( 3648): 	at android.app.Instrumentation.callApplicationOnCreate(Instrumentation.java:1012)
09-22 03:12:05.724 W/System.err( 3648): 	at android.app.ActivityThread.handleBindApplication(ActivityThread.java:4553)
09-22 03:12:05.724 W/System.err( 3648): 	at android.app.ActivityThread.access$1500(ActivityThread.java:151)
09-22 03:12:05.724 W/System.err( 3648): 	at android.app.ActivityThread$H.handleMessage(ActivityThread.java:1364)
09-22 03:12:05.724 W/System.err( 3648): 	at android.os.Handler.dispatchMessage(Handler.java:102)
09-22 03:12:05.724 W/System.err( 3648): 	at android.os.Looper.loop(Looper.java:135)
09-22 03:12:05.724 W/System.err( 3648): 	at android.app.ActivityThread.main(ActivityThread.java:5254)
09-22 03:12:05.724 W/System.err( 3648): 	at java.lang.reflect.Method.invoke(Native Method)
09-22 03:12:05.724 W/System.err( 3648): 	at java.lang.reflect.Method.invoke(Method.java:372)
09-22 03:12:05.724 W/System.err( 3648): 	at com.android.internal.os.ZygoteInit$MethodAndArgsCaller.run(ZygoteInit.java:903)
09-22 03:12:05.724 W/System.err( 3648): 	at com.android.internal.os.ZygoteInit.main(ZygoteInit.java:698)
09-22 03:12:05.740 W/ActivityManager( 2035): getRunningAppProcesses: caller 10078 does not hold REAL_GET_TASKS; limiting output
09-22 03:12:05.741 W/ActivityManager( 2035): getRunningAppProcesses: caller 10078 does not hold REAL_GET_TASKS; limiting output
09-22 03:12:05.744 E/Vold    ( 1734): Failed to find mounted volume for /storage/usb0/Android/data/com.taobao.taobao/files/atlas-debug/
09-22 03:12:05.745 W/ContextImpl( 3697): Failed to ensure directory: /storage/usb0/Android/data/com.taobao.taobao/files/atlas-debug
09-22 03:12:05.745 D/houdini ( 3648): [3648] Added shared library /data/app/com.mt.mtxx.mtxx-1/lib/arm/libmttypes.so for ClassLoader by Native Bridge.
09-22 03:12:05.746 E/Vold    ( 1734): Failed to find mounted volume for /storage/usb1/Android/data/com.taobao.taobao/files/atlas-debug/
09-22 03:12:05.747 D/lier    ( 3648): JNI_OnLoad libmtmakeup.so attach to system!
09-22 03:12:05.748 W/ContextImpl( 3697): Failed to ensure directory: /storage/usb1/Android/data/com.taobao.taobao/files/atlas-debug
09-22 03:12:05.749 E/Vold    ( 1734): Failed to find mounted volume for /storage/usb2/Android/data/com.taobao.taobao/files/atlas-debug/
09-22 03:12:05.750 W/ContextImpl( 3697): Failed to ensure directory: /storage/usb2/Android/data/com.taobao.taobao/files/atlas-debug
09-22 03:12:05.751 E/Vold    ( 1734): Failed to find mounted volume for /storage/usb3/Android/data/com.taobao.taobao/files/atlas-debug/
09-22 03:12:05.752 W/ContextImpl( 3697): Failed to ensure directory: /storage/usb3/Android/data/com.taobao.taobao/files/atlas-debug
09-22 03:12:05.754 E/Vold    ( 1734): Failed to find mounted volume for /storage/sdcard1/Android/data/com.taobao.taobao/files/atlas-debug/
09-22 03:12:05.754 W/ContextImpl( 3697): Failed to ensure directory: /storage/sdcard1/Android/data/com.taobao.taobao/files/atlas-debug
09-22 03:12:05.755 W/ActivityManager( 2035): getRunningAppProcesses: caller 10078 does not hold REAL_GET_TASKS; limiting output
09-22 03:12:05.756 D/houdini ( 3648): [3648] Added shared library /data/app/com.mt.mtxx.mtxx-1/lib/arm/libeffect_core.so for ClassLoader by Native Bridge.
09-22 03:12:05.757 D/lier    ( 3648): JNI_OnLoad libeffect_core.so attach to system!
09-22 03:12:05.766 I/lier    ( 3648): Native Version: 1.1.3[ce60f95]
09-22 03:12:05.767 E/Vold    ( 1734): Failed to find mounted volume for /storage/usb0/Android/data/com.taobao.taobao/files/tnetlogs/
09-22 03:12:05.767 W/ContextImpl( 3510): Failed to ensure directory: /storage/usb0/Android/data/com.taobao.taobao/files/tnetlogs
09-22 03:12:05.768 E/Vold    ( 1734): Failed to find mounted volume for /storage/usb1/Android/data/com.taobao.taobao/files/tnetlogs/
09-22 03:12:05.768 W/ContextImpl( 3510): Failed to ensure directory: /storage/usb1/Android/data/com.taobao.taobao/files/tnetlogs
09-22 03:12:05.769 W/System.err( 3648): java.lang.ClassNotFoundException: Didn't find class "com.mt.mtxx.mtxx.BuildConfig" on path: DexPathList[[zip file "/data/app/com.mt.mtxx.mtxx-1/base.apk"],nativeLibraryDirectories=[/data/app/com.mt.mtxx.mtxx-1/lib/arm, /vendor/lib, /system/lib]]
09-22 03:12:05.769 E/Vold    ( 1734): Failed to find mounted volume for /storage/usb2/Android/data/com.taobao.taobao/files/tnetlogs/
09-22 03:12:05.769 W/System.err( 3648): 	at dalvik.system.BaseDexClassLoader.findClass(BaseDexClassLoader.java:56)
09-22 03:12:05.770 W/System.err( 3648): 	at java.lang.ClassLoader.loadClass(ClassLoader.java:511)
09-22 03:12:05.770 W/System.err( 3648): 	at java.lang.ClassLoader.loadClass(ClassLoader.java:469)
09-22 03:12:05.770 W/System.err( 3648): 	at com.meitu.core.JNIConfig.nCheckDebug(Native Method)
09-22 03:12:05.770 W/System.err( 3648): 	at com.meitu.core.JNIConfig.ndkInit(Unknown Source)
09-22 03:12:05.770 W/System.err( 3648): 	at com.meitu.app.MTXXApplication.onCreate(Unknown Source)
09-22 03:12:05.770 W/System.err( 3648): 	at android.app.Instrumentation.callApplicationOnCreate(Instrumentation.java:1012)
09-22 03:12:05.770 W/System.err( 3648): 	at android.app.ActivityThread.handleBindApplication(ActivityThread.java:4553)
09-22 03:12:05.770 W/System.err( 3648): 	at android.app.ActivityThread.access$1500(ActivityThread.java:151)
09-22 03:12:05.770 W/System.err( 3648): 	at android.app.ActivityThread$H.handleMessage(ActivityThread.java:1364)
09-22 03:12:05.770 W/System.err( 3648): 	at android.os.Handler.dispatchMessage(Handler.java:102)
09-22 03:12:05.770 W/System.err( 3648): 	at android.os.Looper.loop(Looper.java:135)
09-22 03:12:05.770 W/System.err( 3648): 	at android.app.ActivityThread.main(ActivityThread.java:5254)
09-22 03:12:05.770 W/System.err( 3648): 	at java.lang.reflect.Method.invoke(Native Method)
09-22 03:12:05.770 W/System.err( 3648): 	at java.lang.reflect.Method.invoke(Method.java:372)
09-22 03:12:05.770 W/System.err( 3648): 	at com.android.internal.os.ZygoteInit$MethodAndArgsCaller.run(ZygoteInit.java:903)
09-22 03:12:05.770 W/System.err( 3648): 	at com.android.internal.os.ZygoteInit.main(ZygoteInit.java:698)
09-22 03:12:05.770 W/System.err( 3648): 	Suppressed: java.lang.ClassNotFoundException: com.mt.mtxx.mtxx.BuildConfig
09-22 03:12:05.770 W/System.err( 3648): 		at java.lang.Class.classForName(Native Method)
09-22 03:12:05.770 W/System.err( 3648): 		at java.lang.BootClassLoader.findClass(ClassLoader.java:781)
09-22 03:12:05.770 W/System.err( 3648): 		at java.lang.BootClassLoader.loadClass(ClassLoader.java:841)
09-22 03:12:05.770 W/System.err( 3648): 		at java.lang.ClassLoader.loadClass(ClassLoader.java:504)
09-22 03:12:05.770 W/System.err( 3648): 		... 15 more
09-22 03:12:05.770 W/System.err( 3648): 	Caused by: java.lang.NoClassDefFoundError: Class not found using the boot class loader; no stack available
09-22 03:12:05.776 W/ContextImpl( 3510): Failed to ensure directory: /storage/usb2/Android/data/com.taobao.taobao/files/tnetlogs
09-22 03:12:05.778 E/Vold    ( 1734): Failed to find mounted volume for /storage/usb3/Android/data/com.taobao.taobao/files/tnetlogs/
09-22 03:12:05.779 W/ContextImpl( 3510): Failed to ensure directory: /storage/usb3/Android/data/com.taobao.taobao/files/tnetlogs
09-22 03:12:05.781 E/Vold    ( 1734): Failed to find mounted volume for /storage/sdcard1/Android/data/com.taobao.taobao/files/tnetlogs/
09-22 03:12:05.781 W/ContextImpl( 3510): Failed to ensure directory: /storage/sdcard1/Android/data/com.taobao.taobao/files/tnetlogs
09-22 03:12:05.795 D/houdini ( 3648): [3648] Added shared library /data/app/com.mt.mtxx.mtxx-1/lib/arm/libmtcrashhandler.so for ClassLoader by Native Bridge.
09-22 03:12:05.832 D/AppMonitor:Native( 3697): JNI_OnLoad version: 0
09-22 03:12:05.833 W/ActivityManager( 2035): getRunningAppProcesses: caller 10078 does not hold REAL_GET_TASKS; limiting output
09-22 03:12:05.833 W/ActivityManager( 2035): getRunningAppProcesses: caller 10078 does not hold REAL_GET_TASKS; limiting output
09-22 03:12:05.835 D/PatchManager( 3697): PatchManager.init(ver=5.8.0)
09-22 03:12:05.836 W/ActivityManager( 2035): getRunningAppProcesses: caller 10078 does not hold REAL_GET_TASKS; limiting output
09-22 03:12:05.836 W/ActivityManager( 2035): getRunningAppProcesses: caller 10078 does not hold REAL_GET_TASKS; limiting output
09-22 03:12:05.904 D/WifiService( 2035): New client listening to asynchronous messages
09-22 03:12:06.009 W/ActivityManager( 2035): getRunningAppProcesses: caller 10078 does not hold REAL_GET_TASKS; limiting output
09-22 03:12:06.032 W/BackupManagerService( 2035): dataChanged but no participant pkg='com.android.providers.settings' uid=10078
09-22 03:12:06.064 W/linker  ( 3764): [vdso]: unused DT entry: type 0x6ffffef5 arg 0x160
09-22 03:12:06.067 I/ActivityManager( 2035): Waited long enough for: ServiceRecord{11981074 u0 com.kingsoft.moffice_pro/cn.wps.moffice.service.MOfficeSyncService}
09-22 03:12:06.093 I/ActivityManager( 2035): Waited long enough for: ServiceRecord{7a899d u0 com.kingsoft.moffice_pro/com.xiaomi.push.service.XMPushService}
09-22 03:12:06.116 W/ActivityManager( 2035): getRunningAppProcesses: caller 10078 does not hold REAL_GET_TASKS; limiting output
09-22 03:12:06.119 W/ActivityManager( 2035): getRunningAppProcesses: caller 10078 does not hold REAL_GET_TASKS; limiting output
09-22 03:12:06.268 W/ActivityManager( 2035): getRunningAppProcesses: caller 10078 does not hold REAL_GET_TASKS; limiting output
09-22 03:12:06.304 W/ActivityManager( 2035): getRunningAppProcesses: caller 10078 does not hold REAL_GET_TASKS; limiting output
09-22 03:12:06.308 E/Vold    ( 1734): Failed to find mounted volume for /storage/usb0/Android/data/com.taobao.taobao/files/
09-22 03:12:06.308 W/ContextImpl( 3697): Failed to ensure directory: /storage/usb0/Android/data/com.taobao.taobao/files
09-22 03:12:06.309 E/Vold    ( 1734): Failed to find mounted volume for /storage/usb1/Android/data/com.taobao.taobao/files/
09-22 03:12:06.310 W/ContextImpl( 3697): Failed to ensure directory: /storage/usb1/Android/data/com.taobao.taobao/files
09-22 03:12:06.310 E/Vold    ( 1734): Failed to find mounted volume for /storage/usb2/Android/data/com.taobao.taobao/files/
09-22 03:12:06.311 W/ContextImpl( 3697): Failed to ensure directory: /storage/usb2/Android/data/com.taobao.taobao/files
09-22 03:12:06.311 E/Vold    ( 1734): Failed to find mounted volume for /storage/usb3/Android/data/com.taobao.taobao/files/
09-22 03:12:06.312 W/ContextImpl( 3697): Failed to ensure directory: /storage/usb3/Android/data/com.taobao.taobao/files
09-22 03:12:06.312 E/Vold    ( 1734): Failed to find mounted volume for /storage/sdcard1/Android/data/com.taobao.taobao/files/
09-22 03:12:06.313 W/ContextImpl( 3697): Failed to ensure directory: /storage/sdcard1/Android/data/com.taobao.taobao/files
09-22 03:12:06.401 W/ActivityManager( 2035): getRunningAppProcesses: caller 10078 does not hold REAL_GET_TASKS; limiting output
09-22 03:12:06.407 I/WebViewFactory( 3697): Loading com.android.webview version 39 (eng.-x86_64) (code 399998)
09-22 03:12:06.411 I/LibraryLoader( 3697): Time to load native libraries: 1 ms (timestamps 2278-2279)
09-22 03:12:06.411 I/LibraryLoader( 3697): Expected native library version number "",actual native library version number ""
09-22 03:12:06.412 W/art     ( 3697): Attempt to remove local handle scope entry from IRT, ignoring
09-22 03:12:06.643 W/BackupManagerService( 2035): dataChanged but no participant pkg='com.android.providers.settings' uid=10078
09-22 03:12:07.067 W/linker  ( 3816): [vdso]: unused DT entry: type 0x6ffffef5 arg 0x160
09-22 03:12:07.170 W/ActivityManager( 2035): getRunningAppProcesses: caller 10078 does not hold REAL_GET_TASKS; limiting output
09-22 03:12:07.172 W/ActivityManager( 2035): getRunningAppProcesses: caller 10078 does not hold REAL_GET_TASKS; limiting output
09-22 03:12:07.189 E/art     ( 3697): No implementation found for void c8.Zwi.setLogLevel(int) (tried Java_c8_Zwi_setLogLevel and Java_c8_Zwi_setLogLevel__I)
09-22 03:12:07.199 E/Vold    ( 1734): Failed to find mounted volume for /storage/usb0/Android/data/com.taobao.taobao/files/
09-22 03:12:07.200 W/ContextImpl( 3697): Failed to ensure directory: /storage/usb0/Android/data/com.taobao.taobao/files
09-22 03:12:07.202 E/Vold    ( 1734): Failed to find mounted volume for /storage/usb1/Android/data/com.taobao.taobao/files/
09-22 03:12:07.202 W/ContextImpl( 3697): Failed to ensure directory: /storage/usb1/Android/data/com.taobao.taobao/files
09-22 03:12:07.203 E/Vold    ( 1734): Failed to find mounted volume for /storage/usb2/Android/data/com.taobao.taobao/files/
09-22 03:12:07.203 W/ContextImpl( 3697): Failed to ensure directory: /storage/usb2/Android/data/com.taobao.taobao/files
09-22 03:12:07.204 E/Vold    ( 1734): Failed to find mounted volume for /storage/usb3/Android/data/com.taobao.taobao/files/
09-22 03:12:07.204 W/ContextImpl( 3697): Failed to ensure directory: /storage/usb3/Android/data/com.taobao.taobao/files
09-22 03:12:07.204 W/linker  ( 3819): [vdso]: unused DT entry: type 0x6ffffef5 arg 0x160
09-22 03:12:07.205 E/Vold    ( 1734): Failed to find mounted volume for /storage/sdcard1/Android/data/com.taobao.taobao/files/
09-22 03:12:07.205 W/ContextImpl( 3697): Failed to ensure directory: /storage/sdcard1/Android/data/com.taobao.taobao/files
09-22 03:12:07.206 I/System  ( 3697): Failed to destroy process 3819
09-22 03:12:07.206 E/Vold    ( 1734): Failed to find mounted volume for /storage/usb0/Android/data/com.taobao.taobao/files/
09-22 03:12:07.206 W/ContextImpl( 3697): Failed to ensure directory: /storage/usb0/Android/data/com.taobao.taobao/files
09-22 03:12:07.207 E/Vold    ( 1734): Failed to find mounted volume for /storage/usb1/Android/data/com.taobao.taobao/files/
09-22 03:12:07.207 I/System  ( 3697): android.system.ErrnoException: kill failed: ESRCH (No such process)
09-22 03:12:07.207 I/System  ( 3697): 	at libcore.io.Posix.kill(Native Method)
09-22 03:12:07.207 I/System  ( 3697): 	at libcore.io.ForwardingOs.kill(ForwardingOs.java:101)
09-22 03:12:07.207 I/System  ( 3697): 	at java.lang.ProcessManager$ProcessImpl.destroy(ProcessManager.java:260)
09-22 03:12:07.207 I/System  ( 3697): 	at c8.rnf.b(Taobao:96)
09-22 03:12:07.207 I/System  ( 3697): 	at c8.rnf.a(Taobao:59)
09-22 03:12:07.207 I/System  ( 3697): 	at c8.rnf.isDeviceSupport(Taobao:132)
09-22 03:12:07.207 I/System  ( 3697): 	at c8.Nsk.isSupportPatch(Taobao:203)
09-22 03:12:07.207 I/System  ( 3697): 	at c8.Tsk.startHotPatch(Taobao:215)
09-22 03:12:07.207 I/System  ( 3697): 	at c8.QCh.initHotpatch(Taobao:306)
09-22 03:12:07.207 I/System  ( 3697): 	at java.lang.reflect.Method.invoke(Native Method)
09-22 03:12:07.207 I/System  ( 3697): 	at java.lang.reflect.Method.invoke(Method.java:372)
09-22 03:12:07.207 I/System  ( 3697): 	at c8.KSd._1invoke(Taobao)
09-22 03:12:07.207 I/System  ( 3697): 	at c8.KSd.invokeInitializer(Taobao:341)
09-22 03:12:07.207 I/System  ( 3697): 	at c8.RSd.run(Taobao:193)
09-22 03:12:07.207 I/System  ( 3697): 	at c8.sge.runWithTiming(Taobao:166)
09-22 03:12:07.207 I/System  ( 3697): 	at c8.sge.runTask(Taobao:135)
09-22 03:12:07.207 I/System  ( 3697): 	at c8.QSd.run(Taobao:192)
09-22 03:12:07.207 I/System  ( 3697): 	at c8.sge.runWithTiming(Taobao:166)
09-22 03:12:07.207 I/System  ( 3697): 	at c8.qge.a(Taobao:328)
09-22 03:12:07.207 I/System  ( 3697): 	at c8.qge.doInBackground(Taobao:313)
09-22 03:12:07.207 I/System  ( 3697): 	at c8.uge.call(Taobao:69)
09-22 03:12:07.207 I/System  ( 3697): 	at java.util.concurrent.FutureTask.run(FutureTask.java:237)
09-22 03:12:07.207 I/System  ( 3697): 	at c8.Cge.run(Taobao:18)
09-22 03:12:07.207 I/System  ( 3697): 	at java.util.concurrent.ThreadPoolExecutor.runWorker(ThreadPoolExecutor.java:1112)
09-22 03:12:07.207 I/System  ( 3697): 	at java.util.concurrent.ThreadPoolExecutor$Worker.run(ThreadPoolExecutor.java:587)
09-22 03:12:07.207 I/System  ( 3697): 	at java.lang.Thread.run(Thread.java:818)
09-22 03:12:07.208 W/ContextImpl( 3697): Failed to ensure directory: /storage/usb1/Android/data/com.taobao.taobao/files
09-22 03:12:07.209 D/AVFSAdapterManager( 3697): setDBFacroty class c8.jLc 
09-22 03:12:07.209 D/AVFSAdapterManager( 3697): setCacheMonitor class c8.hLc 
09-22 03:12:07.210 E/Vold    ( 1734): Failed to find mounted volume for /storage/usb2/Android/data/com.taobao.taobao/files/
09-22 03:12:07.212 W/ContextImpl( 3697): Failed to ensure directory: /storage/usb2/Android/data/com.taobao.taobao/files
09-22 03:12:07.214 E/Vold    ( 1734): Failed to find mounted volume for /storage/usb3/Android/data/com.taobao.taobao/files/
09-22 03:12:07.215 W/ContextImpl( 3697): Failed to ensure directory: /storage/usb3/Android/data/com.taobao.taobao/files
09-22 03:12:07.216 E/Vold    ( 1734): Failed to find mounted volume for /storage/sdcard1/Android/data/com.taobao.taobao/files/
09-22 03:12:07.216 W/ContextImpl( 3697): Failed to ensure directory: /storage/sdcard1/Android/data/com.taobao.taobao/files
09-22 03:12:07.222 E/TaobaoApm( 3697): TaobaoApm init start
09-22 03:12:07.222 E/TaobaoApm( 3697): mPackageType : 1, mPublishType : 1
09-22 03:12:07.225 W/System.err( 3697): ErrorCode = 508
09-22 03:12:07.225 W/System.err( 3697): com.alibaba.wireless.security.open.SecException: 
09-22 03:12:07.225 W/System.err( 3697): 	at c8.GMk.doCommandNative(Native Method)
09-22 03:12:07.225 W/System.err( 3697): 	at c8.rwb.doCommandNative(Unknown Source)
09-22 03:12:07.225 W/System.err( 3697): 	at c8.Qvb.a(Unknown Source)
09-22 03:12:07.225 W/System.err( 3697): 	at c8.Qvb.getStringDDpEx(Unknown Source)
09-22 03:12:07.225 W/System.err( 3697): 	at c8.BMk.getStringDDpEx(Unknown Source)
09-22 03:12:07.225 W/System.err( 3697): 	at c8.ueg.getSecureSessionFromDisk(Taobao:417)
09-22 03:12:07.225 W/System.err( 3697): 	at c8.seg.initMemoryData(Taobao:267)
09-22 03:12:07.225 W/System.err( 3697): 	at c8.seg.access$300(Taobao:56)
09-22 03:12:07.225 W/System.err( 3697): 	at c8.veg.run(Taobao:153)
09-22 03:12:07.228 W/ActivityManager( 2035): getRunningAppProcesses: caller 10078 does not hold REAL_GET_TASKS; limiting output
09-22 03:12:07.231 W/ActivityManager( 2035): getRunningAppProcesses: caller 10078 does not hold REAL_GET_TASKS; limiting output
09-22 03:12:07.233 W/System.err( 3697): ErrorCode = 508
09-22 03:12:07.233 W/System.err( 3697): com.alibaba.wireless.security.open.SecException: 
09-22 03:12:07.233 W/System.err( 3697): 	at c8.GMk.doCommandNative(Native Method)
09-22 03:12:07.233 W/System.err( 3697): 	at c8.rwb.doCommandNative(Unknown Source)
09-22 03:12:07.233 W/System.err( 3697): 	at c8.Qvb.a(Unknown Source)
09-22 03:12:07.233 W/System.err( 3697): 	at c8.Qvb.removeStringDDpEx(Unknown Source)
09-22 03:12:07.233 W/System.err( 3697): 	at c8.BMk.removeStringDDpEx(Unknown Source)
09-22 03:12:07.233 W/System.err( 3697): 	at c8.ueg.removeSecureSession(Taobao:240)
09-22 03:12:07.233 W/System.err( 3697): 	at c8.seg.initMemoryData(Taobao:286)
09-22 03:12:07.233 W/System.err( 3697): 	at c8.seg.access$300(Taobao:56)
09-22 03:12:07.233 W/System.err( 3697): 	at c8.veg.run(Taobao:153)
09-22 03:12:07.239 I/ActivityManager( 2035): Start proc 3835:com.taobao.apad:notify/u0a79 for broadcast com.taobao.apad/com.taobao.agoo.RegistrationReceiver
09-22 03:12:07.248 I/MultiDex( 3835): VM with version 2.1.0 has multidex support
09-22 03:12:07.248 I/MultiDex( 3835): install
09-22 03:12:07.248 I/MultiDex( 3835): VM has multidex support, MultiDex support library is disabled.
09-22 03:12:07.249 W/ActivityManager( 2035): getRunningAppProcesses: caller 10079 does not hold REAL_GET_TASKS; limiting output
09-22 03:12:07.251 W/ActivityManager( 2035): getRunningAppProcesses: caller 10078 does not hold REAL_GET_TASKS; limiting output
09-22 03:12:07.254 W/ActivityManager( 2035): getRunningAppProcesses: caller 10078 does not hold REAL_GET_TASKS; limiting output
09-22 03:12:07.281 I/ActivityManager( 2035): Waited long enough for: ServiceRecord{183ce409 u0 cn.wps.moffice_eng/cn.wps.moffice.service.MOfficeSyncService}
09-22 03:12:07.312 I/ActivityManager( 2035): Waited long enough for: ServiceRecord{75e060e u0 cn.wps.moffice_eng/com.xiaomi.push.service.XMPushService}
09-22 03:12:07.399 W/ActivityManager( 2035): getRunningAppProcesses: caller 10078 does not hold REAL_GET_TASKS; limiting output
09-22 03:12:07.446 D/BaseIntentService( 3835): BaseIntentService onHandleIntent begin...
09-22 03:12:07.472 I/ActivityManager( 2035): Start proc 3858:com.taobao.apad:push/u0a79 for broadcast com.taobao.apad/com.taobao.agoo.SystemReceiver
09-22 03:12:07.499 I/MultiDex( 3858): VM with version 2.1.0 has multidex support
09-22 03:12:07.500 I/MultiDex( 3858): install
09-22 03:12:07.500 I/MultiDex( 3858): VM has multidex support, MultiDex support library is disabled.
09-22 03:12:07.504 W/ActivityManager( 2035): getRunningAppProcesses: caller 10079 does not hold REAL_GET_TASKS; limiting output
09-22 03:12:07.560 D/houdini ( 3877): [3877] Initialize library(version: 5.2.2_y.47738 RELEASE)... successfully.
09-22 03:12:07.561 I/ActivityManager( 2035): Start proc 3877:com.tencent.qqlive:services/u0a80 for broadcast com.tencent.qqlive/com.huawei.android.pushagent.PushBootReceiver
09-22 03:12:07.626 D/AVFSCacheManager( 3697): loadAllCaches 
09-22 03:12:07.627 E/Vold    ( 1734): Failed to find mounted volume for /storage/usb0/Android/data/com.taobao.taobao/files/AVFSStorage/
09-22 03:12:07.627 W/ContextImpl( 3697): Failed to ensure directory: /storage/usb0/Android/data/com.taobao.taobao/files/AVFSStorage
09-22 03:12:07.627 E/Vold    ( 1734): Failed to find mounted volume for /storage/usb1/Android/data/com.taobao.taobao/files/AVFSStorage/
09-22 03:12:07.628 W/ContextImpl( 3697): Failed to ensure directory: /storage/usb1/Android/data/com.taobao.taobao/files/AVFSStorage
09-22 03:12:07.628 W/ActivityManager( 2035): getRunningAppProcesses: caller 10078 does not hold REAL_GET_TASKS; limiting output
09-22 03:12:07.628 E/Vold    ( 1734): Failed to find mounted volume for /storage/usb2/Android/data/com.taobao.taobao/files/AVFSStorage/
09-22 03:12:07.628 W/ContextImpl( 3697): Failed to ensure directory: /storage/usb2/Android/data/com.taobao.taobao/files/AVFSStorage
09-22 03:12:07.629 E/Vold    ( 1734): Failed to find mounted volume for /storage/usb3/Android/data/com.taobao.taobao/files/AVFSStorage/
09-22 03:12:07.629 W/ContextImpl( 3697): Failed to ensure directory: /storage/usb3/Android/data/com.taobao.taobao/files/AVFSStorage
09-22 03:12:07.629 E/Library ( 3697):  No file found for library phxcore in following pathes: [/data/app/com.taobao.taobao-1/lib/x86, /data/data/com.taobao.taobao/files, /system/lib, /vendor/lib]
09-22 03:12:07.629 E/Vold    ( 1734): Failed to find mounted volume for /storage/sdcard1/Android/data/com.taobao.taobao/files/AVFSStorage/
09-22 03:12:07.629 W/ContextImpl( 3697): Failed to ensure directory: /storage/sdcard1/Android/data/com.taobao.taobao/files/AVFSStorage
09-22 03:12:07.630 E/Library ( 3697):  No file found for library phxwebp in following pathes: [/data/app/com.taobao.taobao-1/lib/x86, /data/data/com.taobao.taobao/files, /system/lib, /vendor/lib]
09-22 03:12:07.630 W/ActivityManager( 2035): getRunningAppProcesses: caller 10078 does not hold REAL_GET_TASKS; limiting output
09-22 03:12:07.632 E/Vold    ( 1734): Failed to find mounted volume for /storage/usb0/Android/data/com.taobao.taobao/files/tnetlogs/
09-22 03:12:07.632 W/ContextImpl( 3697): Failed to ensure directory: /storage/usb0/Android/data/com.taobao.taobao/files/tnetlogs
09-22 03:12:07.632 E/Vold    ( 1734): Failed to find mounted volume for /storage/usb1/Android/data/com.taobao.taobao/files/tnetlogs/
09-22 03:12:07.633 W/ContextImpl( 3697): Failed to ensure directory: /storage/usb1/Android/data/com.taobao.taobao/files/tnetlogs
09-22 03:12:07.633 E/Vold    ( 1734): Failed to find mounted volume for /storage/usb2/Android/data/com.taobao.taobao/files/tnetlogs/
09-22 03:12:07.633 W/ContextImpl( 3697): Failed to ensure directory: /storage/usb2/Android/data/com.taobao.taobao/files/tnetlogs
09-22 03:12:07.634 E/Vold    ( 1734): Failed to find mounted volume for /storage/usb3/Android/data/com.taobao.taobao/files/tnetlogs/
09-22 03:12:07.634 W/ContextImpl( 3697): Failed to ensure directory: /storage/usb3/Android/data/com.taobao.taobao/files/tnetlogs
09-22 03:12:07.634 E/Vold    ( 1734): Failed to find mounted volume for /storage/sdcard1/Android/data/com.taobao.taobao/files/tnetlogs/
09-22 03:12:07.634 W/ContextImpl( 3697): Failed to ensure directory: /storage/sdcard1/Android/data/com.taobao.taobao/files/tnetlogs
09-22 03:12:07.640 E/Vold    ( 1734): Failed to find mounted volume for /storage/usb0/Android/data/com.taobao.taobao/cache/
09-22 03:12:07.640 W/ContextImpl( 3697): Failed to ensure directory: /storage/usb0/Android/data/com.taobao.taobao/cache
09-22 03:12:07.640 E/Vold    ( 1734): Failed to find mounted volume for /storage/usb1/Android/data/com.taobao.taobao/cache/
09-22 03:12:07.640 W/ContextImpl( 3697): Failed to ensure directory: /storage/usb1/Android/data/com.taobao.taobao/cache
09-22 03:12:07.641 E/Vold    ( 1734): Failed to find mounted volume for /storage/usb2/Android/data/com.taobao.taobao/cache/
09-22 03:12:07.641 W/ContextImpl( 3697): Failed to ensure directory: /storage/usb2/Android/data/com.taobao.taobao/cache
09-22 03:12:07.641 E/Vold    ( 1734): Failed to find mounted volume for /storage/usb3/Android/data/com.taobao.taobao/cache/
09-22 03:12:07.641 W/ContextImpl( 3697): Failed to ensure directory: /storage/usb3/Android/data/com.taobao.taobao/cache
09-22 03:12:07.641 E/Vold    ( 1734): Failed to find mounted volume for /storage/sdcard1/Android/data/com.taobao.taobao/cache/
09-22 03:12:07.641 W/ContextImpl( 3697): Failed to ensure directory: /storage/sdcard1/Android/data/com.taobao.taobao/cache
09-22 03:12:07.658 D/AVFSCacheManager( 3697): getModuleConfigs 
09-22 03:12:07.658 D/AVFSCacheManager( 3697): setCacheConfigListener 
09-22 03:12:07.660 D/AVFSCacheManager( 3697): registerCacheListener 
09-22 03:12:07.663 E/Vold    ( 1734): Failed to find mounted volume for /storage/usb0/Android/data/com.taobao.taobao/files/
09-22 03:12:07.663 W/ContextImpl( 3697): Failed to ensure directory: /storage/usb0/Android/data/com.taobao.taobao/files
09-22 03:12:07.663 E/Vold    ( 1734): Failed to find mounted volume for /storage/usb1/Android/data/com.taobao.taobao/files/
09-22 03:12:07.663 W/ContextImpl( 3697): Failed to ensure directory: /storage/usb1/Android/data/com.taobao.taobao/files
09-22 03:12:07.663 E/Vold    ( 1734): Failed to find mounted volume for /storage/usb2/Android/data/com.taobao.taobao/files/
09-22 03:12:07.663 W/ContextImpl( 3697): Failed to ensure directory: /storage/usb2/Android/data/com.taobao.taobao/files
09-22 03:12:07.663 E/Vold    ( 1734): Failed to find mounted volume for /storage/usb3/Android/data/com.taobao.taobao/files/
09-22 03:12:07.664 W/ContextImpl( 3697): Failed to ensure directory: /storage/usb3/Android/data/com.taobao.taobao/files
09-22 03:12:07.664 E/Vold    ( 1734): Failed to find mounted volume for /storage/sdcard1/Android/data/com.taobao.taobao/files/
09-22 03:12:07.664 W/ContextImpl( 3697): Failed to ensure directory: /storage/sdcard1/Android/data/com.taobao.taobao/files
09-22 03:12:07.720 E/Vold    ( 1734): Failed to find mounted volume for /storage/usb0/Android/data/com.taobao.taobao/cache/
09-22 03:12:07.720 W/ContextImpl( 3697): Failed to ensure directory: /storage/usb0/Android/data/com.taobao.taobao/cache
09-22 03:12:07.721 E/Vold    ( 1734): Failed to find mounted volume for /storage/usb1/Android/data/com.taobao.taobao/cache/
09-22 03:12:07.721 W/ContextImpl( 3697): Failed to ensure directory: /storage/usb1/Android/data/com.taobao.taobao/cache
09-22 03:12:07.722 E/Vold    ( 1734): Failed to find mounted volume for /storage/usb2/Android/data/com.taobao.taobao/cache/
09-22 03:12:07.722 W/ContextImpl( 3697): Failed to ensure directory: /storage/usb2/Android/data/com.taobao.taobao/cache
09-22 03:12:07.723 E/Vold    ( 1734): Failed to find mounted volume for /storage/usb3/Android/data/com.taobao.taobao/cache/
09-22 03:12:07.723 W/ContextImpl( 3697): Failed to ensure directory: /storage/usb3/Android/data/com.taobao.taobao/cache
09-22 03:12:07.724 E/Vold    ( 1734): Failed to find mounted volume for /storage/sdcard1/Android/data/com.taobao.taobao/cache/
09-22 03:12:07.724 W/ContextImpl( 3697): Failed to ensure directory: /storage/sdcard1/Android/data/com.taobao.taobao/cache
09-22 03:12:07.743 E/Vold    ( 1734): Failed to find mounted volume for /storage/usb0/Android/data/com.taobao.taobao/files/
09-22 03:12:07.744 W/ContextImpl( 3697): Failed to ensure directory: /storage/usb0/Android/data/com.taobao.taobao/files
09-22 03:12:07.744 E/Vold    ( 1734): Failed to find mounted volume for /storage/usb1/Android/data/com.taobao.taobao/files/
09-22 03:12:07.745 W/ContextImpl( 3697): Failed to ensure directory: /storage/usb1/Android/data/com.taobao.taobao/files
09-22 03:12:07.745 E/Vold    ( 1734): Failed to find mounted volume for /storage/usb2/Android/data/com.taobao.taobao/files/
09-22 03:12:07.746 W/ContextImpl( 3697): Failed to ensure directory: /storage/usb2/Android/data/com.taobao.taobao/files
09-22 03:12:07.746 E/Vold    ( 1734): Failed to find mounted volume for /storage/usb3/Android/data/com.taobao.taobao/files/
09-22 03:12:07.747 W/ContextImpl( 3697): Failed to ensure directory: /storage/usb3/Android/data/com.taobao.taobao/files
09-22 03:12:07.747 E/Vold    ( 1734): Failed to find mounted volume for /storage/sdcard1/Android/data/com.taobao.taobao/files/
09-22 03:12:07.748 W/ContextImpl( 3697): Failed to ensure directory: /storage/sdcard1/Android/data/com.taobao.taobao/files
09-22 03:12:07.759 E/Vold    ( 1734): Failed to find mounted volume for /storage/usb0/Android/data/com.taobao.taobao/files/
09-22 03:12:07.759 W/ContextImpl( 3697): Failed to ensure directory: /storage/usb0/Android/data/com.taobao.taobao/files
09-22 03:12:07.760 E/Vold    ( 1734): Failed to find mounted volume for /storage/usb1/Android/data/com.taobao.taobao/files/
09-22 03:12:07.760 W/ContextImpl( 3697): Failed to ensure directory: /storage/usb1/Android/data/com.taobao.taobao/files
09-22 03:12:07.761 E/Vold    ( 1734): Failed to find mounted volume for /storage/usb2/Android/data/com.taobao.taobao/files/
09-22 03:12:07.761 W/ContextImpl( 3697): Failed to ensure directory: /storage/usb2/Android/data/com.taobao.taobao/files
09-22 03:12:07.762 E/Vold    ( 1734): Failed to find mounted volume for /storage/usb3/Android/data/com.taobao.taobao/files/
09-22 03:12:07.762 W/ContextImpl( 3697): Failed to ensure directory: /storage/usb3/Android/data/com.taobao.taobao/files
09-22 03:12:07.763 E/Vold    ( 1734): Failed to find mounted volume for /storage/sdcard1/Android/data/com.taobao.taobao/files/
09-22 03:12:07.763 W/ContextImpl( 3697): Failed to ensure directory: /storage/sdcard1/Android/data/com.taobao.taobao/files
09-22 03:12:07.764 E/Vold    ( 1734): Failed to find mounted volume for /storage/usb0/Android/data/com.taobao.taobao/files/
